10-26 19:50:14.454     0     0 I SELinux : Permission checkpoint_restore in class capability2 not defined in policy.
10-26 19:50:14.456     0     0 I SELinux : Permission bpf in class cap2_userns not defined in policy.
10-26 19:50:14.458     0     0 I SELinux : Permission checkpoint_restore in class cap2_userns not defined in policy.
10-26 19:50:14.460     0     0 I SELinux : Class mctp_socket not defined in policy.
10-26 19:50:14.462     0     0 I SELinux : Class user_namespace not defined in policy.
10-26 19:50:14.464     0     0 I SELinux : the above unknown classes and permissions will be denied
10-26 19:50:14.488     0     0 I SELinux : policy capability network_peer_controls=1
10-26 19:50:14.490     0     0 I SELinux : policy capability open_perms=1
10-26 19:50:14.492     0     0 I SELinux : policy capability extended_socket_class=1
10-26 19:50:14.494     0     0 I SELinux : policy capability always_check_network=0
10-26 19:50:14.496     0     0 I SELinux : policy capability cgroup_seclabel=0
10-26 19:50:14.497     0     0 I SELinux : policy capability nnp_nosuid_transition=1
10-26 19:50:14.499     0     0 I SELinux : policy capability genfs_seclabel_symlinks=0
10-26 19:50:14.500     0     0 I SELinux : policy capability ioctl_skip_cloexec=0
10-26 19:50:14.621   160   160 W auditd  : type=1403 audit(0.0:2): auid=4294967295 ses=4294967295 lsm=selinux res=1
10-26 19:50:14.618     0     0 I selinux : SELinux: Loaded file context from:
10-26 19:50:14.620     0     0 I selinux : /system/etc/selinux/plat_file_contexts
10-26 19:50:14.621     0     0 I selinux : /system_ext/etc/selinux/system_ext_file_contexts
10-26 19:50:14.625     0     0 I selinux : /vendor/etc/selinux/vendor_file_contexts
10-26 19:50:14.627     0     0 E selinux : SELinux:  Could not stat /dev/selinux: No such file or directory.
10-26 19:50:14.657   160   160 W auditd  : type=1404 audit(0.0:3): enforcing=1 old_enforcing=0 auid=4294967295 ses=4294967295 enabled=1 old-enabled=1 lsm=selinux res=1
10-26 19:50:14.675     0     0 I init    : init second stage started!
10-26 19:50:14.697     0     0 I selinux : SELinux: Loaded file context from:
10-26 19:50:14.699     0     0 I selinux : /system/etc/selinux/plat_file_contexts
10-26 19:50:14.700     0     0 I selinux : /system_ext/etc/selinux/system_ext_file_contexts
10-26 19:50:14.702     0     0 I selinux : /vendor/etc/selinux/vendor_file_contexts
10-26 19:50:14.715     0     0 I init    : Using Android DT directory /proc/device-tree/firmware/android/
10-26 19:50:14.725     0     0 W init    : Overriding previous property 'ro.control_privapp_permissions':'disable' with new value 'enforce'
10-26 19:50:14.736     0     0 W init    : Overriding previous property 'ro.config.notification_sound':'OnTheHunt.ogg' with new value 'pixiedust.ogg'
10-26 19:50:14.741     0     0 I init    : Setting product property ro.product.brand to 'google' (from ro.product.product.brand)
10-26 19:50:14.743     0     0 I init    : Setting product property ro.product.device to 'emu64xa' (from ro.product.product.device)
10-26 19:50:14.746     0     0 I init    : Setting product property ro.product.manufacturer to 'Google' (from ro.product.product.manufacturer)
10-26 19:50:14.749     0     0 I init    : Setting product property ro.product.model to 'sdk_gphone64_x86_64' (from ro.product.product.model)
10-26 19:50:14.752     0     0 I init    : Setting product property ro.product.name to 'sdk_gphone64_x86_64' (from ro.product.product.name)
10-26 19:50:14.754     0     0 I init    : Setting property 'ro.build.fingerprint' to 'google/sdk_gphone64_x86_64/emu64xa:14/UE1A.230829.050/12077443:userdebug/dev-keys'
10-26 19:50:14.758     0     0 I init    : Setting property 'ro.product.cpu.abilist' to 'x86_64,arm64-v8a'
10-26 19:50:14.759     0     0 I init    : Setting property 'ro.product.cpu.abilist32' to ''
10-26 19:50:14.762     0     0 I init    : Setting property 'ro.product.cpu.abilist64' to 'x86_64,arm64-v8a'
10-26 19:50:14.766     0     0 I selinux : SELinux: Loaded file context from:
10-26 19:50:14.768     0     0 I selinux : /system/etc/selinux/plat_file_contexts
10-26 19:50:14.769     0     0 I selinux : /system_ext/etc/selinux/system_ext_file_contexts
10-26 19:50:14.771     0     0 I selinux : /vendor/etc/selinux/vendor_file_contexts
10-26 19:50:14.772     0     0 I init    : Running restorecon...
10-26 19:50:14.783     0     0 I init    : Created socket '/dev/socket/property_service', mode 666, user 0, group 0
10-26 19:50:14.791     0     0 I init    : SetupMountNamespaces done
10-26 19:50:14.795     0     0 I init    : Forked subcontext for 'u:r:vendor_init:s0' with pid 96
10-26 19:50:14.801     0     0 I init    : Parsing file /system/etc/init/hw/init.rc...
10-26 19:50:14.807     0     0 I init    : Added '/init.environ.rc' to import list
10-26 19:50:14.809     0     0 I init    : Added '/system/etc/init/hw/init.usb.rc' to import list
10-26 19:50:14.812     0     0 I init    : Added '/init.ranchu.rc' to import list
10-26 19:50:14.814     0     0 I init    : Added '/vendor/etc/init/hw/init.ranchu.rc' to import list
10-26 19:50:14.816     0     0 I init    : Added '/system/etc/init/hw/init.usb.configfs.rc' to import list
10-26 19:50:14.818     0     0 I init    : Added '/system/etc/init/hw/init.zygote64.rc' to import list
10-26 19:50:14.823     0     0 I init    : Parsing file /init.environ.rc...
10-26 19:50:14.826     0     0 I init    : Parsing file /system/etc/init/hw/init.usb.rc...
10-26 19:50:14.830     0     0 I init    : Parsing file /init.ranchu.rc...
10-26 19:50:14.832     0     0 I init    : Unable to read config file '/init.ranchu.rc': open() failed: No such file or directory
10-26 19:50:14.837     0     0 I init    : Parsing file /vendor/etc/init/hw/init.ranchu.rc...
10-26 19:50:14.842     0     0 I init    : Parsing file /system/etc/init/hw/init.usb.configfs.rc...
10-26 19:50:14.845     0     0 I init    : Parsing file /system/etc/init/hw/init.zygote64.rc...
10-26 19:50:14.848     0     0 I init    : Parsing directory /system/etc/init...
10-26 19:50:14.849     0     0 I init    : Parsing file /system/etc/init/android.hidl.allocator@1.0-service.rc...
10-26 19:50:14.853     0     0 I init    : Parsing file /system/etc/init/android.system.suspend-service.rc...
10-26 19:50:14.856     0     0 I init    : Parsing file /system/etc/init/apexd.rc...
10-26 19:50:14.859     0     0 I init    : Parsing file /system/etc/init/atrace.rc...
10-26 19:50:14.863     0     0 I init    : Parsing file /system/etc/init/atrace_userdebug.rc...
10-26 19:50:14.865     0     0 I init    : Parsing file /system/etc/init/audioserver.rc...
10-26 19:50:14.868     0     0 I init    : Parsing file /system/etc/init/blank_screen.rc...
10-26 19:50:14.871     0     0 I init    : Parsing file /system/etc/init/bootanim.rc...
10-26 19:50:14.873     0     0 I init    : Parsing file /system/etc/init/bootstat-debug.rc...
10-26 19:50:14.876     0     0 I init    : Parsing file /system/etc/init/bootstat.rc...
10-26 19:50:14.878     0     0 I init    : Parsing file /system/etc/init/bpfloader.rc...
10-26 19:50:14.881     0     0 I init    : Parsing file /system/etc/init/cameraserver.rc...
10-26 19:50:14.883     0     0 I init    : Parsing file /system/etc/init/clean_scratch_files.rc...
10-26 19:50:14.886     0     0 I init    : Parsing file /system/etc/init/cppreopts.rc...
10-26 19:50:14.888     0     0 I init    : Parsing file /system/etc/init/credstore.rc...
10-26 19:50:14.890     0     0 I init    : Parsing file /system/etc/init/dmesgd.rc...
10-26 19:50:14.893     0     0 I init    : Parsing file /system/etc/init/drmserver.rc...
10-26 19:50:14.896     0     0 I init    : Parsing file /system/etc/init/dumpstate.rc...
10-26 19:50:14.899     0     0 I init    : Parsing file /system/etc/init/flags_health_check.rc...
10-26 19:50:14.902     0     0 I init    : Parsing file /system/etc/init/gatekeeperd.rc...
10-26 19:50:14.905     0     0 I init    : Parsing file /system/etc/init/gpuservice.rc...
10-26 19:50:14.908     0     0 I init    : Parsing file /system/etc/init/gsid.rc...
10-26 19:50:14.910     0     0 I init    : Parsing file /system/etc/init/heapprofd.rc...
10-26 19:50:14.913     0     0 I init    : Parsing file /system/etc/init/hwservicemanager.rc...
10-26 19:50:14.915     0     0 I init    : Parsing file /system/etc/init/idmap2d.rc...
10-26 19:50:14.918     0     0 I init    : Parsing file /system/etc/init/incidentd.rc...
10-26 19:50:14.921     0     0 I init    : Parsing file /system/etc/init/init-debug.rc...
10-26 19:50:14.924     0     0 I init    : Parsing file /system/etc/init/installd.rc...
10-26 19:50:14.927     0     0 I init    : Parsing file /system/etc/init/keystore2.rc...
10-26 19:50:14.930     0     0 I init    : Parsing file /system/etc/init/llkd-debuggable.rc...
10-26 19:50:14.933     0     0 I init    : Parsing file /system/etc/init/llkd.rc...
10-26 19:50:14.936     0     0 I init    : Parsing file /system/etc/init/lmkd.rc...
10-26 19:50:14.939     0     0 I init    : Parsing file /system/etc/init/logcatd.rc...
10-26 19:50:14.941     0     0 I init    : Parsing file /system/etc/init/logd.rc...
10-26 19:50:14.944     0     0 I init    : Parsing file /system/etc/init/logtagd.rc...
10-26 19:50:14.947     0     0 I init    : Parsing file /system/etc/init/lpdumpd.rc...
10-26 19:50:14.949     0     0 I init    : Parsing file /system/etc/init/mdnsd.rc...
10-26 19:50:14.952     0     0 I init    : Parsing file /system/etc/init/mediaextractor.rc...
10-26 19:50:14.954     0     0 I init    : Parsing file /system/etc/init/mediametrics.rc...
10-26 19:50:14.957     0     0 I init    : Parsing file /system/etc/init/mediaserver.rc...
10-26 19:50:14.959     0     0 I init    : Parsing file /system/etc/init/mtectrl.rc...
10-26 19:50:14.962     0     0 I init    : Parsing file /system/etc/init/mtpd.rc...
10-26 19:50:14.965     0     0 I init    : Parsing file /system/etc/init/ndk_translation.rc...
10-26 19:50:14.969     0     0 I init    : Parsing file /system/etc/init/netd.rc...
10-26 19:50:14.971     0     0 I init    : Parsing file /system/etc/init/odsign.rc...
10-26 19:50:14.974     0     0 I init    : Parsing file /system/etc/init/otapreopt.rc...
10-26 19:50:14.976     0     0 I init    : Parsing file /system/etc/init/perfetto.rc...
10-26 19:50:14.979     0     0 I init    : Parsing file /system/etc/init/prng_seeder.rc...
10-26 19:50:14.999     0     0 I init    : Parsing file /system/etc/init/profcollectd.rc...
10-26 19:50:15.002     0     0 I init    : Parsing file /system/etc/init/racoon.rc...
10-26 19:50:15.005     0     0 I init    : Parsing file /system/etc/init/recovery-persist.rc...
10-26 19:50:15.007     0     0 I init    : Parsing file /system/etc/init/recovery-refresh.rc...
10-26 19:50:15.010     0     0 I init    : Parsing file /system/etc/init/rss_hwm_reset.rc...
10-26 19:50:15.012     0     0 I init    : Parsing file /system/etc/init/servicemanager.rc...
10-26 19:50:15.015     0     0 I init    : Parsing file /system/etc/init/simpleperf.rc...
10-26 19:50:15.017     0     0 I init    : Parsing file /system/etc/init/snapuserd.rc...
10-26 19:50:15.020     0     0 I init    : Parsing file /system/etc/init/storaged.rc...
10-26 19:50:15.022     0     0 I init    : Parsing file /system/etc/init/surfaceflinger.rc...
10-26 19:50:15.025     0     0 I init    : Parsing file /system/etc/init/tombstoned.rc...
10-26 19:50:15.028     0     0 I init    : Parsing file /system/etc/init/traced_perf.rc...
10-26 19:50:15.030     0     0 I init    : Parsing file /system/etc/init/uncrypt.rc...
10-26 19:50:15.033     0     0 I init    : Parsing file /system/etc/init/update_engine.rc...
10-26 19:50:15.035     0     0 I init    : Parsing file /system/etc/init/update_verifier.rc...
10-26 19:50:15.038     0     0 I init    : Parsing file /system/etc/init/usbd.rc...
10-26 19:50:15.040     0     0 I init    : Parsing file /system/etc/init/vold.rc...
10-26 19:50:15.043     0     0 I init    : Parsing file /system/etc/init/wifi.rc...
10-26 19:50:15.046     0     0 I init    : Parsing file /system/etc/init/wificond.rc...
10-26 19:50:15.048     0     0 I init    : Parsing directory /system_ext/etc/init...
10-26 19:50:15.050     0     0 I init    : Parsing file /system_ext/etc/init/init.system_ext.rc...
10-26 19:50:15.053     0     0 I init    : Parsing directory /vendor/etc/init...
10-26 19:50:15.054     0     0 I init    : Parsing file /vendor/etc/init/android.hardware.atrace@1.0-service.rc...
10-26 19:50:15.058     0     0 I init    : Parsing file /vendor/etc/init/android.hardware.audio.service.rc...
10-26 19:50:15.061     0     0 I init    : Parsing file /vendor/etc/init/android.hardware.authsecret-service.example.rc...
10-26 19:50:15.064     0     0 I init    : Parsing file /vendor/etc/init/android.hardware.biometrics.fingerprint-service.ranchu.rc...
10-26 19:50:15.068     0     0 I init    : Parsing file /vendor/etc/init/android.hardware.camera.provider.ranchu.rc...
10-26 19:50:15.071     0     0 I init    : Parsing file /vendor/etc/init/android.hardware.camera.provider@2.7-service-google.rc...
10-26 19:50:15.075     0     0 I init    : Parsing file /vendor/etc/init/android.hardware.drm-service-lazy.clearkey.rc...
10-26 19:50:15.078     0     0 I init    : Parsing file /vendor/etc/init/android.hardware.gatekeeper@1.0-service.software.rc...
10-26 19:50:15.081     0     0 I init    : Parsing file /vendor/etc/init/android.hardware.gnss-service.ranchu.rc...
10-26 19:50:15.084     0     0 I init    : Parsing file /vendor/etc/init/android.hardware.graphics.allocator@3.0-service.ranchu.rc...
10-26 19:50:15.087     0     0 I init    : Parsing file /vendor/etc/init/android.hardware.health-service.example.rc...
10-26 19:50:15.091     0     0 I init    : Parsing file /vendor/etc/init/android.hardware.media.c2@1.0-service-goldfish.rc...
10-26 19:50:15.094     0     0 I init    : Parsing file /vendor/etc/init/android.hardware.neuralnetworks-service-sample-all.rc...
10-26 19:50:15.098     0     0 I init    : Parsing file /vendor/etc/init/android.hardware.neuralnetworks-service-sample-limited.rc...
10-26 19:50:15.101     0     0 I init    : Parsing file /vendor/etc/init/android.hardware.neuralnetworks-shim-service-sample.rc...
10-26 19:50:15.104     0     0 I init    : Parsing file /vendor/etc/init/android.hardware.security.keymint-service.rc...
10-26 19:50:15.107     0     0 I init    : Parsing file /vendor/etc/init/android.hardware.sensors-service-multihal.rc...
10-26 19:50:15.110     0     0 I init    : Parsing file /vendor/etc/init/android.hardware.thermal@2.0-service.rc...
10-26 19:50:15.114     0     0 I init    : Parsing file /vendor/etc/init/android.hardware.usb-service.example.rc...
10-26 19:50:15.116     0     0 I init    : Parsing file /vendor/etc/init/android.hardware.wifi-service.rc...
10-26 19:50:15.119     0     0 I init    : Parsing file /vendor/etc/init/bluetooth-service-default.rc...
10-26 19:50:15.122     0     0 I init    : Parsing file /vendor/etc/init/boringssl_self_test.rc...
10-26 19:50:15.125     0     0 I init    : Parsing file /vendor/etc/init/cas-default.rc...
10-26 19:50:15.127     0     0 I init    : Parsing file /vendor/etc/init/contexthub-default.rc...
10-26 19:50:15.130     0     0 I init    : Parsing file /vendor/etc/init/dumpstate-default.rc...
10-26 19:50:15.134     0     0 I init    : Parsing file /vendor/etc/init/face-default.rc...
10-26 19:50:15.136     0     0 I init    : Parsing file /vendor/etc/init/health-storage-default.rc...
10-26 19:50:15.139     0     0 I init    : Parsing file /vendor/etc/init/hostapd.android.rc...
10-26 19:50:15.142     0     0 I init    : Parsing file /vendor/etc/init/hwc3.rc...
10-26 19:50:15.144     0     0 I init    : Parsing file /vendor/etc/init/identity-default.rc...
10-26 19:50:15.147     0     0 I init    : Parsing file /vendor/etc/init/lights-default.rc...
10-26 19:50:15.149     0     0 I init    : Parsing file /vendor/etc/init/power-default.rc...
10-26 19:50:15.152     0     0 I init    : Parsing file /vendor/etc/init/power.stats-default.rc...
10-26 19:50:15.155     0     0 I init    : Parsing file /vendor/etc/init/rebootescrow-default.rc...
10-26 19:50:15.157     0     0 I init    : Parsing file /vendor/etc/init/rild_goldfish.rc...
10-26 19:50:15.160     0     0 I init    : Parsing file /vendor/etc/init/vibrator-default.rc...
10-26 19:50:15.162     0     0 I init    : Parsing file /odm/etc/init...
10-26 19:50:15.164     0     0 I init    : Unable to read config file '/odm/etc/init': open() failed: No such file or directory
10-26 19:50:15.166     0     0 I init    : Parsing file /product/etc/init...
10-26 19:50:15.167     0     0 I init    : Unable to read config file '/product/etc/init': open() failed: No such file or directory
10-26 19:50:15.171     0     0 I init    : processing action (SetupCgroups) from (<Builtin Action>:0)
10-26 19:50:15.247     0     0 I init    : Command 'SetupCgroups' action=SetupCgroups (<Builtin Action>:0) took 74ms and succeeded
10-26 19:50:15.267     0     0 I init    : processing action (SetKptrRestrict) from (<Builtin Action>:0)
10-26 19:50:15.269     0     0 I init    : processing action (TestPerfEventSelinux) from (<Builtin Action>:0)
10-26 19:50:15.272     0     0 I init    : processing action (ConnectEarlyStageSnapuserd) from (<Builtin Action>:0)
10-26 19:50:15.275     0     0 I init    : processing action (early-init) from (/system/etc/init/hw/init.rc:15)
10-26 19:50:15.318     0     0 I init    : Command 'mkdir /acct/uid' action=early-init (/system/etc/init/hw/init.rc:30) took 1ms and failed: mkdir() failed on /acct/uid: Read-only file system
10-26 19:50:15.326     0     0 I init    : starting service 'ueventd'...
10-26 19:50:15.397     0     0 I init    : ... started service 'ueventd' has pid 97
10-26 19:50:15.399     0     0 I init    : Command 'start ueventd' action=early-init (/system/etc/init/hw/init.rc:71) took 72ms and succeeded
10-26 19:50:15.403     0     0 I init    : starting service 'apexd-bootstrap'...
10-26 19:50:15.415     0     0 I init    : ... started service 'apexd-bootstrap' has pid 99
10-26 19:50:15.417     0     0 I init    : SVC_EXEC service 'apexd-bootstrap' pid 99 (uid 0 gid 1000+0 context default) started; waiting...
10-26 19:50:15.427     0     0 I ueventd : ueventd started!
10-26 19:50:15.444     0     0 I selinux : SELinux: Loaded file context from:
10-26 19:50:15.446     0     0 I selinux : /system/etc/selinux/plat_file_contexts
10-26 19:50:15.448     0     0 I selinux : /system_ext/etc/selinux/system_ext_file_contexts
10-26 19:50:15.452     0     0 I selinux : /vendor/etc/selinux/vendor_file_contexts
10-26 19:50:15.455     0     0 I ueventd : Parsing file /system/etc/ueventd.rc...
10-26 19:50:15.458     0     0 I ueventd : Added '/vendor/etc/ueventd.rc' to import list
10-26 19:50:15.460     0     0 I ueventd : Added '/odm/etc/ueventd.rc' to import list
10-26 19:50:15.462     0     0 I ueventd : Parsing file /vendor/etc/ueventd.rc...
10-26 19:50:15.465     0     0 I ueventd : Parsing file /odm/etc/ueventd.rc...
10-26 19:50:15.467     0     0 I ueventd : Unable to read config file '/odm/etc/ueventd.rc': open() failed: No such file or directory
10-26 19:50:15.563     0     0 I apexd   : Bootstrap subcommand detected
10-26 19:50:15.572     0     0 E cutils-trace: Error opening trace file: No such file or directory (2)
10-26 19:50:15.580     0     0 I apexd-bootstrap: Scanning /system/apex for pre-installed ApexFiles
10-26 19:50:15.580     0     0 I         : ueventd (100) used greatest stack depth: 13040 bytes left
10-26 19:50:15.584     0     0 I apexd-bootstrap: Found pre-installed APEX /system/apex/com.android.vndk.current.apex
10-26 19:50:15.600     0     0 I apexd-bootstrap: Found pre-installed APEX /system/apex/com.google.android.scheduling.apex
10-26 19:50:15.610     0     0 I apexd-bootstrap: Found pre-installed APEX /system/apex/com.google.android.resolv.apex
10-26 19:50:15.619     0     0 I apexd-bootstrap: Found pre-installed APEX /system/apex/com.google.mainline.primary.libs.apex
10-26 19:50:15.620     0     0 I ueventd : Coldboot took 0.148 seconds
10-26 19:50:15.635     0     0 I apexd-bootstrap: Found pre-installed APEX /system/apex/com.android.virt.apex
10-26 19:50:15.643     0     0 I apexd-bootstrap: Found pre-installed APEX /system/apex/com.google.android.neuralnetworks.apex
10-26 19:50:15.652     0     0 I apexd-bootstrap: Found pre-installed APEX /system/apex/com.google.android.configinfrastructure.apex
10-26 19:50:15.659     0     0 I apexd-bootstrap: Found pre-installed APEX /system/apex/com.android.i18n.apex
10-26 19:50:15.667     0     0 I apexd-bootstrap: Found pre-installed APEX /system/apex/com.google.android.wifi.apex
10-26 19:50:15.675     0     0 I apexd-bootstrap: Found pre-installed APEX /system/apex/com.google.android.tzdata5.apex
10-26 19:50:15.683     0     0 I apexd-bootstrap: Found pre-installed APEX /system/apex/com.google.android.os.statsd.apex
10-26 19:50:15.691     0     0 I apexd-bootstrap: Found pre-installed APEX /system/apex/com.google.android.extservices.apex
10-26 19:50:15.698     0     0 I apexd-bootstrap: Found pre-installed APEX /system/apex/com.google.android.permission.apex
10-26 19:50:15.704     0     0 I apexd-bootstrap: Found pre-installed APEX /system/apex/com.android.apex.cts.shim.apex
10-26 19:50:15.710     0     0 I apexd-bootstrap: Found pre-installed APEX /system/apex/com.google.android.appsearch.apex
10-26 19:50:15.717     0     0 I apexd-bootstrap: Found pre-installed APEX /system/apex/com.google.android.rkpd.apex
10-26 19:50:15.723     0     0 I apexd-bootstrap: Found pre-installed APEX /system/apex/com.google.android.adservices.apex
10-26 19:50:15.729     0     0 I apexd-bootstrap: Found pre-installed APEX /system/apex/com.google.android.uwb.apex
10-26 19:50:15.737     0     0 I apexd-bootstrap: Found pre-installed APEX /system/apex/com.google.android.sdkext.apex
10-26 19:50:15.744     0     0 I apexd-bootstrap: Found pre-installed APEX /system/apex/com.google.android.adbd.apex
10-26 19:50:15.751     0     0 I apexd-bootstrap: Found pre-installed APEX /system/apex/com.google.android.tethering.apex
10-26 19:50:15.758     0     0 I apexd-bootstrap: Found pre-installed APEX /system/apex/com.google.android.ondevicepersonalization.apex
10-26 19:50:15.767     0     0 I apexd-bootstrap: Found pre-installed APEX /system/apex/com.google.android.ipsec.apex
10-26 19:50:15.776     0     0 I apexd-bootstrap: Found pre-installed APEX /system/apex/com.google.android.conscrypt.apex
10-26 19:50:15.782     0     0 I apexd-bootstrap: Found pre-installed APEX /system/apex/com.android.runtime.apex
10-26 19:50:15.789     0     0 I apexd-bootstrap: Found pre-installed APEX /system/apex/com.google.android.media.swcodec.apex
10-26 19:50:15.796     0     0 I apexd-bootstrap: Found pre-installed APEX /system/apex/com.google.android.devicelock.apex
10-26 19:50:15.802     0     0 I apexd-bootstrap: Found pre-installed APEX /system/apex/com.google.android.btservices.apex
10-26 19:50:15.813     0     0 I apexd-bootstrap: Found pre-installed APEX /system/apex/com.google.android.art.apex
10-26 19:50:15.819     0     0 I apexd-bootstrap: Found pre-installed APEX /system/apex/com.google.android.mediaprovider.apex
10-26 19:50:15.827     0     0 I apexd-bootstrap: Found pre-installed APEX /system/apex/com.google.android.healthfitness.apex
10-26 19:50:15.834     0     0 I apexd-bootstrap: Found pre-installed APEX /system/apex/com.google.android.cellbroadcast.apex
10-26 19:50:15.843     0     0 I apexd-bootstrap: Found pre-installed APEX /system/apex/com.google.android.media.apex
10-26 19:50:15.850     0     0 I apexd-bootstrap: Scanning /system_ext/apex for pre-installed ApexFiles
10-26 19:50:15.853     0     0 W apexd-bootstrap: /system_ext/apex does not exist. Skipping
10-26 19:50:15.855     0     0 I apexd-bootstrap: Scanning /product/apex for pre-installed ApexFiles
10-26 19:50:15.856     0     0 W apexd-bootstrap: /product/apex does not exist. Skipping
10-26 19:50:15.859     0     0 I apexd-bootstrap: Scanning /vendor/apex for pre-installed ApexFiles
10-26 19:50:15.862     0     0 I apexd-bootstrap: Found pre-installed APEX /vendor/apex/com.google.android.widevine.nonupdatable.apex
10-26 19:50:15.870     0     0 I apexd-bootstrap: Found bootstrap APEX /system/apex/com.android.runtime.apex
10-26 19:50:15.872     0     0 I apexd-bootstrap: Found bootstrap APEX /system/apex/com.android.vndk.current.apex
10-26 19:50:15.875     0     0 I apexd-bootstrap: Found bootstrap APEX /system/apex/com.google.android.tzdata5.apex
10-26 19:50:15.877     0     0 I apexd-bootstrap: Found bootstrap APEX /system/apex/com.android.i18n.apex
10-26 19:50:15.879     0     0 I apexd-bootstrap: Found sharedlibs APEX /system/apex/com.google.mainline.primary.libs.apex
10-26 19:50:15.881     0     0 I apexd-bootstrap: Need to pre-allocate 39 loop devices for 34 APEX packages
10-26 19:50:15.883     0     0 I apexd-bootstrap: No block apex metadata partition found, not adding block apexes
10-26 19:50:15.931     0     0 I apexd-bootstrap: Found 16 idle loopback devices that were pre-allocated by kernel. Allocated 23 more.
10-26 19:50:15.990     0     0 I loop0   : detected capacity change from 0 to 8944
10-26 19:50:15.993     0     0 I loop1   : detected capacity change from 0 to 52360
10-26 19:50:15.999     0     0 I loop2   : detected capacity change from 0 to 1616
10-26 19:50:16.005     0     0 I loop3   : detected capacity change from 0 to 71872
10-26 19:50:16.009     0     0 I EXT4-fs (loop0): mounted filesystem without journal. Quota mode: none.
10-26 19:50:16.012     0     0 I EXT4-fs (loop2): mounted filesystem without journal. Quota mode: none.
10-26 19:50:16.015     0     0 I apexd-bootstrap: Successfully mounted package /system/apex/com.android.runtime.apex on /apex/com.android.runtime@1 duration=27
10-26 19:50:16.015     0     0 I apexd-bootstrap: Successfully mounted package /system/apex/com.google.android.tzdata5.apex on /apex/com.android.tzdata@340818040 duration=25
10-26 19:50:16.022     0     0 I EXT4-fs (loop1): mounted filesystem without journal. Quota mode: none.
10-26 19:50:16.027     0     0 I apexd-bootstrap: Successfully mounted package /system/apex/com.android.vndk.current.apex on /apex/com.android.vndk.v34@1 duration=37
10-26 19:50:16.031     0     0 I EXT4-fs (loop3): mounted filesystem without journal. Quota mode: none.
10-26 19:50:16.032     0     0 I         : apexd (141) used greatest stack depth: 12552 bytes left
10-26 19:50:16.035     0     0 I apexd-bootstrap: Successfully mounted package /system/apex/com.android.i18n.apex on /apex/com.android.i18n@1 duration=45
10-26 19:50:16.044     0     0 I apexd-bootstrap: Activated 4 packages.
10-26 19:50:16.051     0     0 I apexd-bootstrap: OnBootstrap done, duration=471
10-26 19:50:16.054     0     0 I         : apexd (99) used greatest stack depth: 11816 bytes left
10-26 19:50:16.054     0     0 I init    : Service 'apexd-bootstrap' (pid 99) exited with status 0 waiting took 0.644000 seconds
10-26 19:50:16.058     0     0 I init    : Sending signal 9 to service 'apexd-bootstrap' (pid 99) process group...
10-26 19:50:16.061     0     0 I libprocessgroup: Successfully killed process cgroup uid 0 pid 99 in 0ms
10-26 19:50:16.196     0     0 I init    : linkerconfig generated /linkerconfig with mounted APEX modules info
10-26 19:50:16.198     0     0 I init    : Command 'update_linker_config' action=early-init (/system/etc/init/hw/init.rc:79) took 134ms and succeeded
10-26 19:50:16.203     0     0 I init    : processing action (early-init) from (/init.environ.rc:2)
10-26 19:50:16.205     0     0 I init    : processing action (early-init) from (/vendor/etc/init/hw/init.ranchu.rc:11)
10-26 19:50:16.209     0     0 I init    : Command 'setprop ro.config.low_ram ${ro.boot.config.low_ram}' action=early-init (/vendor/etc/init/hw/init.ranchu.rc:15) took 0ms and failed: property 'ro.boot.config.low_ram' doesn't exist while expanding '${ro.boot.config.low_ram}'
10-26 19:50:16.219     0     0 I init    : Command 'setprop dalvik.vm.checkjni ${ro.boot.dalvik.vm.checkjni}' action=early-init (/vendor/etc/init/hw/init.ranchu.rc:20) took 0ms and failed: property 'ro.boot.dalvik.vm.checkjni' doesn't exist while expanding '${ro.boot.dalvik.vm.checkjni}'
10-26 19:50:16.227     0     0 I init    : Command 'setprop debug.stagefright.ccodec ${ro.boot.debug.stagefright.ccodec}' action=early-init (/vendor/etc/init/hw/init.ranchu.rc:22) took 0ms and failed: property 'ro.boot.debug.stagefright.ccodec' doesn't exist while expanding '${ro.boot.debug.stagefright.ccodec}'
10-26 19:50:16.237     0     0 I init    : starting service 'vendor.dlkm_loader'...
10-26 19:50:16.280     0     0 I init    : ... started service 'vendor.dlkm_loader' has pid 148
10-26 19:50:16.284     0     0 I init    : starting service 'exec 1 (/system/bin/modprobe -a -d /system/lib/modules zram.ko)'...
10-26 19:50:16.298     0     0 I init    : ... started service 'exec 1 (/system/bin/modprobe -a -d /system/lib/modules zram.ko)' has pid 149
10-26 19:50:16.302     0     0 I init    : SVC_EXEC service 'exec 1 (/system/bin/modprobe -a -d /system/lib/modules zram.ko)' pid 149 (uid 0 gid 0+0 context u:r:modprobe:s0) started; waiting...
10-26 19:50:16.313     0     0 I dlkm_loader: dlkm loader successfully initialized
10-26 19:50:16.337     0     0 I dlkm_loader: Loading module /system/lib/modules/rfkill.ko with args ''
10-26 19:50:16.350     0     0 I dlkm_loader: Loaded kernel module /system/lib/modules/rfkill.ko
10-26 19:50:16.351     0     0 I zram    : Added device: zram0
10-26 19:50:16.353     0     0 I dlkm_loader: Loading module /system/lib/modules/bluetooth.ko with args ''
10-26 19:50:16.359     0     0 I init    : Service 'exec 1 (/system/bin/modprobe -a -d /system/lib/modules zram.ko)' (pid 149) exited with status 0 waiting took 0.063000 seconds
10-26 19:50:16.363     0     0 I init    : Sending signal 9 to service 'exec 1 (/system/bin/modprobe -a -d /system/lib/modules zram.ko)' (pid 149) process group...
10-26 19:50:16.368     0     0 I libprocessgroup: Successfully killed process cgroup uid 0 pid 149 in 0ms
10-26 19:50:16.371     0     0 I init    : processing action (ro.product.debugfs_restrictions.enabled=true && early-init) from (/system/etc/init/init-debug.rc:10)
10-26 19:50:16.375     0     0 I init    : processing action (ro.enable.native.bridge.exec=1 && early-init) from (/system/etc/init/ndk_translation.rc:2)
10-26 19:50:16.381     0     0 I init    : processing action (early-init) from (/system/etc/init/prng_seeder.rc:5)
10-26 19:50:16.383     0     0 I init    : starting service 'prng_seeder'...
10-26 19:50:16.385     0     0 I init    : Created socket '/dev/socket/prng_seeder', mode 666, user 1092, group 1092
10-26 19:50:16.408     0     0 I Bluetooth: Core ver 2.22
10-26 19:50:16.409     0     0 I NET     : Registered PF_BLUETOOTH protocol family
10-26 19:50:16.411     0     0 I Bluetooth: HCI device and connection manager initialized
10-26 19:50:16.413     0     0 I Bluetooth: HCI socket layer initialized
10-26 19:50:16.414     0     0 I Bluetooth: L2CAP socket layer initialized
10-26 19:50:16.415     0     0 I Bluetooth: SCO socket layer initialized
10-26 19:50:16.417     0     0 I dlkm_loader: Loaded kernel module /system/lib/modules/bluetooth.ko
10-26 19:50:16.419     0     0 I dlkm_loader: Loading module /vendor/lib/modules/btintel.ko with args ''
10-26 19:50:16.425     0     0 I dlkm_loader: Loaded kernel module /vendor/lib/modules/btintel.ko
10-26 19:50:16.428     0     0 I dlkm_loader: Loading module /vendor/lib/modules/btrtl.ko with args ''
10-26 19:50:16.430     0     0 I init    : ... started service 'prng_seeder' has pid 152
10-26 19:50:16.434     0     0 I init    : Command 'start prng_seeder' action=early-init (/system/etc/init/prng_seeder.rc:6) took 51ms and succeeded
10-26 19:50:16.438     0     0 I init    : processing action (ro.product.cpu.abilist64=* && early-init) from (/vendor/etc/init/boringssl_self_test.rc:4)
10-26 19:50:16.442     0     0 I dlkm_loader: Loaded kernel module /vendor/lib/modules/btrtl.ko
10-26 19:50:16.443     0     0 I init    : starting service 'boringssl_self_test64_vendor'...
10-26 19:50:16.446     0     0 I dlkm_loader: Loading module /system/lib/modules/btbcm.ko with args ''
10-26 19:50:16.455     0     0 I dlkm_loader: Loaded kernel module /system/lib/modules/btbcm.ko
10-26 19:50:16.458     0     0 I dlkm_loader: Loading module /vendor/lib/modules/btusb.ko with args ''
10-26 19:50:16.462     0     0 I init    : ... started service 'boringssl_self_test64_vendor' has pid 154
10-26 19:50:16.465     0     0 I init    : SVC_EXEC service 'boringssl_self_test64_vendor' pid 154 (uid 0 gid 0+0 context default) started; waiting...
10-26 19:50:16.471     0     0 I usbcore : registered new interface driver btusb
10-26 19:50:16.474     0     0 I dlkm_loader: Loaded kernel module /vendor/lib/modules/btusb.ko
10-26 19:50:16.477     0     0 I dlkm_loader: Loading module /vendor/lib/modules/dummy-cpufreq.ko with args ''
10-26 19:50:16.491     0     0 I dlkm_loader: Loaded kernel module /vendor/lib/modules/dummy-cpufreq.ko
10-26 19:50:16.497     0     0 I dlkm_loader: Loading module /vendor/lib/modules/dummy_hcd.ko with args ''
10-26 19:50:16.506     0     0 I dummy_hcd.0: USB Host+Gadget Emulator, driver 02 May 2005
10-26 19:50:16.509     0     0 I dummy_hcd.0: Dummy host controller
10-26 19:50:16.512     0     0 I dummy_hcd.0: new USB bus registered, assigned bus number 1
10-26 19:50:16.515     0     0 I usb1    : New USB device found, idVendor=1d6b, idProduct=0002, bcdDevice= 6.01
10-26 19:50:16.518     0     0 I usb1    : New USB device strings: Mfr=3, Product=2, SerialNumber=1
10-26 19:50:16.522     0     0 I usb1    : Product: Dummy host controller
10-26 19:50:16.524     0     0 I usb1    : Manufacturer: Linux 6.1.23-android14-4-00257-g7e35917775b8-ab9964412 dummy_hcd
10-26 19:50:16.525     0     0 I init    : Service 'boringssl_self_test64_vendor' (pid 154) exited with status 0 waiting took 0.071000 seconds
10-26 19:50:16.527     0     0 I usb1    : SerialNumber: dummy_hcd.0
10-26 19:50:16.527     0     0 I hub 1-0 : 1.0: USB hub found
10-26 19:50:16.531     0     0 I init    : Sending signal 9 to service 'boringssl_self_test64_vendor' (pid 154) process group...
10-26 19:50:16.533     0     0 I hub 1-0 : 1.0: 1 port detected
10-26 19:50:16.533     0     0 I dlkm_loader: Loaded kernel module /vendor/lib/modules/dummy_hcd.ko
10-26 19:50:16.541     0     0 I libprocessgroup: Successfully killed process cgroup uid 0 pid 154 in 0ms
10-26 19:50:16.543     0     0 I dlkm_loader: Loading module /vendor/lib/modules/failover.ko with args ''
10-26 19:50:16.548     0     0 I init    : processing action (wait_for_coldboot_done) from (<Builtin Action>:0)
10-26 19:50:16.551     0     0 I init    : start_waiting_for_property("ro.cold_boot_done", "true"): already set
10-26 19:50:16.554     0     0 I init    : processing action (SetMmapRndBits) from (<Builtin Action>:0)
10-26 19:50:16.557     0     0 I init    : processing action (KeychordInit) from (<Builtin Action>:0)
10-26 19:50:16.560     0     0 I dlkm_loader: Loaded kernel module /vendor/lib/modules/failover.ko
10-26 19:50:16.560     0     0 I dlkm_loader: Loading module /vendor/lib/modules/goldfish_address_space.ko with args ''
10-26 19:50:16.564     0     0 W init    : EVIOCSMASK not supported: Invalid argument
10-26 19:50:16.569     0     0 W goldfish_address_space: loading out-of-tree module taints kernel.
10-26 19:50:16.569     0     0 I init    : processing action (init) from (/system/etc/init/hw/init.rc:97)
10-26 19:50:16.575     0     0 I init    : Command 'copy /system/etc/prop.default /dev/urandom' action=init (/system/etc/init/hw/init.rc:102) took 0ms and failed: Could not read input file '/system/etc/prop.default': open() failed: No such file or directory
10-26 19:50:16.590     0     0 I init    : Command 'write /dev/blkio/blkio.weight 1000' action=init (/system/etc/init/hw/init.rc:238) took 0ms and failed: Unable to write to file '/dev/blkio/blkio.weight': open() failed: Permission denied
10-26 19:50:16.599     0     0 I init    : Command 'write /dev/blkio/background/blkio.weight 200' action=init (/system/etc/init/hw/init.rc:239) took 0ms and failed: Unable to write to file '/dev/blkio/background/blkio.weight': open() failed: Permission denied
10-26 19:50:16.606     0     0 I init    : Command 'write /dev/blkio/blkio.group_idle 0' action=init (/system/etc/init/hw/init.rc:241) took 0ms and failed: Unable to write to file '/dev/blkio/blkio.group_idle': open() failed: Permission denied
10-26 19:50:16.612     0     0 I init    : Command 'write /dev/blkio/background/blkio.group_idle 0' action=init (/system/etc/init/hw/init.rc:242) took 0ms and failed: Unable to write to file '/dev/blkio/background/blkio.group_idle': open() failed: Permission denied
10-26 19:50:16.618     0     0 I dlkm_loader: Loaded kernel module /vendor/lib/modules/goldfish_address_space.ko
10-26 19:50:16.619     0     0 I dlkm_loader: Loading module /vendor/lib/modules/goldfish_battery.ko with args ''
10-26 19:50:16.632     0     0 I dlkm_loader: Loaded kernel module /vendor/lib/modules/goldfish_battery.ko
10-26 19:50:16.635     0     0 I dlkm_loader: Loading module /vendor/lib/modules/goldfish_pipe.ko with args ''
10-26 19:50:16.647     0     0 I dlkm_loader: Loaded kernel module /vendor/lib/modules/goldfish_pipe.ko
10-26 19:50:16.650     0     0 I dlkm_loader: Loading module /vendor/lib/modules/goldfish_sync.ko with args ''
10-26 19:50:16.655     0     0 I dlkm_loader: Loaded kernel module /vendor/lib/modules/goldfish_sync.ko
10-26 19:50:16.660     0     0 I dlkm_loader: Loading module /system/lib/modules/can-dev.ko with args ''
10-26 19:50:16.669     0     0 I init    : Command 'write /dev/cpu_variant:${ro.bionic.arch} ${ro.bionic.cpu_variant}' action=init (/system/etc/init/hw/init.rc:453) took 0ms and failed: property 'ro.bionic.cpu_variant' doesn't exist while expanding '${ro.bionic.cpu_variant}'
10-26 19:50:16.669     0     0 I         : CAN device driver interface
10-26 19:50:16.676     0     0 I init    : Command 'write /dev/cpu_variant:${ro.bionic.2nd_arch} ${ro.bionic.2nd_cpu_variant}' action=init (/system/etc/init/hw/init.rc:455) took 0ms and failed: property 'ro.bionic.2nd_arch' doesn't exist while expanding '/dev/cpu_variant:${ro.bionic.2nd_arch}'
10-26 19:50:16.676     0     0 I init    : Command 'chmod 0444 /dev/cpu_variant:${ro.bionic.2nd_arch}' action=init (/system/etc/init/hw/init.rc:456) took 0ms and failed: property 'ro.bionic.2nd_arch' doesn't exist while expanding '/dev/cpu_variant:${ro.bionic.2nd_arch}'
10-26 19:50:16.678     0     0 I init    : starting service 'logd'...
10-26 19:50:16.690     0     0 I dlkm_loader: Loaded kernel module /system/lib/modules/can-dev.ko
10-26 19:50:16.692     0     0 I init    : Created socket '/dev/socket/logd', mode 666, user 1036, group 1036
10-26 19:50:16.694     0     0 I dlkm_loader: Loading module /vendor/lib/modules/gs_usb.ko with args ''
10-26 19:50:16.698     0     0 I init    : Created socket '/dev/socket/logdr', mode 666, user 1036, group 1036
10-26 19:50:16.702     0     0 I init    : Created socket '/dev/socket/logdw', mode 222, user 1036, group 1036
10-26 19:50:16.706     0     0 I usbcore : registered new interface driver gs_usb
10-26 19:50:16.708     0     0 I dlkm_loader: Loaded kernel module /vendor/lib/modules/gs_usb.ko
10-26 19:50:16.711     0     0 I dlkm_loader: Loading module /vendor/lib/modules/hci_vhci.ko with args ''
10-26 19:50:16.718     0     0 I dlkm_loader: Loaded kernel module /vendor/lib/modules/hci_vhci.ko
10-26 19:50:16.721     0     0 I dlkm_loader: Loading module /system/lib/modules/cfg80211.ko with args ''
10-26 19:50:16.744     0     0 I init    : ... started service 'logd' has pid 160
10-26 19:50:16.746     0     0 I init    : Command 'start logd' action=init (/system/etc/init/hw/init.rc:469) took 69ms and succeeded
10-26 19:50:16.751     0     0 I init    : starting service 'lmkd'...
10-26 19:50:16.754     0     0 I init    : Created socket '/dev/socket/lmkd', mode 660, user 1000, group 1000
10-26 19:50:16.775     0     0 I init    : ... started service 'lmkd' has pid 161
10-26 19:50:16.779     0     0 I init    : starting service 'servicemanager'...
10-26 19:50:16.802     0     0 I init    : ... started service 'servicemanager' has pid 162
10-26 19:50:16.806     0     0 I init    : starting service 'hwservicemanager'...
10-26 19:50:16.834     0     0 I init    : ... started service 'hwservicemanager' has pid 164
10-26 19:50:16.838     0     0 I init    : Command 'start vndservicemanager' action=init (/system/etc/init/hw/init.rc:481) took 0ms and failed: service vndservicemanager not found
10-26 19:50:16.846     0     0 I init    : processing action (ro.product.cpu.abilist64=* && init) from (/system/etc/init/hw/init.rc:486)
10-26 19:50:16.851     0     0 I init    : starting service 'boringssl_self_test64'...
10-26 19:50:16.892     0     0 I init    : ... started service 'boringssl_self_test64' has pid 169
10-26 19:50:16.896     0     0 I init    : SVC_EXEC service 'boringssl_self_test64' pid 169 (uid 9999 gid 0+0 context default) started; waiting...
10-26 19:50:16.904     0     0 I servicemanager: Starting sm instance on /dev/binder
10-26 19:50:16.907     0     0 I logd.auditd: start
10-26 19:50:17.052   164   164 I hwservicemanager: getDeviceHalManifest: Reading VINTF information.
10-26 19:50:16.935     0     0 I SELinux : SELinux: Loaded service context from:
10-26 19:50:16.939     0     0 I SELinux : /system/etc/selinux/plat_service_contexts
10-26 19:50:16.946     0     0 I SELinux : /system_ext/etc/selinux/system_ext_service_contexts
10-26 19:50:16.951     0     0 I SELinux : /vendor/etc/selinux/vendor_service_contexts
10-26 19:50:16.955     0     0 I init    : Service 'boringssl_self_test64' (pid 169) exited with status 0 waiting took 0.080000 seconds
10-26 19:50:16.958     0     0 I logd    : Loaded bug_map file: /system_ext/etc/selinux/bug_map
10-26 19:50:16.959     0     0 I init    : Sending signal 9 to service 'boringssl_self_test64' (pid 169) process group...
10-26 19:50:16.966     0     0 I libprocessgroup: Successfully killed process cgroup uid 9999 pid 169 in 0ms
10-26 19:50:16.969     0     0 I logd    : Loaded bug_map file: /vendor/etc/selinux/selinux_denial_metadata
10-26 19:50:16.974     0     0 I init    : processing action (ro.debuggable=1 && init) from (/system/etc/init/hw/init.rc:1315)
10-26 19:50:16.979     0     0 I init    : starting service 'console'...
10-26 19:50:16.982     0     0 I logd    : Loaded bug_map file: /system/etc/selinux/bug_map
10-26 19:50:17.122   164   164 I hwservicemanager: getDeviceHalManifest: Successfully processed VINTF information
10-26 19:50:17.123   164   164 I hwservicemanager: getFrameworkHalManifest: Successfully processed VINTF information
10-26 19:50:17.133   164   164 I hwservicemanager: hwservicemanager is ready now.
10-26 19:50:17.117     0     0 I init    : ... started service 'console' has pid 173
10-26 19:50:17.119     0     0 I init    : Command 'start console' action=ro.debuggable=1 && init (/system/etc/init/hw/init.rc:1316) took 140ms and succeeded
10-26 19:50:17.123     0     0 I init    : processing action (init) from (/system/etc/init/hw/init.usb.rc:27)
10-26 19:50:17.126     0     0 I init    : processing action (init) from (/vendor/etc/init/hw/init.ranchu.rc:29)
10-26 19:50:17.142     0     0 I init    : starting service 'qemu-props'...
10-26 19:50:17.169     0     0 I init    : ... started service 'qemu-props' has pid 176
10-26 19:50:17.172     0     0 I init    : processing action (init) from (/system/etc/init/audioserver.rc:58)
10-26 19:50:17.175     0     0 I init    : processing action (late-init) from (/system/etc/init/hw/init.rc:532)
10-26 19:50:17.180     0     0 I init    : processing action (late-init) from (/system/etc/init/atrace.rc:3)
10-26 19:50:17.211     0     0 I init    : processing action (late-init) from (/vendor/etc/init/android.hardware.atrace@1.0-service.rc:1)
10-26 19:50:17.223     0     0 I init    : processing action (queue_property_triggers) from (<Builtin Action>:0)
10-26 19:50:17.226     0     0 I init    : processing action (early-fs) from (/system/etc/init/hw/init.rc:565)
10-26 19:50:17.272   176   176 I qemu-props: successfully set property 'vendor.qemu.sf.fake_camera' to 'back'
10-26 19:50:17.233     0     0 I init    : starting service 'vold'...
10-26 19:50:17.292   176   176 I qemu-props: successfully set property 'qemu.hw.mainkeys' to '0'
10-26 19:50:17.294   176   176 I qemu-props: successfully set property 'qemu.sf.lcd_density' to '420'
10-26 19:50:17.296   176   176 I qemu-props: successfully set property 'vendor.net.wifi_mac_prefix' to '5554'
10-26 19:50:17.297   176   176 I qemu-props: successfully set property 'vendor.qemu.timezone' to 'Unknown/Unknown'
10-26 19:50:17.298   176   176 W qemu-props: could not open '/sys/class/virtio-ports/vport7p1/name'
10-26 19:50:17.300   176   176 I qemu-props: successfully set property 'vendor.qemu.vport.bluetooth' to '/dev/vport7p2'
10-26 19:50:17.300   176   176 W qemu-props: could not open '/sys/class/virtio-ports/vport7p0/name'
10-26 19:50:17.301   176   176 I qemu-props: successfully set property 'vendor.qemu.vport.modem' to '/dev/vport8p1'
10-26 19:50:17.265     0     0 I init    : ... started service 'vold' has pid 177
10-26 19:50:17.268     0     0 I init    : processing action (early-fs) from (/vendor/etc/init/hw/init.ranchu.rc:1)
10-26 19:50:17.272     0     0 I init    : service 'vold' requested start, but it is already running (flags: 2052)
10-26 19:50:17.275     0     0 I init    : processing action (fs) from (/vendor/etc/init/hw/init.ranchu.rc:4)
10-26 19:50:17.301     0     0 I init    : processing action (fs) from (/system/etc/init/logd.rc:29)
10-26 19:50:17.305     0     0 I init    : processing action (fs) from (/system/etc/init/wifi.rc:25)
10-26 19:50:17.311     0     0 I init    : processing action (post-fs) from (/system/etc/init/hw/init.rc:569)
10-26 19:50:17.315     0     0 I init    : starting service 'exec 2 (/system/bin/vdc checkpoint markBootAttempt)'...
10-26 19:50:17.335     0     0 I cfg80211: Loading compiled-in X.509 certificates for regulatory database
10-26 19:50:17.338     0     0 I cfg80211: Loaded X.509 cert 'sforshee: 00b28ddf47aef9cea7'
10-26 19:50:17.341     0     0 W platform regulatory.0: Direct firmware load for regulatory.db failed with error -2
10-26 19:50:17.344     0     0 I cfg80211: failed to load regulatory.db
10-26 19:50:17.347     0     0 I dlkm_loader: Loaded kernel module /system/lib/modules/cfg80211.ko
10-26 19:50:17.349     0     0 I init    : ... started service 'exec 2 (/system/bin/vdc checkpoint markBootAttempt)' has pid 178
10-26 19:50:17.350     0     0 I dlkm_loader: Loading module /system/lib/modules/libarc4.ko with args ''
10-26 19:50:17.354     0     0 I init    : SVC_EXEC service 'exec 2 (/system/bin/vdc checkpoint markBootAttempt)' pid 178 (uid 1000 gid 1000+0 context default) started; waiting...
10-26 19:50:17.367     0     0 I dlkm_loader: Loaded kernel module /system/lib/modules/libarc4.ko
10-26 19:50:17.369     0     0 I dlkm_loader: Loading module /system/lib/modules/mac80211.ko with args ''
10-26 19:50:17.389     0     0 E cutils-trace: Error opening trace file: Permission denied (13)
--------- beginning of system
10-26 19:50:17.496   177   177 I vold    : Vold 3.0 (the awakening) firing up
10-26 19:50:17.497   177   177 D vold    : Detected support for: ext4 f2fs vfat
10-26 19:50:17.534   177   177 D vold    : VoldNativeService::start() completed OK
10-26 19:50:17.512     0     0 I init    : Service 'exec 2 (/system/bin/vdc checkpoint markBootAttempt)' (pid 178) exited with status 0 waiting took 0.190000 seconds
10-26 19:50:17.518     0     0 I init    : Sending signal 9 to service 'exec 2 (/system/bin/vdc checkpoint markBootAttempt)' (pid 178) process group...
10-26 19:50:17.523     0     0 I libprocessgroup: Successfully killed process cgroup uid 1000 pid 178 in 0ms
10-26 19:50:17.547     0     0 I init    : Command 'chown system cache /cache' action=post-fs (/system/etc/init/hw/init.rc:585) took 0ms and failed: lchown() failed: Read-only file system
10-26 19:50:17.557     0     0 I init    : Command 'chmod 0770 /cache' action=post-fs (/system/etc/init/hw/init.rc:586) took 0ms and failed: fchmodat() failed: Read-only file system
10-26 19:50:17.566     0     0 E selinux : SELinux:  setxattr failed: /cache:  Read-only file system
10-26 19:50:17.569     0     0 I init    : Command 'mkdir /cache/recovery 0770 system cache' action=post-fs (/system/etc/init/hw/init.rc:592) took 0ms and failed: mkdir() failed on /cache/recovery: Read-only file system
10-26 19:50:17.575     0     0 I init    : Command 'mkdir /cache/backup_stage 0700 system system' action=post-fs (/system/etc/init/hw/init.rc:595) took 0ms and failed: mkdir() failed on /cache/backup_stage: Read-only file system
10-26 19:50:17.583     0     0 I init    : Command 'mkdir /cache/backup 0700 system system' action=post-fs (/system/etc/init/hw/init.rc:596) took 0ms and failed: mkdir() failed on /cache/backup: Read-only file system
10-26 19:50:17.590     0     0 I init    : Command 'mkdir /cache/lost+found 0770 root root' action=post-fs (/system/etc/init/hw/init.rc:620) took 0ms and failed: mkdir() failed on /cache/lost+found: Read-only file system
10-26 19:50:17.599     0     0 I selinux : SELinux: Skipping restorecon on directory(/metadata)
10-26 19:50:17.607     0     0 I selinux : SELinux: Skipping restorecon on directory(/metadata/apex)
10-26 19:50:17.610     0     0 I init    : processing action (post-fs) from (/system/etc/init/atrace_userdebug.rc:7)
10-26 19:50:17.613     0     0 I init    : processing action (post-fs) from (/system/etc/init/gsid.rc:8)
