10-26 19:50:22.675     0     0 I apexd   : Processing compressed APEX /system/apex/com.google.android.permission.apex
10-26 19:50:22.676     0     0 I init    : Service 'exec 9 (/system/bin/chattr +F /data/media)' (pid 226) exited with status 0 waiting took 0.032000 seconds
10-26 19:50:22.678     0     0 I init    : Sending signal 9 to service 'exec 9 (/system/bin/chattr +F /data/media)' (pid 226) process group...
10-26 19:50:22.679     0     0 I libprocessgroup: Successfully killed process cgroup uid 1023 pid 226 in 0ms
10-26 19:50:22.681     0     0 I apexd   : Skipping decompression for /system/apex/com.google.android.permission.apex
10-26 19:50:22.682     0     0 I apexd   : Processing compressed APEX /system/apex/com.google.android.art.apex
10-26 19:50:22.686     0     0 I init    : Verified that /data/cache has the encryption policy 8781c8a67be75ff8bd17e3e79e370e61 v2 modes 1/4 flags 0x2
10-26 19:50:22.687     0     0 I apexd   : Skipping decompression for /system/apex/com.google.android.art.apex
10-26 19:50:22.689     0     0 I apexd   : Processing compressed APEX /system/apex/com.google.android.tethering.apex
10-26 19:50:22.695     0     0 I apexd   : Skipping decompression for /system/apex/com.google.android.tethering.apex
10-26 19:50:22.695     0     0 I apexd   : Processing compressed APEX /system/apex/com.google.android.ondevicepersonalization.apex
10-26 19:50:22.696     0     0 I init    : Verified that /data/rollback has the encryption policy 8781c8a67be75ff8bd17e3e79e370e61 v2 modes 1/4 flags 0x2
10-26 19:50:22.700     0     0 I init    : Verified that /data/rollback-observer has the encryption policy 8781c8a67be75ff8bd17e3e79e370e61 v2 modes 1/4 flags 0x2
10-26 19:50:22.701     0     0 I apexd   : Skipping decompression for /system/apex/com.google.android.ondevicepersonalization.apex
10-26 19:50:22.702     0     0 I apexd   : Processing compressed APEX /system/apex/com.google.android.ipsec.apex
10-26 19:50:22.704     0     0 I init    : Verified that /data/rollback-history has the encryption policy 8781c8a67be75ff8bd17e3e79e370e61 v2 modes 1/4 flags 0x2
10-26 19:50:22.707     0     0 I init    : Verified that /data/incremental has the encryption policy 8781c8a67be75ff8bd17e3e79e370e61 v2 modes 1/4 flags 0x2
10-26 19:50:22.707     0     0 I apexd   : Skipping decompression for /system/apex/com.google.android.ipsec.apex
10-26 19:50:22.709     0     0 I apexd   : Processing compressed APEX /system/apex/com.google.android.healthfitness.apex
10-26 19:50:22.716     0     0 I apexd   : Skipping decompression for /system/apex/com.google.android.healthfitness.apex
10-26 19:50:22.717     0     0 I loop4   : detected capacity change from 0 to 648
10-26 19:50:22.719     0     0 I loop5   : detected capacity change from 0 to 71872
10-26 19:50:22.747     0     0 I loop6   : detected capacity change from 0 to 31936
10-26 19:50:22.749     0     0 I loop7   : detected capacity change from 0 to 46720
10-26 19:50:22.750     0     0 I EXT4-fs (loop4): mounted filesystem without journal. Quota mode: none.
10-26 19:50:22.751     0     0 I loop8   : detected capacity change from 0 to 1616
10-26 19:50:22.751     0     0 I apexd   : Successfully mounted package /system/apex/com.android.virt.apex on /apex/com.android.virt@2 duration=33
10-26 19:50:22.752     0     0 I EXT4-fs (loop5): mounted filesystem without journal. Quota mode: none.
10-26 19:50:22.753     0     0 I device-mapper: verity: sha256 using implementation "sha256-ni"
10-26 19:50:22.755     0     0 I apexd   : Successfully mounted package /system/apex/com.android.i18n.apex on /apex/com.android.i18n@1 duration=37
10-26 19:50:22.756     0     0 I loop9   : detected capacity change from 0 to 536
10-26 19:50:22.759     0     0 I EXT4-fs (loop8): mounted filesystem without journal. Quota mode: none.
10-26 19:50:22.759     0     0 I loop10  : detected capacity change from 0 to 52360
10-26 19:50:22.760     0     0 I apexd   : Successfully mounted package /system/apex/com.google.android.tzdata5.apex on /apex/com.android.tzdata@340818040 duration=42
10-26 19:50:22.762     0     0 I EXT4-fs (loop7): mounted filesystem without journal. Quota mode: none.
10-26 19:50:22.764     0     0 I EXT4-fs (dm-35): mounted filesystem without journal. Quota mode: none.
10-26 19:50:22.764     0     0 I apexd   : Successfully mounted package /system/apex/com.google.android.btservices.apex on /apex/com.android.btservices@340815010 duration=46
10-26 19:50:22.765     0     0 I apexd   : Successfully mounted package /data/apex/decompressed/com.android.cellbroadcast@340818080.decompressed.apex on /apex/com.android.cellbroadcast@340818080 duration=20
10-26 19:50:22.765     0     0 I loop11  : detected capacity change from 0 to 8616
10-26 19:50:22.769     0     0 I loop12  : detected capacity change from 0 to 12520
10-26 19:50:22.770     0     0 I EXT4-fs (loop9): mounted filesystem without journal. Quota mode: none.
10-26 19:50:22.770     0     0 I apexd   : Successfully mounted package /system/apex/com.android.apex.cts.shim.apex on /apex/com.android.apex.cts.shim@1 duration=51
10-26 19:50:22.772     0     0 I EXT4-fs (loop10): mounted filesystem without journal. Quota mode: none.
10-26 19:50:22.773     0     0 I EXT4-fs (loop11): mounted filesystem without journal. Quota mode: none.
10-26 19:50:22.773     0     0 I apexd   : Successfully mounted package /vendor/apex/com.google.android.widevine.nonupdatable.apex on /apex/com.google.android.widevine@340720000 duration=54
10-26 19:50:22.774     0     0 I loop13  : detected capacity change from 0 to 8944
10-26 19:50:22.775     0     0 I apexd   : Successfully mounted package /system/apex/com.android.vndk.current.apex on /apex/com.android.vndk.v34@1 duration=56
10-26 19:50:22.779     0     0 I EXT4-fs (loop12): mounted filesystem without journal. Quota mode: none.
10-26 19:50:22.780     0     0 I loop14  : detected capacity change from 0 to 536
10-26 19:50:22.781     0     0 I apexd   : Successfully mounted package /system/apex/com.google.android.devicelock.apex on /apex/com.android.devicelock@1 duration=61
10-26 19:50:22.784     0     0 I EXT4-fs (loop13): mounted filesystem without journal. Quota mode: none.
10-26 19:50:22.786     0     0 I loop15  : detected capacity change from 0 to 9168
10-26 19:50:22.786     0     0 I apexd   : Successfully mounted package /system/apex/com.android.runtime.apex on /apex/com.android.runtime@1 duration=41
10-26 19:50:22.787     0     0 I device-mapper: verity: sha256 using implementation "sha256-ni"
10-26 19:50:22.788     0     0 I device-mapper: verity: sha256 using implementation "sha256-ni"
10-26 19:50:22.789     0     0 I loop16  : detected capacity change from 0 to 10152
10-26 19:50:22.791     0     0 I device-mapper: verity: sha256 using implementation "sha256-ni"
10-26 19:50:22.792     0     0 I loop17  : detected capacity change from 0 to 536
10-26 19:50:22.794     0     0 I loop18  : detected capacity change from 0 to 16840
10-26 19:50:22.794     0     0 I device-mapper: verity: sha256 using implementation "sha256-ni"
10-26 19:50:22.797     0     0 I loop19  : detected capacity change from 0 to 3616
10-26 19:50:22.799     0     0 I device-mapper: verity: sha256 using implementation "sha256-ni"
10-26 19:50:22.800     0     0 I EXT4-fs (dm-36): mounted filesystem without journal. Quota mode: none.
10-26 19:50:22.801     0     0 I loop20  : detected capacity change from 0 to 7424
10-26 19:50:22.801     0     0 I apexd   : Successfully mounted package /data/apex/decompressed/com.android.neuralnetworks@340818080.decompressed.apex on /apex/com.android.neuralnetworks@340818080 duration=57
10-26 19:50:22.804     0     0 I EXT4-fs (dm-37): mounted filesystem without journal. Quota mode: none.
10-26 19:50:22.805     0     0 I device-mapper: verity: sha256 using implementation "sha256-ni"
10-26 19:50:22.807     0     0 I device-mapper: verity: sha256 using implementation "sha256-ni"
10-26 19:50:22.807     0     0 I loop21  : detected capacity change from 0 to 8520
10-26 19:50:22.807     0     0 I apexd   : Successfully mounted package /data/apex/decompressed/com.android.configinfrastructure@340818080.decompressed.apex on /apex/com.android.configinfrastructure@340818080 duration=63
10-26 19:50:22.810     0     0 I device-mapper: verity: sha256 using implementation "sha256-ni"
10-26 19:50:22.810     0     0 I loop22  : detected capacity change from 0 to 6288
10-26 19:50:22.812     0     0 I loop23  : detected capacity change from 0 to 2424
10-26 19:50:22.814     0     0 I loop24  : detected capacity change from 0 to 1544
10-26 19:50:22.815     0     0 I device-mapper: verity: sha256 using implementation "sha256-ni"
10-26 19:50:22.817     0     0 I loop25  : detected capacity change from 0 to 6848
10-26 19:50:22.817     0     0 I EXT4-fs (dm-38): mounted filesystem without journal. Quota mode: none.
10-26 19:50:22.818     0     0 I device-mapper: verity: sha256 using implementation "sha256-ni"
10-26 19:50:22.819     0     0 I apexd   : Successfully mounted package /data/apex/decompressed/com.android.resolv@340818080.decompressed.apex on /apex/com.android.resolv@340818080 duration=75
10-26 19:50:22.820     0     0 I device-mapper: verity: sha256 using implementation "sha256-ni"
10-26 19:50:22.823     0     0 I loop26  : detected capacity change from 0 to 20008
10-26 19:50:22.823     0     0 I EXT4-fs (dm-33): mounted filesystem without journal. Quota mode: none.
10-26 19:50:22.825     0     0 I apexd   : Successfully mounted package /data/apex/decompressed/com.android.scheduling@340818080.decompressed.apex on /apex/com.android.scheduling@340818080 duration=80
10-26 19:50:22.825     0     0 I device-mapper: verity: sha256 using implementation "sha256-ni"
10-26 19:50:22.827     0     0 I EXT4-fs (dm-31): mounted filesystem without journal. Quota mode: none.
10-26 19:50:22.829     0     0 I apexd   : Successfully mounted package /data/apex/decompressed/com.android.wifi@340818080.decompressed.apex on /apex/com.android.wifi@340818080 duration=84
10-26 19:50:22.829     0     0 I loop27  : detected capacity change from 0 to 19416
10-26 19:50:22.834     0     0 I loop28  : detected capacity change from 0 to 5616
10-26 19:50:22.835     0     0 I device-mapper: verity: sha256 using implementation "sha256-ni"
10-26 19:50:22.835     0     0 I EXT4-fs (loop25): mounted filesystem without journal. Quota mode: none.
10-26 19:50:22.835     0     0 I EXT4-fs (dm-25): mounted filesystem without journal. Quota mode: none.
10-26 19:50:22.835     0     0 I apexd   : Successfully mounted package /data/apex/decompressed/com.android.appsearch@340818080.decompressed.apex on /apex/com.android.appsearch@340818080 duration=90
10-26 19:50:22.838     0     0 I device-mapper: verity: sha256 using implementation "sha256-ni"
10-26 19:50:22.839     0     0 I apexd   : Successfully mounted package /system/apex/com.google.mainline.primary.libs.apex on /apex/com.google.mainline.primary.libs@340724000 duration=121
10-26 19:50:22.841     0     0 I loop29  : detected capacity change from 0 to 7664
10-26 19:50:22.841     0     0 I EXT4-fs (dm-21): mounted filesystem without journal. Quota mode: none.
10-26 19:50:22.842     0     0 I apexd   : Successfully mounted package /data/apex/decompressed/com.android.media@340818082.decompressed.apex on /apex/com.android.media@340818082 duration=96
10-26 19:50:22.842     0     0 I EXT4-fs (dm-23): mounted filesystem without journal. Quota mode: none.
10-26 19:50:22.842     0     0 I apexd   : Successfully mounted package /data/apex/decompressed/com.android.rkpd@340818080.decompressed.apex on /apex/com.android.rkpd@340818080 duration=97
10-26 19:50:22.848     0     0 I EXT4-fs (dm-28): mounted filesystem without journal. Quota mode: none.
10-26 19:50:22.850     0     0 I loop30  : detected capacity change from 0 to 52064
10-26 19:50:22.850     0     0 I device-mapper: verity: sha256 using implementation "sha256-ni"
10-26 19:50:22.851     0     0 I EXT4-fs (dm-22): mounted filesystem without journal. Quota mode: none.
10-26 19:50:22.851     0     0 I apexd   : Successfully mounted package /data/apex/decompressed/com.android.conscrypt@340818082.decompressed.apex on /apex/com.android.conscrypt@340818082 duration=105
10-26 19:50:22.852     0     0 I EXT4-fs (dm-19): mounted filesystem without journal. Quota mode: none.
10-26 19:50:22.853     0     0 I apexd   : Successfully mounted package /data/apex/decompressed/com.android.os.statsd@340818060.decompressed.apex on /apex/com.android.os.statsd@340818060 duration=107
10-26 19:50:22.853     0     0 I apexd   : Successfully mounted package /data/apex/decompressed/com.android.sdkext@340818080.decompressed.apex on /apex/com.android.sdkext@340818080 duration=108
10-26 19:50:22.854     0     0 I device-mapper: verity: sha256 using implementation "sha256-ni"
10-26 19:50:22.854     0     0 I loop31  : detected capacity change from 0 to 37800
10-26 19:50:22.858     0     0 I EXT4-fs (dm-7): mounted filesystem without journal. Quota mode: none.
10-26 19:50:22.861     0     0 I device-mapper: verity: sha256 using implementation "sha256-ni"
10-26 19:50:22.862     0     0 I loop32  : detected capacity change from 0 to 33992
10-26 19:50:22.862     0     0 I apexd   : Successfully mounted package /data/apex/decompressed/com.android.mediaprovider@340818080.decompressed.apex on /apex/com.android.mediaprovider@340818080 duration=116
10-26 19:50:22.866     0     0 I EXT4-fs (dm-14): mounted filesystem without journal. Quota mode: none.
10-26 19:50:22.868     0     0 I EXT4-fs (dm-15): mounted filesystem without journal. Quota mode: none.
10-26 19:50:22.869     0     0 I EXT4-fs (dm-16): mounted filesystem without journal. Quota mode: none.
10-26 19:50:22.869     0     0 I apexd   : Successfully mounted package /data/apex/decompressed/com.android.uwb@340818082.decompressed.apex on /apex/com.android.uwb@340818082 duration=123
10-26 19:50:22.869     0     0 I apexd   : Successfully mounted package /data/apex/decompressed/com.android.adbd@340818082.decompressed.apex on /apex/com.android.adbd@340818082 duration=123
10-26 19:50:22.870     0     0 I device-mapper: verity: sha256 using implementation "sha256-ni"
10-26 19:50:22.870     0     0 I apexd   : Successfully mounted package /data/apex/decompressed/com.android.extservices@340818080.decompressed.apex on /apex/com.android.extservices@340818080 duration=124
10-26 19:50:22.872     0     0 I loop33  : detected capacity change from 0 to 60064
10-26 19:50:22.877     0     0 I EXT4-fs (dm-13): mounted filesystem without journal. Quota mode: none.
10-26 19:50:22.879     0     0 I device-mapper: verity: sha256 using implementation "sha256-ni"
10-26 19:50:22.880     0     0 I apexd   : Successfully mounted package /data/apex/decompressed/com.android.media.swcodec@340818082.decompressed.apex on /apex/com.android.media.swcodec@340818082 duration=133
10-26 19:50:22.880     0     0 I loop34  : detected capacity change from 0 to 2696
10-26 19:50:22.886     0     0 I loop35  : detected capacity change from 0 to 45536
10-26 19:50:22.887     0     0 I device-mapper: verity: sha256 using implementation "sha256-ni"
10-26 19:50:22.887     0     0 I EXT4-fs (dm-27): mounted filesystem without journal. Quota mode: none.
10-26 19:50:22.888     0     0 I loop36  : detected capacity change from 0 to 1624
10-26 19:50:22.888     0     0 I device-mapper: verity: sha256 using implementation "sha256-ni"
10-26 19:50:22.889     0     0 I apexd   : Successfully mounted package /data/apex/decompressed/com.android.permission@340818080.decompressed.apex on /apex/com.android.permission@340818080 duration=143
10-26 19:50:22.894     0     0 I device-mapper: verity: sha256 using implementation "sha256-ni"
10-26 19:50:22.894     0     0 I loop37  : detected capacity change from 0 to 22056
10-26 19:50:22.896     0     0 I device-mapper: verity: sha256 using implementation "sha256-ni"
10-26 19:50:22.897     0     0 I EXT4-fs (dm-12): mounted filesystem without journal. Quota mode: none.
10-26 19:50:22.898     0     0 I apexd   : Successfully mounted package /data/apex/decompressed/com.android.tethering@340818080.decompressed.apex on /apex/com.android.tethering@340818080 duration=152
10-26 19:50:22.904     0     0 I EXT4-fs (dm-8): mounted filesystem without journal. Quota mode: none.
10-26 19:50:22.905     0     0 I apexd   : Successfully mounted package /data/apex/decompressed/com.android.art@340818082.decompressed.apex on /apex/com.android.art@340818082 duration=159
10-26 19:50:22.914     0     0 I EXT4-fs (dm-11): mounted filesystem without journal. Quota mode: none.
10-26 19:50:22.914     0     0 I EXT4-fs (dm-18): mounted filesystem without journal. Quota mode: none.
10-26 19:50:22.915     0     0 I apexd   : Successfully mounted package /data/apex/decompressed/com.android.ondevicepersonalization@340818040.decompressed.apex on /apex/com.android.ondevicepersonalization@340818040 duration=168
10-26 19:50:22.916     0     0 I apexd   : Successfully mounted package /data/apex/decompressed/com.android.adservices@340818040.decompressed.apex on /apex/com.android.adservices@340818040 duration=169
10-26 19:50:22.920     0     0 I EXT4-fs (dm-10): mounted filesystem without journal. Quota mode: none.
10-26 19:50:22.922     0     0 I apexd   : Successfully mounted package /data/apex/decompressed/com.android.ipsec@340818080.decompressed.apex on /apex/com.android.ipsec@340818080 duration=174
10-26 19:50:22.922     0     0 I EXT4-fs (dm-6): mounted filesystem without journal. Quota mode: none.
10-26 19:50:22.924     0     0 I apexd   : Successfully mounted package /data/apex/decompressed/com.android.healthfitness@340818080.decompressed.apex on /apex/com.android.healthfitness@340818080 duration=177
10-26 19:50:22.931     0     0 I apexd   : Activated 34 packages.
10-26 19:50:22.931     0     0 I apexd   : OnStart done, duration=400
10-26 19:50:22.932     0     0 I AidlLazyServiceRegistrar: Registering service apexservice
10-26 19:50:22.942     0     0 I apexd   : Marking APEXd as activated
10-26 19:50:22.943     0     0 I init    : Wait for property 'apexd.status=activated' took 231ms
10-26 19:50:22.968     0     0 I init    : Parsing file /apex/com.android.adbd/etc/init.rc...
10-26 19:50:22.969     0     0 I init    : Parsing file /apex/com.android.art/etc/init.rc...
10-26 19:50:22.970     0     0 I init    : Parsing file /apex/com.android.media.swcodec/etc/mediaswcodec.32rc...
10-26 19:50:22.972     0     0 I init    : Parsing file /apex/com.android.media/etc/mediatranscoding.32rc...
10-26 19:50:22.973     0     0 I init    : Parsing file /apex/com.android.os.statsd/etc/init.rc...
10-26 19:50:22.975     0     0 I init    : Parsing file /apex/com.android.sdkext/etc/derive_classpath.rc...
10-26 19:50:22.977     0     0 I init    : Parsing file /apex/com.android.sdkext/etc/derive_sdk.rc...
10-26 19:50:22.978     0     0 I init    : Parsing file /apex/com.google.android.widevine/etc/com.google.android.widevine.rc...
10-26 19:50:23.023     0     0 I init    : linkerconfig generated /linkerconfig with mounted APEX modules info
10-26 19:50:23.024     0     0 I init    : Command 'perform_apex_config' action=post-fs-data (/system/etc/init/hw/init.rc:1010) took 80ms and succeeded
10-26 19:50:23.026     0     0 I init    : Verified that /data/bootanim has the encryption policy 8781c8a67be75ff8bd17e3e79e370e61 v2 modes 1/4 flags 0x2
10-26 19:50:23.028     0     0 I init    : starting service 'derive_sdk'...
10-26 19:50:23.041     0     0 I init    : ... started service 'derive_sdk' has pid 326
10-26 19:50:23.042     0     0 I init    : SVC_EXEC service 'derive_sdk' pid 326 (uid 9999 gid 9999+0 context default) started; waiting...
10-26 19:50:23.081   326   326 I derive_sdk: Read version 7 from 16
10-26 19:50:23.082   326   326 I derive_sdk: Read version 7 from 1
10-26 19:50:23.083   326   326 I derive_sdk: Read version 7 from 11
10-26 19:50:23.083   326   326 I derive_sdk: Read version 7 from 13
10-26 19:50:23.084   326   326 I derive_sdk: Read version 7 from 8
10-26 19:50:23.085   326   326 I derive_sdk: Read version 7 from 7
10-26 19:50:23.085   326   326 I derive_sdk: Read version 7 from 4
10-26 19:50:23.086   326   326 I derive_sdk: Read version 7 from 14
10-26 19:50:23.087   326   326 I derive_sdk: Read version 7 from 3
10-26 19:50:23.088   326   326 I derive_sdk: Read version 7 from 6
10-26 19:50:23.088   326   326 I derive_sdk: Read version 7 from 5
10-26 19:50:23.089   326   326 I derive_sdk: Read version 7 from 10
10-26 19:50:23.089   326   326 I derive_sdk: Read version 7 from 2
10-26 19:50:23.090   326   326 I derive_sdk: Read version 7 from 12
10-26 19:50:23.090   326   326 I derive_sdk: Read version 7 from 9
10-26 19:50:23.091   326   326 I derive_sdk: Read version 7 from 15
10-26 19:50:23.091   326   326 I derive_sdk: extension r version is 7
10-26 19:50:23.092   326   326 I derive_sdk: extension s version is 7
10-26 19:50:23.092   326   326 I derive_sdk: extension t version is 7
10-26 19:50:23.092   326   326 I derive_sdk: extension u version is 7
10-26 19:50:23.093   326   326 I derive_sdk: extension ad_services version is 7
10-26 19:50:23.061     0     0 I init    : Service 'derive_sdk' (pid 326) exited with status 0 waiting took 0.032000 seconds
10-26 19:50:23.062     0     0 I init    : Sending signal 9 to service 'derive_sdk' (pid 326) process group...
10-26 19:50:23.063     0     0 I libprocessgroup: Successfully killed process cgroup uid 9999 pid 326 in 0ms
10-26 19:50:23.065     0     0 I init    : starting service 'exec 10 (/system/bin/vdc --wait cryptfs init_user0)'...
10-26 19:50:23.067     0     0 I init    : ... started service 'exec 10 (/system/bin/vdc --wait cryptfs init_user0)' has pid 327
10-26 19:50:23.067     0     0 I init    : SVC_EXEC service 'exec 10 (/system/bin/vdc --wait cryptfs init_user0)' pid 327 (uid 0 gid 0+0 context default) started; waiting...
10-26 19:50:23.105   177   177 D vold    : fscrypt_init_user0
10-26 19:50:23.105   177   177 D vold    : Preparing: /data/misc/vold/user_keys
10-26 19:50:23.107   177   177 D vold    : Preparing: /data/misc/vold/user_keys/ce
10-26 19:50:23.073     0     0 D vdc     : Waited 0ms for vold
10-26 19:50:23.108   177   177 D vold    : Preparing: /data/misc/vold/user_keys/de
10-26 19:50:23.115   177   177 D vold    : Installed fscrypt key with ref 792beef611078d0d320cb069e205e4e1 to /data
10-26 19:50:23.115   177   177 D vold    : Added fscrypt-provisioning key for 792beef611078d0d320cb069e205e4e1 to session keyring
10-26 19:50:23.115   177   177 D vold    : Installed de key for user 0
10-26 19:50:23.116   177   177 D vold    : Preparing: /data/data
10-26 19:50:23.118   177   177 D vold    : Preparing: /data/user/0
10-26 19:50:23.119   177   177 D vold    : Preparing: /data/media/obb
10-26 19:50:23.119   177   177 D vold    : fscrypt_prepare_user_storage for volume null, user 0, serial 0, flags 1
10-26 19:50:23.119   177   177 D vold    : Preparing: /data/system/users/0
10-26 19:50:23.120   177   177 D vold    : Preparing: /data/misc/profiles/cur/0
10-26 19:50:23.121   177   177 D vold    : Preparing: /data/system_de/0
10-26 19:50:23.122   177   177 I vold    : Verified that /data/system_de/0 has the encryption policy 792beef611078d0d320cb069e205e4e1 v2 modes 1/4 flags 0x2
10-26 19:50:23.122   177   177 D vold    : Preparing: /data/vendor_de/0
10-26 19:50:23.123   177   177 I vold    : Verified that /data/vendor_de/0 has the encryption policy 792beef611078d0d320cb069e205e4e1 v2 modes 1/4 flags 0x2
10-26 19:50:23.123   177   177 D vold    : Preparing: /data/misc_de/0
10-26 19:50:23.125   177   177 I vold    : Verified that /data/misc_de/0 has the encryption policy 792beef611078d0d320cb069e205e4e1 v2 modes 1/4 flags 0x2
10-26 19:50:23.125   177   177 D vold    : Preparing: /data/user_de/0
10-26 19:50:23.126   177   177 I vold    : Verified that /data/user_de/0 has the encryption policy 792beef611078d0d320cb069e205e4e1 v2 modes 1/4 flags 0x2
10-26 19:50:23.126   177   177 D vold    : /system/bin/vold_prepare_subdirs
10-26 19:50:23.126   177   177 D vold    :     prepare
10-26 19:50:23.126   177   177 D vold    :     
10-26 19:50:23.126   177   177 D vold    :     0
10-26 19:50:23.126   177   177 D vold    :     1
10-26 19:50:23.134   328   328 D vold_prepare_subdirs: Setting up mode 771 uid 1000 gid 1000 context u:object_r:system_data_file:s0:c512,c768 on path: /data/user_de/0
10-26 19:50:23.134   328   328 D vold_prepare_subdirs: Setting up mode 771 uid 1000 gid 1000 context u:object_r:sdk_sandbox_system_data_file:s0:c512,c768 on path: /data/misc_de/0/sdksandbox
10-26 19:50:23.135   328   328 D vold_prepare_subdirs: Setting up mode 700 uid 0 gid 0 context u:object_r:vold_data_file:s0 on path: /data/misc_de/0/vold
10-26 19:50:23.135   328   328 D vold_prepare_subdirs: Setting up mode 700 uid 0 gid 0 context u:object_r:storaged_data_file:s0 on path: /data/misc_de/0/storaged
10-26 19:50:23.135   328   328 D vold_prepare_subdirs: Setting up mode 700 uid 0 gid 0 context u:object_r:rollback_data_file:s0 on path: /data/misc_de/0/rollback
10-26 19:50:23.136   328   328 D vold_prepare_subdirs: Setting up mode 700 uid 0 gid 0 context u:object_r:apex_rollback_data_file:s0 on path: /data/misc_de/0/apexrollback
10-26 19:50:23.136   328   328 D vold_prepare_subdirs: Setting up mode 711 uid 0 gid 0 context u:object_r:apex_module_data_file:s0 on path: /data/misc_de/0/apexdata
10-26 19:50:23.137   328   328 D vold_prepare_subdirs: Setting up mode 771 uid 0 gid 1000 context u:object_r:apex_module_data_file:s0 on path: /data/misc_de/0/apexdata/com.android.healthfitness
10-26 19:50:23.137   328   328 D vold_prepare_subdirs: Setting up mode 771 uid 0 gid 1000 context u:object_r:apex_module_data_file:s0 on path: /data/misc_de/0/apexdata/com.android.ipsec
10-26 19:50:23.137   328   328 D vold_prepare_subdirs: Setting up mode 771 uid 0 gid 1000 context u:object_r:apex_module_data_file:s0 on path: /data/misc_de/0/apexdata/com.android.adservices
10-26 19:50:23.137   328   328 D vold_prepare_subdirs: Setting up mode 771 uid 0 gid 1000 context u:object_r:apex_module_data_file:s0 on path: /data/misc_de/0/apexdata/com.android.ondevicepersonalization
10-26 19:50:23.138   328   328 D vold_prepare_subdirs: Setting up mode 771 uid 0 gid 1000 context u:object_r:apex_module_data_file:s0 on path: /data/misc_de/0/apexdata/com.android.art
10-26 19:50:23.138   328   328 D vold_prepare_subdirs: Setting up mode 771 uid 0 gid 1000 context u:object_r:apex_module_data_file:s0 on path: /data/misc_de/0/apexdata/com.android.tethering
10-26 19:50:23.138   328   328 D vold_prepare_subdirs: Setting up mode 771 uid 0 gid 1000 context u:object_r:apex_system_server_data_file:s0 on path: /data/misc_de/0/apexdata/com.android.permission
10-26 19:50:23.138   328   328 D vold_prepare_subdirs: Setting up mode 771 uid 0 gid 1000 context u:object_r:apex_module_data_file:s0 on path: /data/misc_de/0/apexdata/com.android.media.swcodec
10-26 19:50:23.138   328   328 D vold_prepare_subdirs: Setting up mode 771 uid 0 gid 1000 context u:object_r:apex_module_data_file:s0 on path: /data/misc_de/0/apexdata/com.android.adbd
10-26 19:50:23.139   328   328 D vold_prepare_subdirs: Setting up mode 771 uid 0 gid 1000 context u:object_r:apex_module_data_file:s0 on path: /data/misc_de/0/apexdata/com.android.extservices
10-26 19:50:23.139   328   328 D vold_prepare_subdirs: Setting up mode 771 uid 0 gid 1000 context u:object_r:apex_system_server_data_file:s0 on path: /data/misc_de/0/apexdata/com.android.uwb
10-26 19:50:23.139   328   328 D vold_prepare_subdirs: Setting up mode 771 uid 0 gid 1000 context u:object_r:apex_module_data_file:s0 on path: /data/misc_de/0/apexdata/com.android.mediaprovider
10-26 19:50:23.139   328   328 D vold_prepare_subdirs: Setting up mode 771 uid 0 gid 1000 context u:object_r:apex_module_data_file:s0 on path: /data/misc_de/0/apexdata/com.android.os.statsd
10-26 19:50:23.139   328   328 D vold_prepare_subdirs: Setting up mode 771 uid 0 gid 1000 context u:object_r:apex_module_data_file:s0 on path: /data/misc_de/0/apexdata/com.android.sdkext
10-26 19:50:23.140   328   328 D vold_prepare_subdirs: Setting up mode 771 uid 0 gid 1000 context u:object_r:apex_module_data_file:s0 on path: /data/misc_de/0/apexdata/com.android.conscrypt
10-26 19:50:23.140   328   328 D vold_prepare_subdirs: Setting up mode 771 uid 0 gid 1000 context u:object_r:apex_module_data_file:s0 on path: /data/misc_de/0/apexdata/com.android.media
10-26 19:50:23.140   328   328 D vold_prepare_subdirs: Setting up mode 771 uid 0 gid 1000 context u:object_r:apex_module_data_file:s0 on path: /data/misc_de/0/apexdata/com.android.rkpd
10-26 19:50:23.140   328   328 D vold_prepare_subdirs: Setting up mode 771 uid 0 gid 1000 context u:object_r:apex_module_data_file:s0 on path: /data/misc_de/0/apexdata/com.android.appsearch
10-26 19:50:23.140   328   328 D vold_prepare_subdirs: Setting up mode 771 uid 0 gid 1000 context u:object_r:apex_system_server_data_file:s0 on path: /data/misc_de/0/apexdata/com.android.wifi
10-26 19:50:23.140   328   328 D vold_prepare_subdirs: Setting up mode 771 uid 0 gid 1000 context u:object_r:apex_module_data_file:s0 on path: /data/misc_de/0/apexdata/com.android.scheduling
10-26 19:50:23.140   328   328 D vold_prepare_subdirs: Setting up mode 771 uid 0 gid 1000 context u:object_r:apex_module_data_file:s0 on path: /data/misc_de/0/apexdata/com.android.resolv
10-26 19:50:23.140   328   328 D vold_prepare_subdirs: Setting up mode 771 uid 0 gid 1000 context u:object_r:apex_module_data_file:s0 on path: /data/misc_de/0/apexdata/com.android.configinfrastructure
10-26 19:50:23.141   328   328 D vold_prepare_subdirs: Setting up mode 771 uid 0 gid 1000 context u:object_r:apex_module_data_file:s0 on path: /data/misc_de/0/apexdata/com.android.neuralnetworks
10-26 19:50:23.141   328   328 D vold_prepare_subdirs: Setting up mode 771 uid 0 gid 1000 context u:object_r:apex_module_data_file:s0 on path: /data/misc_de/0/apexdata/com.android.devicelock
10-26 19:50:23.141   328   328 D vold_prepare_subdirs: Setting up mode 771 uid 0 gid 1000 context u:object_r:apex_module_data_file:s0 on path: /data/misc_de/0/apexdata/com.android.apex.cts.shim
10-26 19:50:23.141   328   328 D vold_prepare_subdirs: Setting up mode 771 uid 0 gid 1000 context u:object_r:apex_module_data_file:s0 on path: /data/misc_de/0/apexdata/com.android.cellbroadcast
10-26 19:50:23.141   328   328 D vold_prepare_subdirs: Setting up mode 771 uid 0 gid 1000 context u:object_r:apex_module_data_file:s0 on path: /data/misc_de/0/apexdata/com.google.android.widevine
10-26 19:50:23.141   328   328 D vold_prepare_subdirs: Setting up mode 771 uid 0 gid 1000 context u:object_r:apex_module_data_file:s0 on path: /data/misc_de/0/apexdata/com.android.btservices
10-26 19:50:23.141   328   328 D vold_prepare_subdirs: Setting up mode 771 uid 0 gid 1000 context u:object_r:apex_module_data_file:s0 on path: /data/misc_de/0/apexdata/com.android.virt
10-26 19:50:23.141   328   328 D vold_prepare_subdirs: Setting up mode 771 uid 0 gid 1000 context u:object_r:apex_module_data_file:s0 on path: /data/misc_de/0/apexdata/com.android.i18n
10-26 19:50:23.141   328   328 D vold_prepare_subdirs: Setting up mode 771 uid 0 gid 1000 context u:object_r:apex_module_data_file:s0 on path: /data/misc_de/0/apexdata/com.android.vndk.v34
10-26 19:50:23.141   328   328 D vold_prepare_subdirs: Setting up mode 771 uid 0 gid 1000 context u:object_r:apex_module_data_file:s0 on path: /data/misc_de/0/apexdata/com.android.runtime
10-26 19:50:23.141   328   328 D vold_prepare_subdirs: Setting up mode 771 uid 0 gid 1000 context u:object_r:apex_module_data_file:s0 on path: /data/misc_de/0/apexdata/com.android.tzdata
10-26 19:50:23.141   328   328 D vold_prepare_subdirs: Setting up mode 771 uid 0 gid 1000 context u:object_r:apex_module_data_file:s0 on path: /data/misc_de/0/apexdata/sharedlibs
10-26 19:50:23.142   328   328 D vold_prepare_subdirs: Setting up mode 771 uid 1000 gid 1000 context u:object_r:user_profile_root_file:s0:c512,c768 on path: /data/misc/profiles/cur/0
10-26 19:50:23.142   328   328 D vold_prepare_subdirs: Setting up mode 700 uid 1000 gid 1000 context u:object_r:fingerprint_vendor_data_file:s0 on path: /data/vendor_de/0/fpdata
10-26 19:50:23.142   328   328 D vold_prepare_subdirs: Setting up mode 700 uid 1000 gid 1000 context u:object_r:face_vendor_data_file:s0 on path: /data/vendor_de/0/facedata
10-26 19:50:23.143   177   177 D vold    : Detected support for FS_IOC_ADD_ENCRYPTION_KEY
10-26 19:50:23.112     0     0 I init    : Service 'exec 10 (/system/bin/vdc --wait cryptfs init_user0)' (pid 327) exited with status 0 waiting took 0.046000 seconds
10-26 19:50:23.113     0     0 I init    : Sending signal 9 to service 'exec 10 (/system/bin/vdc --wait cryptfs init_user0)' (pid 327) process group...
10-26 19:50:23.115     0     0 I libprocessgroup: Successfully killed process cgroup uid 0 pid 327 in 0ms
10-26 19:50:23.116     0     0 I selinux : SELinux: Skipping restorecon on directory(/data)
10-26 19:50:23.117     0     0 I init    : starting service 'derive_classpath'...
10-26 19:50:23.119     0     0 I init    : ... started service 'derive_classpath' has pid 329
10-26 19:50:23.120     0     0 I init    : SVC_EXEC service 'derive_classpath' pid 329 (uid 1000 gid 1000+1 context default) started; waiting...
10-26 19:50:23.159   329   329 I derive_classpath: ParseFragments for bootclasspath
10-26 19:50:23.172   329   329 I derive_classpath: ReadClasspathFragment /apex/com.android.art/etc/classpaths/bootclasspath.pb
10-26 19:50:23.174   329   329 I derive_classpath: ReadClasspathFragment /system/etc/classpaths/bootclasspath.pb
10-26 19:50:23.174   329   329 I derive_classpath: ReadClasspathFragment /apex/com.android.adservices/etc/classpaths/bootclasspath.pb
10-26 19:50:23.175   329   329 I derive_classpath: ReadClasspathFragment /apex/com.android.appsearch/etc/classpaths/bootclasspath.pb
10-26 19:50:23.176   329   329 I derive_classpath: ReadClasspathFragment /apex/com.android.btservices/etc/classpaths/bootclasspath.pb
10-26 19:50:23.176   329   329 I derive_classpath: ReadClasspathFragment /apex/com.android.configinfrastructure/etc/classpaths/bootclasspath.pb
10-26 19:50:23.177   329   329 I derive_classpath: ReadClasspathFragment /apex/com.android.conscrypt/etc/classpaths/bootclasspath.pb
10-26 19:50:23.177   329   329 I derive_classpath: ReadClasspathFragment /apex/com.android.devicelock/etc/classpaths/bootclasspath.pb
10-26 19:50:23.178   329   329 I derive_classpath: ReadClasspathFragment /apex/com.android.healthfitness/etc/classpaths/bootclasspath.pb
10-26 19:50:23.179   329   329 I derive_classpath: ReadClasspathFragment /apex/com.android.ipsec/etc/classpaths/bootclasspath.pb
10-26 19:50:23.179   329   329 I derive_classpath: ReadClasspathFragment /apex/com.android.media/etc/classpaths/bootclasspath.pb
10-26 19:50:23.180   329   329 I derive_classpath: ReadClasspathFragment /apex/com.android.mediaprovider/etc/classpaths/bootclasspath.pb
10-26 19:50:23.181   329   329 I derive_classpath: ReadClasspathFragment /apex/com.android.ondevicepersonalization/etc/classpaths/bootclasspath.pb
10-26 19:50:23.182   329   329 I derive_classpath: ReadClasspathFragment /apex/com.android.os.statsd/etc/classpaths/bootclasspath.pb
10-26 19:50:23.182   329   329 I derive_classpath: ReadClasspathFragment /apex/com.android.permission/etc/classpaths/bootclasspath.pb
10-26 19:50:23.183   329   329 I derive_classpath: ReadClasspathFragment /apex/com.android.scheduling/etc/classpaths/bootclasspath.pb
10-26 19:50:23.183   329   329 I derive_classpath: ReadClasspathFragment /apex/com.android.sdkext/etc/classpaths/bootclasspath.pb
10-26 19:50:23.184   329   329 I derive_classpath: ReadClasspathFragment /apex/com.android.tethering/etc/classpaths/bootclasspath.pb
10-26 19:50:23.185   329   329 I derive_classpath: ReadClasspathFragment /apex/com.android.uwb/etc/classpaths/bootclasspath.pb
10-26 19:50:23.185   329   329 I derive_classpath: ReadClasspathFragment /apex/com.android.virt/etc/classpaths/bootclasspath.pb
10-26 19:50:23.185   329   329 I derive_classpath: ReadClasspathFragment /apex/com.android.wifi/etc/classpaths/bootclasspath.pb
10-26 19:50:23.186   329   329 I derive_classpath: ParseFragments for systemserverclasspath
10-26 19:50:23.187   329   329 I derive_classpath: ReadClasspathFragment /system/etc/classpaths/systemserverclasspath.pb
10-26 19:50:23.187   329   329 I derive_classpath: ReadClasspathFragment /apex/com.android.adservices/etc/classpaths/systemserverclasspath.pb
10-26 19:50:23.187   329   329 I derive_classpath: ReadClasspathFragment /apex/com.android.appsearch/etc/classpaths/systemserverclasspath.pb
10-26 19:50:23.188   329   329 I derive_classpath: ReadClasspathFragment /apex/com.android.art/etc/classpaths/systemserverclasspath.pb
10-26 19:50:23.188   329   329 I derive_classpath: ReadClasspathFragment /apex/com.android.btservices/etc/classpaths/systemserverclasspath.pb
10-26 19:50:23.188   329   329 I derive_classpath: ReadClasspathFragment /apex/com.android.configinfrastructure/etc/classpaths/systemserverclasspath.pb
10-26 19:50:23.189   329   329 I derive_classpath: ReadClasspathFragment /apex/com.android.devicelock/etc/classpaths/systemserverclasspath.pb
10-26 19:50:23.189   329   329 I derive_classpath: ReadClasspathFragment /apex/com.android.healthfitness/etc/classpaths/systemserverclasspath.pb
10-26 19:50:23.190   329   329 I derive_classpath: ReadClasspathFragment /apex/com.android.media/etc/classpaths/systemserverclasspath.pb
10-26 19:50:23.190   329   329 I derive_classpath: ReadClasspathFragment /apex/com.android.ondevicepersonalization/etc/classpaths/systemserverclasspath.pb
10-26 19:50:23.190   329   329 I derive_classpath: ReadClasspathFragment /apex/com.android.os.statsd/etc/classpaths/systemserverclasspath.pb
10-26 19:50:23.190   329   329 I derive_classpath: ReadClasspathFragment /apex/com.android.permission/etc/classpaths/systemserverclasspath.pb
10-26 19:50:23.191   329   329 I derive_classpath: ReadClasspathFragment /apex/com.android.rkpd/etc/classpaths/systemserverclasspath.pb
10-26 19:50:23.191   329   329 I derive_classpath: ReadClasspathFragment /apex/com.android.scheduling/etc/classpaths/systemserverclasspath.pb
10-26 19:50:23.191   329   329 I derive_classpath: ReadClasspathFragment /apex/com.android.tethering/etc/classpaths/systemserverclasspath.pb
10-26 19:50:23.192   329   329 I derive_classpath: ReadClasspathFragment /apex/com.android.uwb/etc/classpaths/systemserverclasspath.pb
10-26 19:50:23.192   329   329 I derive_classpath: ReadClasspathFragment /apex/com.android.wifi/etc/classpaths/systemserverclasspath.pb
10-26 19:50:23.192   329   329 I derive_classpath: WriteClasspathExports /data/system/environ/classpath
10-26 19:50:23.192   329   329 I derive_classpath: WriteClasspathExports content
10-26 19:50:23.192   329   329 I derive_classpath: export BOOTCLASSPATH /apex/com.android.art/javalib/core-oj.jar:/apex/com.android.art/javalib/core-libart.jar:/apex/com.android.art/javalib/okhttp.jar:/apex/com.android.art/javalib/bouncycastle.jar:/apex/com.android.art/javalib/apache-xml.jar:/system/framework/framework.jar:/system/framework/framework-graphics.jar:/system/framework/ext.jar:/system/framework/telephony-common.jar:/system/framework/voip-common.jar:/system/framework/ims-common.jar:/apex/com.android.i18n/javalib/core-icu4j.jar:/apex/com.android.adservices/javalib/framework-adservices.jar:/apex/com.android.adservices/javalib/framework-sdksandbox.jar:/apex/com.android.appsearch/javalib/framework-appsearch.jar:/apex/com.android.btservices/javalib/framework-bluetooth.jar:/apex/com.android.configinfrastructure/javalib/framework-configinfrastructure.jar:/apex/com.android.conscrypt/javalib/conscrypt.jar:/apex/com.android.devicelock/javalib/framework-devicelock.jar:/apex/com.android.healthfitness/javalib/framework-healthfitness.jar:/apex/com.android.ipsec/javalib/android.net.ipsec.ike.jar:/apex/com.android.media/javalib/updatable-media.jar:/apex/com.android.mediaprovider/javalib/framework-mediaprovider.jar:/apex/com.android.ondevicepersonalization/javalib/framework-ondevicepersonalization.jar:/apex/com.android.os.statsd/javalib/framework-statsd.jar:/apex/com.android.permission/javalib/framework-permission.jar:/apex/com.android.permission/javalib/framework-permission-s.jar:/apex/com.android.scheduling/javalib/framework-scheduling.jar:/apex/com.android.sdkext/javalib/framework-sdkextensions.jar:/apex/com.android.tethering/javalib/framework-connectivity.jar:/apex/com.android.tethering/javalib/framework-connectivity-t.jar:/apex/com.android.tethering/javalib/framework-tethering.jar:/apex/com.android.uwb/javalib/framework-uwb.jar:/apex/com.android.virt/javalib/framework-virtualization.jar:/apex/com.android.wifi/javalib/framework-wifi.jar
10-26 19:50:23.192   329   329 I derive_classpath: export DEX2OATBOOTCLASSPATH /apex/com.android.art/javalib/core-oj.jar:/apex/com.android.art/javalib/core-libart.jar:/apex/com.android.art/javalib/okhttp.jar:/apex/com.android.art/javalib/bouncycastle.jar:/apex/com.android.art/javalib/apache-xml.jar:/system/framework/framework.jar:/system/framework/framework-graphics.jar:/system/framework/ext.jar:/system/framework/telephony-common.jar:/system/framework/voip-common.jar:/system/framework/ims-common.jar:/apex/com.android.i18n/javalib/core-icu4j.jar
10-26 19:50:23.192   329   329 I derive_classpath: export SYSTEMSERVERCLASSPATH /system/framework/com.android.location.provider.jar:/system/framework/services.jar:/apex/com.android.adservices/javalib/service-adservices.jar:/apex/com.android.adservices/javalib/service-sdksandbox.jar:/apex/com.android.appsearch/javalib/service-appsearch.jar:/apex/com.android.art/javalib/service-art.jar:/apex/com.android.configinfrastructure/javalib/service-configinfrastructure.jar:/apex/com.android.healthfitness/javalib/service-healthfitness.jar:/apex/com.android.media/javalib/service-media-s.jar:/apex/com.android.ondevicepersonalization/javalib/service-ondevicepersonalization.jar:/apex/com.android.permission/javalib/service-permission.jar:/apex/com.android.rkpd/javalib/service-rkp.jar
10-26 19:50:23.192   329   329 I derive_classpath: export STANDALONE_SYSTEMSERVER_JARS /apex/com.android.btservices/javalib/service-bluetooth.jar:/apex/com.android.devicelock/javalib/service-devicelock.jar:/apex/com.android.os.statsd/javalib/service-statsd.jar:/apex/com.android.scheduling/javalib/service-scheduling.jar:/apex/com.android.tethering/javalib/service-connectivity.jar:/apex/com.android.uwb/javalib/service-uwb.jar:/apex/com.android.wifi/javalib/service-wifi.jar
10-26 19:50:23.164     0     0 I init    : Service 'derive_classpath' (pid 329) exited with status 0 waiting took 0.045000 seconds
10-26 19:50:23.164     0     0 I init    : Sending signal 9 to service 'derive_classpath' (pid 329) process group...
10-26 19:50:23.165     0     0 I libprocessgroup: Successfully killed process cgroup uid 1000 pid 329 in 0ms
10-26 19:50:23.168     0     0 I init    : starting service 'art_boot'...
10-26 19:50:23.212     0     0 I init    : ... started service 'art_boot' has pid 330
10-26 19:50:23.214     0     0 I init    : SVC_EXEC service 'art_boot' pid 330 (uid 0 gid 0+0 context default) started; waiting...
10-26 19:50:23.267   330   330 I art_boot: Property persist.device_config.runtime_native_boot.useartservice not set
10-26 19:50:23.236     0     0 I init    : Service 'art_boot' (pid 330) exited with status 0 waiting took 0.067000 seconds
10-26 19:50:23.237     0     0 I init    : Sending signal 9 to service 'art_boot' (pid 330) process group...
10-26 19:50:23.238     0     0 I libprocessgroup: Successfully killed process cgroup uid 0 pid 330 in 0ms
10-26 19:50:23.240     0     0 I init    : starting service 'odsign'...
10-26 19:50:23.242     0     0 I init    : ... started service 'odsign' has pid 331
10-26 19:50:23.296   331   331 I odsign  : Trying to retrieve existing HMAC key...
10-26 19:50:23.297   331   331 I odsign  : Trying to retrieve existing keystore key...
10-26 19:50:23.301   331   331 I odsign  : Verified public key signature.
10-26 19:50:23.301   331   331 I odsign  : Initialized Keystore key.
10-26 19:50:23.301   331   331 I odsign  : Found and verified existing public key certificate: /data/misc/odsign/key.cert
10-26 19:50:23.430     0     0 I fs-verity: sha256 using implementation "sha256-ni"
10-26 19:50:23.493   332   332 I odrefresh: ART APEX version 340818082
10-26 19:50:23.605   332   332 I odrefresh: Boot images on /system OK (x86_64)
10-26 19:50:23.607   332   332 I odrefresh: system_server artifacts on /system OK
10-26 19:50:23.610   331   331 I odsign  : /data/misc/odsign/odsign.info.signature matches.
10-26 19:50:23.610   331   331 I odsign  : Loaded /data/misc/odsign/odsign.info
10-26 19:50:23.579     0     0 I init    : Wait for property 'odsign.key.done=1' took 335ms
10-26 19:50:23.580     0     0 I init    : starting service 'exec 11 (/system/bin/fsverity_init --lock)'...
10-26 19:50:23.612   331   331 I odsign  : All root hashes match.
10-26 19:50:23.612   331   331 I odsign  : odrefresh said artifacts are VALID
10-26 19:50:23.612   331   331 I odsign  : On-device signing done.
10-26 19:50:23.612   331   331 I odsign  : Metrics report is empty
10-26 19:50:23.600     0     0 I init    : ... started service 'exec 11 (/system/bin/fsverity_init --lock)' has pid 333
10-26 19:50:23.602     0     0 I init    : SVC_EXEC service 'exec 11 (/system/bin/fsverity_init --lock)' pid 333 (uid 0 gid 0+0 context default) started; waiting...
10-26 19:50:23.603     0     0 I init    : Sending signal 9 to service 'odsign' (pid 331) process group...
10-26 19:50:23.610     0     0 I libprocessgroup: Successfully killed process cgroup uid 0 pid 331 in 6ms
10-26 19:50:23.611     0     0 I init    : Control message: Processed ctl.stop for 'odsign' from pid: 331 (/system/bin/odsign)
10-26 19:50:23.612     0     0 I init    : Service 'odsign' (pid 331) received signal 9
10-26 19:50:23.648   186   222 I keystore2: system/security/keystore2/src/super_key.rs:330 - keystore.boot_level 1000000000 hits maximum 1000000000, finishing.
10-26 19:50:23.613     0     0 I init    : Service 'exec 11 (/system/bin/fsverity_init --lock)' (pid 333) exited with status 0 waiting took 0.030000 seconds
10-26 19:50:23.615     0     0 I init    : Sending signal 9 to service 'exec 11 (/system/bin/fsverity_init --lock)' (pid 333) process group...
10-26 19:50:23.616     0     0 I libprocessgroup: Successfully killed process cgroup uid 0 pid 333 in 0ms
10-26 19:50:23.617     0     0 I init    : starting service 'apexd-snapshotde'...
10-26 19:50:23.619     0     0 I init    : ... started service 'apexd-snapshotde' has pid 334
10-26 19:50:23.620     0     0 I init    : SVC_EXEC service 'apexd-snapshotde' pid 334 (uid 0 gid 1000+0 context default) started; waiting...
10-26 19:50:23.627     0     0 I apexd   : Snapshot DE subcommand detected
10-26 19:50:23.628     0     0 I apexd-snapshotde: Marking APEXd as ready
10-26 19:50:23.630     0     0 I init    : Service 'apexd-snapshotde' (pid 334) exited with status 0 waiting took 0.012000 seconds
10-26 19:50:23.631     0     0 I init    : Sending signal 9 to service 'apexd-snapshotde' (pid 334) process group...
10-26 19:50:23.632     0     0 I libprocessgroup: Successfully killed process cgroup uid 0 pid 334 in 0ms
10-26 19:50:23.640     0     0 I init    : processing action (post-fs-data) from (/system/etc/init/hw/init.usb.rc:6)
10-26 19:50:23.642     0     0 I init    : Verified that /data/adb has the encryption policy 8781c8a67be75ff8bd17e3e79e370e61 v2 modes 1/4 flags 0x2
10-26 19:50:23.643     0     0 I init    : processing action (post-fs-data) from (/vendor/etc/init/hw/init.ranchu.rc:58)
10-26 19:50:23.646     0     0 I init    : starting service 'qemu-adb-keys'...
10-26 19:50:23.649     0     0 I init    : ... started service 'qemu-adb-keys' has pid 335
10-26 19:50:23.650     0     0 I init    : starting service 'qemu-device-state'...
10-26 19:50:23.654     0     0 I init    : ... started service 'qemu-device-state' has pid 336
10-26 19:50:23.655     0     0 I init    : processing action (ro.boot.qemu.virtiowifi=1 && post-fs-data) from (/vendor/etc/init/hw/init.ranchu.rc:112)
10-26 19:50:23.657     0     0 I init    : starting service 'ranchu-net'...
10-26 19:50:23.660     0     0 I init    : ... started service 'ranchu-net' has pid 337
10-26 19:50:23.661     0     0 I init    : processing action (post-fs-data) from (/system/etc/init/bootstat.rc:9)
10-26 19:50:23.664     0     0 I init    : processing action (ro.debuggable=1 && post-fs-data) from (/system/etc/init/clean_scratch_files.rc:1)
10-26 19:50:23.665     0     0 I init    : starting service 'exec 12 (/system/bin/clean_scratch_files)'...
10-26 19:50:23.669     0     0 I init    : ... started service 'exec 12 (/system/bin/clean_scratch_files)' has pid 338
10-26 19:50:23.670     0     0 I init    : processing action (post-fs-data) from (/system/etc/init/gsid.rc:17)
10-26 19:50:23.672     0     0 I init    : Not setting encryption policy on: /data/gsi
10-26 19:50:23.683     0     0 I init    : processing action (post-fs-data) from (/system/etc/init/incidentd.rc:21)
10-26 19:50:23.684     0     0 I init    : processing action (post-fs-data) from (/system/etc/init/logtagd.rc:4)
10-26 19:50:23.687     0     0 I init    : processing action (post-fs-data) from (/system/etc/init/otapreopt.rc:3)
10-26 19:50:23.688     0     0 I init    : starting service 'exec 13 (/system/bin/otapreopt_slot)'...
10-26 19:50:23.692     0     0 I init    : ... started service 'exec 13 (/system/bin/otapreopt_slot)' has pid 340
10-26 19:50:23.694     0     0 I init    : SVC_EXEC service 'exec 13 (/system/bin/otapreopt_slot)' pid 340 (uid 0 gid 0+0 context default) started; waiting...
