10-26 19:50:17.615     0     0 I init    : processing action (post-fs) from (/system/etc/init/recovery-refresh.rc:1)
10-26 19:50:17.619     0     0 I init    : starting service 'exec 3 (/system/bin/recovery-refresh)'...
10-26 19:50:17.764     0     0 I init    : ... started service 'exec 3 (/system/bin/recovery-refresh)' has pid 184
10-26 19:50:17.768     0     0 I init    : Command 'exec_background - system log -- /system/bin/recovery-refresh' action=post-fs (/system/etc/init/recovery-refresh.rc:2) took 149ms and succeeded
10-26 19:50:17.772     0     0 I init    : processing action (late-fs) from (/system/etc/init/hw/init.rc:643)
10-26 19:50:17.780     0     0 I dlkm_loader: Loaded kernel module /system/lib/modules/mac80211.ko
10-26 19:50:17.782     0     0 I dlkm_loader: Loading module /vendor/lib/modules/mac80211_hwsim.ko with args 'radios=0
10-26 19:50:17.783     0     0 I init    : starting service 'system_suspend'...
10-26 19:50:17.786     0     0 I dlkm_loader: '
10-26 19:50:17.795     0     0 I init    : ... started service 'system_suspend' has pid 185
10-26 19:50:17.798     0     0 I mac80211_hwsim: initializing netlink
10-26 19:50:17.798     0     0 I init    : starting service 'keystore2'...
10-26 19:50:17.818     0     0 I init    : ... started service 'keystore2' has pid 186
10-26 19:50:17.819     0     0 I dlkm_loader: Loaded kernel module /vendor/lib/modules/mac80211_hwsim.ko
10-26 19:50:17.821     0     0 I init    : starting service 'vendor.atrace-hal-1-0'...
10-26 19:50:17.823     0     0 I dlkm_loader: Loading module /vendor/lib/modules/mt76.ko with args ''
10-26 19:50:17.850     0     0 I dlkm_loader: Loaded kernel module /vendor/lib/modules/mt76.ko
10-26 19:50:17.852     0     0 I dlkm_loader: Loading module /vendor/lib/modules/mt76-usb.ko with args ''
10-26 19:50:17.858     0     0 I servicemanager: getDeviceHalManifest: Reading VINTF information.
10-26 19:50:17.869     0     0 I dlkm_loader: Loaded kernel module /vendor/lib/modules/mt76-usb.ko
10-26 19:50:17.872     0     0 I dlkm_loader: Loading module /vendor/lib/modules/mt76x02-lib.ko with args ''
10-26 19:50:17.875     0     0 I servicemanager: getDeviceHalManifest: Successfully processed VINTF information
10-26 19:50:17.879     0     0 I servicemanager: getFrameworkHalManifest: Reading VINTF information.
10-26 19:50:17.884     0     0 I init    : ... started service 'vendor.atrace-hal-1-0' has pid 187
10-26 19:50:17.889     0     0 I init    : starting service 'vendor.keymint-default'...
10-26 19:50:17.891     0     0 I servicemanager: getFrameworkHalManifest: Successfully processed VINTF information
10-26 19:50:17.896     0     0 I servicemanager: Found android.system.suspend.ISystemSuspend/default in framework VINTF manifest.
10-26 19:50:17.905     0     0 I dlkm_loader: Loaded kernel module /vendor/lib/modules/mt76x02-lib.ko
10-26 19:50:17.938   164   164 I hwservicemanager: getTransport: Cannot find entry android.system.suspend@1.0::ISystemSuspend/default in either framework or device VINTF manifest.
10-26 19:50:17.939   185   185 E HidlServiceManagement: Service android.system.suspend@1.0::ISystemSuspend/default must be in VINTF manifest in order to register/get.
10-26 19:50:17.939   185   185 I android.system.suspend-service: system-suspend HIDL hal not supported, use the AIDL suspend hal for requesting wakelocks
10-26 19:50:17.905     0     0 I init    : ... started service 'vendor.keymint-default' has pid 190
10-26 19:50:17.908     0     0 I dlkm_loader: Loading module /vendor/lib/modules/mt76x0-common.ko with args ''
10-26 19:50:17.915     0     0 I dlkm_loader: Loaded kernel module /vendor/lib/modules/mt76x0-common.ko
10-26 19:50:17.916     0     0 I init    : Command 'class_start early_hal' action=late-fs (/system/etc/init/hw/init.rc:650) took 141ms and succeeded
10-26 19:50:17.917     0     0 I dlkm_loader: Loading module /vendor/lib/modules/mt76x02-usb.ko with args ''
10-26 19:50:17.931     0     0 I init    : Service 'exec 3 (/system/bin/recovery-refresh)' (pid 184) exited with status 254 oneshot service took 0.298000 seconds in background
10-26 19:50:17.931     0     0 I dlkm_loader: Loaded kernel module /vendor/lib/modules/mt76x02-usb.ko
10-26 19:50:17.938     0     0 I init    : Sending signal 9 to service 'exec 3 (/system/bin/recovery-refresh)' (pid 184) process group...
10-26 19:50:17.939     0     0 I dlkm_loader: Loading module /vendor/lib/modules/mt76x0u.ko with args ''
10-26 19:50:17.945     0     0 I libprocessgroup: Successfully killed process cgroup uid 1000 pid 184 in 0ms
10-26 19:50:17.951     0     0 I init    : starting service 'exec 4 (/system/bin/fsverity_init --load-verified-keys)'...
10-26 19:50:17.958     0     0 I usbcore : registered new interface driver mt76x0u
10-26 19:50:17.961     0     0 I dlkm_loader: Loaded kernel module /vendor/lib/modules/mt76x0u.ko
10-26 19:50:17.965     0     0 I dlkm_loader: Loading module /vendor/lib/modules/mt76x2-common.ko with args ''
10-26 19:50:17.990     0     0 I dlkm_loader: Loaded kernel module /vendor/lib/modules/mt76x2-common.ko
10-26 19:50:17.994     0     0 I dlkm_loader: Loading module /vendor/lib/modules/mt76x2u.ko with args ''
10-26 19:50:18.034   187   187 I HidlServiceManagement: Registered android.hardware.atrace@1.0::IAtraceDevice/default
10-26 19:50:18.034   187   187 I HidlServiceManagement: Removing namespace from process name android.hardware.atrace@1.0-service to atrace@1.0-service.
10-26 19:50:18.007     0     0 I init    : ... started service 'exec 4 (/system/bin/fsverity_init --load-verified-keys)' has pid 191
10-26 19:50:18.008     0     0 I usbcore : registered new interface driver mt76x2u
10-26 19:50:18.013     0     0 I dlkm_loader: Loaded kernel module /vendor/lib/modules/mt76x2u.ko
10-26 19:50:18.014     0     0 I init    : SVC_EXEC service 'exec 4 (/system/bin/fsverity_init --load-verified-keys)' pid 191 (uid 0 gid 0+0 context default) started; waiting...
10-26 19:50:18.017     0     0 I dlkm_loader: Loading module /vendor/lib/modules/nd_virtio.ko with args ''
10-26 19:50:18.023     0     0 I init    : Command 'exec -- /system/bin/fsverity_init --load-verified-keys' action=late-fs (/system/etc/init/hw/init.rc:653) took 72ms and succeeded
10-26 19:50:18.035     0     0 I dlkm_loader: Loaded kernel module /vendor/lib/modules/nd_virtio.ko
10-26 19:50:18.041     0     0 I dlkm_loader: Loading module /vendor/lib/modules/net_failover.ko with args ''
10-26 19:50:18.052     0     0 I dlkm_loader: Loaded kernel module /vendor/lib/modules/net_failover.ko
10-26 19:50:18.056     0     0 I dlkm_loader: Loading module /vendor/lib/modules/pulse8-cec.ko with args ''
10-26 19:50:18.094   191   191 I fsverity_init: LoadKeyFromFile path=/system/etc/security/fsverity/fsverity-release.x509.der keyname=fsv_system_0
10-26 19:50:18.106   191   191 I fsverity_init: LoadKeyFromFile path=/product/etc/security/fsverity/gms_fsverity_cert.der keyname=fsv_product_0
10-26 19:50:18.071     0     0 I dlkm_loader: Loaded kernel module /vendor/lib/modules/pulse8-cec.ko
10-26 19:50:18.077     0     0 I dlkm_loader: Loading module /vendor/lib/modules/rtc-test.ko with args ''
10-26 19:50:18.079     0     0 I init    : Service 'exec 4 (/system/bin/fsverity_init --load-verified-keys)' (pid 191) exited with status 0 waiting took 0.115000 seconds
10-26 19:50:18.087     0     0 I init    : Sending signal 9 to service 'exec 4 (/system/bin/fsverity_init --load-verified-keys)' (pid 191) process group...
10-26 19:50:18.093     0     0 I libprocessgroup: Successfully killed process cgroup uid 0 pid 191 in 0ms
10-26 19:50:18.094     0     0 I rtc-test.0: registered as rtc1
10-26 19:50:18.098     0     0 I init    : processing action (late-fs) from (/system/etc/init/hw/init.rc:664)
10-26 19:50:18.102     0     0 I rtc-test.1: registered as rtc2
10-26 19:50:18.104     0     0 I init    : processing action (late-fs) from (/vendor/etc/init/hw/init.ranchu.rc:7)
10-26 19:50:18.150   190   190 I android.hardware.security.keymint-service: adding keymint service instance: android.hardware.security.keymint.IKeyMintDevice/default
10-26 19:50:18.110     0     0 I init    : [libfs_mgr] Invalid ext4 superblock on '/dev/block/vdc'
10-26 19:50:18.111     0     0 I rtc-test.2: registered as rtc3
10-26 19:50:18.115     0     0 E init    : [libfs_mgr] mount_with_alternatives(): skipping mount due to invalid magic, mountpoint=/data blk_dev=/dev/block/vdc rec[5].fs_type=ext4
10-26 19:50:18.120     0     0 I dlkm_loader: Loaded kernel module /vendor/lib/modules/rtc-test.ko
10-26 19:50:18.121     0     0 I dlkm_loader: Loading module /vendor/lib/modules/system_heap.ko with args ''
10-26 19:50:18.129     0     0 I init    : Calling: /system/bin/vdc cryptfs mountFstab /dev/block/vdc /data
10-26 19:50:18.170   190   190 I android.hardware.security.keymint-service: adding keymint service instance: android.hardware.security.secureclock.ISecureClock/default
10-26 19:50:18.133     0     0 I servicemanager: Found android.hardware.security.keymint.IKeyMintDevice/default in device VINTF manifest.
10-26 19:50:18.138     0     0 I servicemanager: Found android.hardware.security.secureclock.ISecureClock/default in device VINTF manifest.
10-26 19:50:18.175   190   190 I android.hardware.security.keymint-service: adding keymint service instance: android.hardware.security.sharedsecret.ISharedSecret/default
10-26 19:50:18.145     0     0 I servicemanager: Found android.hardware.security.sharedsecret.ISharedSecret/default in device VINTF manifest.
10-26 19:50:18.182   190   190 I android.hardware.security.keymint-service: adding keymint service instance: android.hardware.security.keymint.IRemotelyProvisionedComponent/default
10-26 19:50:18.151     0     0 I servicemanager: Found android.hardware.security.keymint.IRemotelyProvisionedComponent/default in device VINTF manifest.
10-26 19:50:18.156     0     0 I dlkm_loader: Loaded kernel module /vendor/lib/modules/system_heap.ko
10-26 19:50:18.156     0     0 I dlkm_loader: Loading module /vendor/lib/modules/test_meminit.ko with args ''
10-26 19:50:18.215   177   177 D vold    : fscrypt_mount_metadata_encrypted: /data encrypt: 0 format: 0 with null block device: /dev/block/vdc and zoned device: 
10-26 19:50:18.216   177   177 D vold    : metadata_key_dir/key: /metadata/vold/metadata_encryption/key
10-26 19:50:18.181     0     0 D vdc     : Waited 0ms for vold
10-26 19:50:18.217   177   177 D vold    : Key exists, using: /metadata/vold/metadata_encryption/key
10-26 19:50:18.191     0     0 I servicemanager: Since 'android.system.keystore2.IKeystoreService/default' could not be found, trying to start it as a lazy AIDL service. (if it's not configured to be a lazy service, it may be stuck starting or still starting).
10-26 19:50:18.221     0     0 I test_meminit: all 10 tests in test_pages passed
10-26 19:50:18.230     0     0 I test_meminit: all 40 tests in test_kvmalloc passed
10-26 19:50:18.328   186   186 I keystore2: system/security/keystore2/src/keystore2_main.rs:61 - Keystore2 is starting.
10-26 19:50:18.329   186   186 I keystore2: system/security/keystore2/src/keystore2_main.rs:67 - Setting up sqlite logging for keystore2
10-26 19:50:18.344   186   186 W keystore2: system/security/keystore2/src/metrics_store.rs:577 - In update_keystore_crash_sysprop: Failed to read the existing system property due to: system/security/keystore2/src/metrics_store.rs:608: Property not set..Therefore, keystore crashes will not be logged.
10-26 19:50:18.351   186   186 I keystore2: system/security/keystore2/src/keystore2_main.rs:97 - Starting thread pool now.
10-26 19:50:18.359   186   194 I keystore2: getDeviceHalManifest: Reading VINTF information.
10-26 19:50:18.360   186   186 I keystore2: system/security/keystore2/src/globals.rs:256 - KeyMint device is current version (Some(300)) for security level: r#TRUSTED_ENVIRONMENT
10-26 19:50:18.368   164   164 I hwservicemanager: getTransport: Cannot find entry android.hardware.keymaster@4.0::IKeymasterDevice/default in either framework or device VINTF manifest.
10-26 19:50:18.368   164   164 I hwservicemanager: getTransport: Cannot find entry android.hardware.keymaster@3.0::IKeymasterDevice/default in either framework or device VINTF manifest.
10-26 19:50:18.338     0     0 I servicemanager: Found android.system.keystore2.IKeystoreService/default in framework VINTF manifest.
10-26 19:50:18.342     0     0 I BpBinder: onLastStrongRef automatically unlinking death recipients:
10-26 19:50:18.380   186   194 I keystore2: getDeviceHalManifest: Successfully processed VINTF information
10-26 19:50:18.385   186   196 I SELinux : SELinux: Loaded keystore2 context from:
10-26 19:50:18.385   186   196 I SELinux : 		/system/etc/selinux/plat_keystore2_key_contexts
10-26 19:50:18.387   186   194 I keystore2: system/security/keystore2/src/shared_secret_negotiation.rs:47 - Shared secret negotiation concluded successfully.
10-26 19:50:18.388   186   186 I keystore2: system/security/keystore2/src/keystore2_main.rs:152 - Successfully registered Keystore 2.0 service.
10-26 19:50:18.388   186   186 I keystore2: system/security/keystore2/src/keystore2_main.rs:154 - Joining thread pool now.
10-26 19:50:18.392   164   164 I hwservicemanager: getTransport: Cannot find entry android.hardware.keymaster@4.0::IKeymasterDevice/default in either framework or device VINTF manifest.
10-26 19:50:18.394   164   164 I hwservicemanager: getTransport: Cannot find entry android.hardware.keymaster@3.0::IKeymasterDevice/default in either framework or device VINTF manifest.
10-26 19:50:18.394   186   194 I keystore2: system/security/keystore2/src/shared_secret_negotiation.rs:294 - No StrongBox Keymint available, so no RoT transfer
10-26 19:50:18.397   177   177 D vold    : Mounting metadata-encrypted filesystem:/data
10-26 19:50:18.401   177   177 I vold    : AIDL IBootControl not available, falling back to HIDL.
10-26 19:50:18.402   164   164 I hwservicemanager: getTransport: Cannot find entry android.hardware.boot@1.0::IBootControl/default in either framework or device VINTF manifest.
10-26 19:50:18.402   177   177 E vold    : Error getting bootctrl v1.0 module.
10-26 19:50:18.366     0     0 I servicemanager: Could not find android.hardware.boot.IBootControl/default in the VINTF manifest.
10-26 19:50:18.370     0     0 E vold    : Error getting bootctrl v1.0 module.
10-26 19:50:18.405   177   177 I vold    : [libfs_mgr] superblock s_max_mnt_count:65535,/dev/block/dm-40
10-26 19:50:18.405   177   177 I vold    : [libfs_mgr] Filesystem on /dev/block/dm-40 was not cleanly shutdown; state flags: 0x1, incompat feature flags: 0x30046
10-26 19:50:18.374     0     0 W EXT4-fs : Ignoring removed nomblk_io_submit option
10-26 19:50:18.376     0     0 I EXT4-fs (dm-40): Using encoding defined by superblock: utf8-12.1.0 with flags 0x0
10-26 19:50:18.545     0     0 I test_meminit: all 70 tests in test_kmemcache passed
10-26 19:50:18.550     0     0 I test_meminit: all 10 tests in test_rcu_persistent passed
10-26 19:50:18.554     0     0 I test_meminit: all 130 tests passed!
10-26 19:50:18.557     0     0 I dlkm_loader: Loaded kernel module /vendor/lib/modules/test_meminit.ko
10-26 19:50:18.562     0     0 I dlkm_loader: Loading module /vendor/lib/modules/usbip-core.ko with args ''
10-26 19:50:18.578     0     0 I dlkm_loader: Loaded kernel module /vendor/lib/modules/usbip-core.ko
10-26 19:50:18.583     0     0 I dlkm_loader: Loading module /vendor/lib/modules/vhci-hcd.ko with args ''
10-26 19:50:18.597     0     0 I vhci_hcd.0: USB/IP Virtual Host Controller
10-26 19:50:18.599     0     0 I vhci_hcd.0: new USB bus registered, assigned bus number 2
10-26 19:50:18.604     0     0 I vhci_hcd: created sysfs vhci_hcd.0
10-26 19:50:18.606     0     0 I usb2    : New USB device found, idVendor=1d6b, idProduct=0002, bcdDevice= 6.01
10-26 19:50:18.610     0     0 I usb2    : New USB device strings: Mfr=3, Product=2, SerialNumber=1
10-26 19:50:18.614     0     0 I usb2    : Product: USB/IP Virtual Host Controller
10-26 19:50:18.617     0     0 I usb2    : Manufacturer: Linux 6.1.23-android14-4-00257-g7e35917775b8-ab9964412 vhci_hcd
10-26 19:50:18.624     0     0 I usb2    : SerialNumber: vhci_hcd.0
10-26 19:50:18.626     0     0 I hub 2-0 : 1.0: USB hub found
10-26 19:50:18.628     0     0 I hub 2-0 : 1.0: 8 ports detected
10-26 19:50:18.630     0     0 I vhci_hcd.0: USB/IP Virtual Host Controller
10-26 19:50:18.633     0     0 I vhci_hcd.0: new USB bus registered, assigned bus number 3
10-26 19:50:18.637     0     0 I usb3    : We don't know the algorithms for LPM for this host, disabling LPM.
10-26 19:50:18.641     0     0 I usb3    : New USB device found, idVendor=1d6b, idProduct=0003, bcdDevice= 6.01
10-26 19:50:18.646     0     0 I usb3    : New USB device strings: Mfr=3, Product=2, SerialNumber=1
10-26 19:50:18.651     0     0 I usb3    : Product: USB/IP Virtual Host Controller
10-26 19:50:18.656     0     0 I usb3    : Manufacturer: Linux 6.1.23-android14-4-00257-g7e35917775b8-ab9964412 vhci_hcd
10-26 19:50:18.660     0     0 I usb3    : SerialNumber: vhci_hcd.0
10-26 19:50:18.666     0     0 I hub 3-0 : 1.0: USB hub found
10-26 19:50:18.669     0     0 I hub 3-0 : 1.0: 8 ports detected
10-26 19:50:18.675     0     0 I dlkm_loader: Loaded kernel module /vendor/lib/modules/vhci-hcd.ko
10-26 19:50:18.680     0     0 I dlkm_loader: Loading module /vendor/lib/modules/virt_wifi.ko with args ''
10-26 19:50:18.692     0     0 I dlkm_loader: Loaded kernel module /vendor/lib/modules/virt_wifi.ko
10-26 19:50:18.696     0     0 I dlkm_loader: Loading module /vendor/lib/modules/virtio-gpu.ko with args ''
10-26 19:50:18.714     0     0 I dlkm_loader: Loaded kernel module /vendor/lib/modules/virtio-gpu.ko
10-26 19:50:18.718     0     0 I dlkm_loader: Loading module /vendor/lib/modules/virtio_balloon.ko with args ''
10-26 19:50:18.728     0     0 I dlkm_loader: Loaded kernel module /vendor/lib/modules/virtio_balloon.ko
10-26 19:50:18.732     0     0 I dlkm_loader: Loading module /vendor/lib/modules/virtio_input.ko with args ''
10-26 19:50:18.764     0     0 I input   : virtio_input_multi_touch_1 as /devices/pci0000:00/0000:00:0d.0/virtio10/input/input3
10-26 19:50:18.789     0     0 I input   : virtio_input_multi_touch_2 as /devices/pci0000:00/0000:00:0e.0/virtio11/input/input4
10-26 19:50:18.817     0     0 I input   : virtio_input_multi_touch_3 as /devices/pci0000:00/0000:00:0f.0/virtio12/input/input5
10-26 19:50:18.840     0     0 I input   : virtio_input_multi_touch_4 as /devices/pci0000:00/0000:00:10.0/virtio13/input/input6
10-26 19:50:18.865     0     0 I input   : virtio_input_multi_touch_5 as /devices/pci0000:00/0000:00:11.0/virtio14/input/input7
10-26 19:50:18.887     0     0 I input   : virtio_input_multi_touch_6 as /devices/pci0000:00/0000:00:12.0/virtio15/input/input8
10-26 19:50:18.911     0     0 I input   : virtio_input_multi_touch_7 as /devices/pci0000:00/0000:00:13.0/virtio16/input/input9
10-26 19:50:18.934     0     0 I input   : virtio_input_multi_touch_8 as /devices/pci0000:00/0000:00:14.0/virtio17/input/input10
10-26 19:50:18.955     0     0 I input   : virtio_input_multi_touch_9 as /devices/pci0000:00/0000:00:15.0/virtio18/input/input11
10-26 19:50:18.982     0     0 I input   : virtio_input_multi_touch_10 as /devices/pci0000:00/0000:00:16.0/virtio19/input/input12
10-26 19:50:19.008     0     0 I input   : virtio_input_multi_touch_11 as /devices/pci0000:00/0000:00:17.0/virtio20/input/input13
10-26 19:50:19.014     0     0 I dlkm_loader: Loaded kernel module /vendor/lib/modules/virtio_input.ko
10-26 19:50:19.020     0     0 I dlkm_loader: Loading module /vendor/lib/modules/virtio_net.ko with args ''
10-26 19:50:19.049     0     0 I dlkm_loader: Loaded kernel module /vendor/lib/modules/virtio_net.ko
10-26 19:50:19.054     0     0 I dlkm_loader: Loading module /vendor/lib/modules/virtio_pmem.ko with args ''
10-26 19:50:19.062     0     0 I dlkm_loader: Loaded kernel module /vendor/lib/modules/virtio_pmem.ko
10-26 19:50:19.066     0     0 I dlkm_loader: Loading module /vendor/lib/modules/virtio_snd.ko with args ''
10-26 19:50:19.085     0     0 I dlkm_loader: Loaded kernel module /vendor/lib/modules/virtio_snd.ko
10-26 19:50:19.089     0     0 I dlkm_loader: module vkms is blocklisted
10-26 19:50:19.091     0     0 E dlkm_loader: LoadWithAliases was unable to load vkms
10-26 19:50:19.095     0     0 I dlkm_loader: module load count is 43
10-26 19:50:19.100     0     0 I         : dlkm_loader (148) used greatest stack depth: 10904 bytes left
10-26 19:50:19.751     0     0 I EXT4-fs (dm-40): 2 orphan inodes deleted
10-26 19:50:19.752     0     0 I EXT4-fs (dm-40): recovery complete
10-26 19:50:19.795   177   177 I vold    : [libfs_mgr] check_fs(): mount(/dev/block/dm-40,/data,ext4)=0: Success
10-26 19:50:19.761     0     0 I EXT4-fs (dm-40): mounted filesystem with ordered data mode. Quota mode: journalled.
10-26 19:50:19.764     0     0 I EXT4-fs (dm-40): unmounting filesystem.
10-26 19:50:19.830   177   177 I vold    : [libfs_mgr] umount_retry(): unmount(/data) succeeded
10-26 19:50:19.830   177   177 I vold    : [libfs_mgr] Running /system/bin/e2fsck on /dev/block/dm-40
10-26 19:50:19.841     0     0 I e2fsck  : e2fsck 1.46.6 (1-Feb-2023)
10-26 19:50:19.900     0     0 I e2fsck  : Pass 1: Checking inodes, blocks, and sizes
10-26 19:50:21.525     0     0 I e2fsck  : Pass 2: Checking directory structure
10-26 19:50:21.721     0     0 I e2fsck  : Pass 3: Checking directory connectivity
10-26 19:50:21.727     0     0 I e2fsck  : Pass 4: Checking reference counts
10-26 19:50:21.730     0     0 I e2fsck  : Pass 5: Checking group summary information
10-26 19:50:21.746     0     0 I e2fsck  : /dev/block/dm-40: 11375/393216 files (7.5% non-contiguous), 376104/1572864 blocks
10-26 19:50:21.783   177   177 I vold    : [libfs_mgr] superblock s_max_mnt_count:65535,/dev/block/dm-40
10-26 19:50:21.783   177   177 W vold    : [libfs_mgr] Reserved blocks 32768 is too large; capping to 31457
10-26 19:50:21.751     0     0 W vold    : [libfs_mgr] Reserved blocks 32768 is too large; capping to 31457
10-26 19:50:21.752     0     0 W EXT4-fs : Ignoring removed nomblk_io_submit option
10-26 19:50:21.753     0     0 I EXT4-fs (dm-40): Using encoding defined by superblock: utf8-12.1.0 with flags 0x0
10-26 19:50:21.790   177   177 I vold    : [libfs_mgr] __mount(source=/dev/block/dm-40,target=/data,type=ext4)=0: Success
10-26 19:50:21.790   177   177 D vold    : Mounted /data
10-26 19:50:21.757     0     0 I EXT4-fs (dm-40): mounted filesystem with ordered data mode. Quota mode: journalled.
10-26 19:50:21.762     0     0 I init    : Userdata mounted using /vendor/etc/fstab.ranchu result : 7
10-26 19:50:21.762     0     0 I init    : Keyring created with id 347063402 in process 1
10-26 19:50:21.763     0     0 I init    : Command 'mount_all /vendor/etc/fstab.ranchu --late' action=late-fs (/vendor/etc/init/hw/init.ranchu.rc:9) took 3655ms and succeeded
10-26 19:50:21.764     0     0 I init    : Service 'vendor.dlkm_loader' (pid 148) exited with status 0 oneshot service took 5.520000 seconds in background
10-26 19:50:21.766     0     0 I init    : Sending signal 9 to service 'vendor.dlkm_loader' (pid 148) process group...
10-26 19:50:21.767     0     0 I libprocessgroup: Successfully killed process cgroup uid 0 pid 148 in 0ms
10-26 19:50:22.196   162   193 W libc    : Unable to set property "ctl.interface_start" to "aidl/android.system.keystore2.IKeystoreService/default": error code: 0x20
10-26 19:50:22.160     0     0 E init    : Control message: Could not find 'aidl/android.system.keystore2.IKeystoreService/default' for ctl.interface_start from pid: 162 (/system/bin/servicemanager)
10-26 19:50:22.164     0     0 I init    : processing action (post-fs-data) from (/system/etc/init/hw/init.rc:678)
10-26 19:50:22.164     0     0 I servicemanager: Tried to start aidl service android.system.keystore2.IKeystoreService/default as a lazy service, but was unable to. Usually this happens when a service is not installed, but if the service is intended to be used as a lazy service, then it may be configured incorrectly.
10-26 19:50:22.166     0     0 I init    : starting service 'exec 5 (/system/bin/vdc checkpoint prepareCheckpoint)'...
10-26 19:50:22.185     0     0 I init    : ... started service 'exec 5 (/system/bin/vdc checkpoint prepareCheckpoint)' has pid 214
10-26 19:50:22.188     0     0 I init    : SVC_EXEC service 'exec 5 (/system/bin/vdc checkpoint prepareCheckpoint)' pid 214 (uid 1000 gid 1000+0 context default) started; waiting...
10-26 19:50:22.228   177   177 I Checkpoint: cp_prepareCheckpoint called
10-26 19:50:22.197     0     0 I init    : Service 'exec 5 (/system/bin/vdc checkpoint prepareCheckpoint)' (pid 214) exited with status 0 waiting took 0.023000 seconds
10-26 19:50:22.198     0     0 I init    : Sending signal 9 to service 'exec 5 (/system/bin/vdc checkpoint prepareCheckpoint)' (pid 214) process group...
10-26 19:50:22.199     0     0 I libprocessgroup: Successfully killed process cgroup uid 1000 pid 214 in 0ms
10-26 19:50:22.202     0     0 I init    : starting service 'exec 6 (/system/bin/vdc --wait cryptfs enablefilecrypto)'...
10-26 19:50:22.204     0     0 I init    : ... started service 'exec 6 (/system/bin/vdc --wait cryptfs enablefilecrypto)' has pid 215
10-26 19:50:22.206     0     0 I init    : SVC_EXEC service 'exec 6 (/system/bin/vdc --wait cryptfs enablefilecrypto)' pid 215 (uid 0 gid 0+0 context default) started; waiting...
10-26 19:50:22.243   177   177 I vold    : fscrypt_initialize_systemwide_keys
10-26 19:50:22.243   177   177 D vold    : Key exists, using: /data/unencrypted/key
10-26 19:50:22.211     0     0 D vdc     : Waited 0ms for vold
10-26 19:50:22.248   177   177 D vold    : Installed fscrypt key with ref 8781c8a67be75ff8bd17e3e79e370e61 to /data
10-26 19:50:22.248   177   177 D vold    : Added fscrypt-provisioning key for 8781c8a67be75ff8bd17e3e79e370e61 to session keyring
10-26 19:50:22.274   177   177 I vold    : Wrote system DE key reference to:/data/unencrypted/ref
10-26 19:50:22.274   177   177 D vold    : Generating standard storage key
10-26 19:50:22.274   177   177 D vold    : Installed fscrypt key with ref 3e78485a9677b2994a8e23f884516627 to /data
10-26 19:50:22.274   177   177 D vold    : Added fscrypt-provisioning key for 3e78485a9677b2994a8e23f884516627 to session keyring
10-26 19:50:22.275   177   177 I vold    : Wrote per boot key reference to:/data/unencrypted/per_boot_ref
10-26 19:50:22.244     0     0 I init    : Service 'exec 6 (/system/bin/vdc --wait cryptfs enablefilecrypto)' (pid 215) exited with status 0 waiting took 0.040000 seconds
10-26 19:50:22.246     0     0 I init    : Sending signal 9 to service 'exec 6 (/system/bin/vdc --wait cryptfs enablefilecrypto)' (pid 215) process group...
10-26 19:50:22.247     0     0 I libprocessgroup: Successfully killed process cgroup uid 0 pid 215 in 0ms
10-26 19:50:22.249     0     0 I init    : Verified that /data/bootchart has the encryption policy 8781c8a67be75ff8bd17e3e79e370e61 v2 modes 1/4 flags 0x2
10-26 19:50:22.250     0     0 I fscrypt : AES-256-CTS-CBC using implementation "cts-cbc-aes-aesni"
10-26 19:50:22.253     0     0 I fscrypt : AES-256-XTS using implementation "xts-aes-aesni"
10-26 19:50:22.255     0     0 I init    : Verified that /data/vendor has the encryption policy 8781c8a67be75ff8bd17e3e79e370e61 v2 modes 1/4 flags 0x2
10-26 19:50:22.258     0     0 I init    : Verified that /data/anr has the encryption policy 8781c8a67be75ff8bd17e3e79e370e61 v2 modes 1/4 flags 0x2
10-26 19:50:22.260     0     0 I init    : Verified that /data/tombstones has the encryption policy 8781c8a67be75ff8bd17e3e79e370e61 v2 modes 1/4 flags 0x2
10-26 19:50:22.262     0     0 I init    : starting service 'tombstoned'...
10-26 19:50:22.263     0     0 I init    : Created socket '/dev/socket/tombstoned_crash', mode 666, user 1000, group 1000
10-26 19:50:22.264     0     0 I init    : Created socket '/dev/socket/tombstoned_intercept', mode 666, user 1000, group 1000
10-26 19:50:22.265     0     0 I init    : Created socket '/dev/socket/tombstoned_java_trace', mode 666, user 1000, group 1000
10-26 19:50:22.294     0     0 I init    : ... started service 'tombstoned' has pid 218
10-26 19:50:22.295     0     0 I init    : Switched to default mount namespace
10-26 19:50:22.297     0     0 E init    : Failed to set encryption policy of /data/misc to 8781c8a67be75ff8bd17e3e79e370e61 v2 modes 1/4 flags 0x2: Directory not empty
10-26 19:50:22.357   219   219 W init    : type=1400 audit(0.0:4): avc:  denied  { execute_no_trans } for  path="/vendor/bin/toybox_vendor" dev="dm-4" ino=224 scontext=u:r:init:s0 tcontext=u:object_r:vendor_toolbox_exec:s0 tclass=file permissive=0 bug=b/183668221
10-26 19:50:22.329     0     0 E logwrapper: executing ls failed: Permission denied
10-26 19:50:22.330     0     0 E logwrapper:  
10-26 19:50:22.332     0     0 I ls      : executing ls failed: Permission denied
10-26 19:50:22.333     0     0 I ls      : ls terminated by exit(255)
10-26 19:50:22.335     0     0 I ls      :  
10-26 19:50:22.338     0     0 E init    : ls -laZ /data/misc returned failure: 255
10-26 19:50:22.372   218   218 I tombstoned: tombstoned successfully initialized
10-26 19:50:22.339     0     0 E init    : Setting 8781c8a67be75ff8bd17e3e79e370e61 policy on /data/misc failed!
10-26 19:50:22.340     0     0 E init    : Rebooting into recovery
10-26 19:50:22.341     0     0 I init    : Command 'mkdir /data/misc 01771 system misc encryption=Require' action=post-fs-data (/system/etc/init/hw/init.rc:717) took 45ms and failed: Failed to set bootloader message: failed to find /misc partition
10-26 19:50:22.344     0     0 I init    : starting service 'exec 7 (/system/bin/vdc keymaster earlyBootEnded)'...
10-26 19:50:22.408   177   177 I incfs   : Initial API level of the device: 34
10-26 19:50:22.409   177   177 I incfs   : ro.incremental.enable: yes
10-26 19:50:22.409   177   177 I incfs   : isFsAvailable: true
10-26 19:50:22.409   177   177 I incfs   : isFsAvailable: true
10-26 19:50:22.409   177   177 I incfs   : IncFs_Features: v2
10-26 19:50:22.365     0     0 I init    : ... started service 'exec 7 (/system/bin/vdc keymaster earlyBootEnded)' has pid 220
10-26 19:50:22.366     0     0 I init    : SVC_EXEC service 'exec 7 (/system/bin/vdc keymaster earlyBootEnded)' pid 220 (uid 1000 gid 1000+0 context default) started; waiting...
10-26 19:50:22.410   186   186 I keystore2: system/security/keystore2/src/maintenance.rs:206 - In early_boot_ended.
10-26 19:50:22.425   186   186 I keystore2: system/security/keystore2/src/globals.rs:66 - Touching Keystore 2.0 database for this first time since boot.
10-26 19:50:22.425   186   186 I keystore2: system/security/keystore2/src/globals.rs:68 - Calling cleanup leftovers.
10-26 19:50:22.425   186   186 I keystore2: system/security/keystore2/src/boot_level_keys.rs:57 - ro.keystore.boot_level_key.strategy not set, inferring from installed KM instances
10-26 19:50:22.425   186   186 I keystore2: system/security/keystore2/src/boot_level_keys.rs:115 - In get_level_zero_key: security_level=r#SOFTWARE, deny_later_strategy=EarlyBootOnly
10-26 19:50:22.429   186   186 I keystore2: system/security/keystore2/src/super_key.rs:293 - Starting boot level watcher.
10-26 19:50:22.429   186   222 I keystore2: system/security/keystore2/src/super_key.rs:325 - Read keystore.boot_level value 30
10-26 19:50:22.429   186   222 I keystore2: system/security/keystore2/src/super_key.rs:325 - Read keystore.boot_level value 30
10-26 19:50:22.429   186   186 I keystore2: system/security/keystore2/src/maintenance.rs:187 - Call to earlyBootEnded succeeded for security level TRUSTED_ENVIRONMENT.
10-26 19:50:22.430   164   164 I hwservicemanager: getTransport: Cannot find entry android.hardware.keymaster@4.0::IKeymasterDevice/default in either framework or device VINTF manifest.
10-26 19:50:22.430   164   164 I hwservicemanager: getTransport: Cannot find entry android.hardware.keymaster@3.0::IKeymasterDevice/default in either framework or device VINTF manifest.
10-26 19:50:22.430   186   186 E keystore2: system/security/keystore2/src/maintenance.rs:192 - Call to earlyBootEnded failed for security level STRONGBOX: system/security/keystore2/src/maintenance.rs:167: getting keymint device.
10-26 19:50:22.430   186   186 E keystore2: system/security/keystore2/src/error.rs:180 - system/security/keystore2/src/maintenance.rs:167: getting keymint device
10-26 19:50:22.430   186   186 E keystore2: 
10-26 19:50:22.430   186   186 E keystore2: Caused by:
10-26 19:50:22.430   186   186 E keystore2:     0: system/security/keystore2/src/globals.rs:335: Cannot connect to Keymint
10-26 19:50:22.430   186   186 E keystore2:     1: system/security/keystore2/src/globals.rs:246: Trying to get Legacy wrapper.
10-26 19:50:22.430   186   186 E keystore2:     2: Error::Km(r#HARDWARE_TYPE_UNAVAILABLE)
10-26 19:50:22.430   177   177 E vold    : keystore2 Keystore earlyBootEnded returned service specific error: -68
10-26 19:50:22.398     0     0 E vold    : keystore2 Keystore earlyBootEnded returned service specific error: -68
10-26 19:50:22.400     0     0 I init    : Service 'exec 7 (/system/bin/vdc keymaster earlyBootEnded)' (pid 220) exited with status 0 waiting took 0.054000 seconds
10-26 19:50:22.401     0     0 I init    : Sending signal 9 to service 'exec 7 (/system/bin/vdc keymaster earlyBootEnded)' (pid 220) process group...
10-26 19:50:22.402     0     0 I libprocessgroup: Successfully killed process cgroup uid 1000 pid 220 in 0ms
10-26 19:50:22.404     0     0 I init    : Verified that /data/property has the encryption policy 8781c8a67be75ff8bd17e3e79e370e61 v2 modes 1/4 flags 0x2
10-26 19:50:22.407     0     0 E init    : Could not set 'ro.logd.size' to '2M' in /data/local.prop: Read-only property was already set
10-26 19:50:22.410     0     0 I init    : Wait for property 'ro.persistent_properties.ready=true' took 4ms
10-26 19:50:22.411     0     0 I init    : service 'logd' requested start, but it is already running (flags: 4)
10-26 19:50:22.412     0     0 I init    : starting service 'logd-reinit'...
10-26 19:50:22.442     0     0 I init    : ... started service 'logd-reinit' has pid 223
10-26 19:50:22.443     0     0 I init    : Not setting encryption policy on: /data/apex
10-26 19:50:22.446     0     0 I init    : Verified that /data/apex/decompressed has the encryption policy 8781c8a67be75ff8bd17e3e79e370e61 v2 modes 1/4 flags 0x2
10-26 19:50:22.449     0     0 I init    : Verified that /data/app-staging has the encryption policy 8781c8a67be75ff8bd17e3e79e370e61 v2 modes 1/4 flags 0x2
10-26 19:50:22.450     0     0 I init    : Verified that /data/apex/ota_reserved has the encryption policy 8781c8a67be75ff8bd17e3e79e370e61 v2 modes 1/4 flags 0x2
10-26 19:50:22.452     0     0 I init    : starting service 'apexd'...
10-26 19:50:22.473     0     0 I logd    : logd reinit
10-26 19:50:22.474     0     0 I init    : ... started service 'apexd' has pid 224
10-26 19:50:22.476     0     0 E logd    : FrameworkListener: read() failed (Connection reset by peer)
10-26 19:50:22.478     0     0 I apexd   : Scanning /system/apex for pre-installed ApexFiles
10-26 19:50:22.479     0     0 I apexd   : Found pre-installed APEX /system/apex/com.android.vndk.current.apex
10-26 19:50:22.479     0     0 I init    : Service 'logd-reinit' (pid 223) exited with status 0 oneshot service took 0.066000 seconds in background
10-26 19:50:22.480     0     0 I apexd   : Found pre-installed APEX /system/apex/com.google.android.scheduling.apex
10-26 19:50:22.481     0     0 I init    : Sending signal 9 to service 'logd-reinit' (pid 223) process group...
10-26 19:50:22.482     0     0 I apexd   : Found pre-installed APEX /system/apex/com.google.android.resolv.apex
10-26 19:50:22.483     0     0 I libprocessgroup: Successfully killed process cgroup uid 1036 pid 223 in 0ms
10-26 19:50:22.484     0     0 I apexd   : Found pre-installed APEX /system/apex/com.google.mainline.primary.libs.apex
10-26 19:50:22.486     0     0 I apexd   : Found pre-installed APEX /system/apex/com.android.virt.apex
10-26 19:50:22.487     0     0 I apexd   : Found pre-installed APEX /system/apex/com.google.android.neuralnetworks.apex
10-26 19:50:22.489     0     0 I apexd   : Found pre-installed APEX /system/apex/com.google.android.configinfrastructure.apex
10-26 19:50:22.490     0     0 I apexd   : Found pre-installed APEX /system/apex/com.android.i18n.apex
10-26 19:50:22.491     0     0 I apexd   : Found pre-installed APEX /system/apex/com.google.android.wifi.apex
10-26 19:50:22.492     0     0 I apexd   : Found pre-installed APEX /system/apex/com.google.android.tzdata5.apex
10-26 19:50:22.494     0     0 I apexd   : Found pre-installed APEX /system/apex/com.google.android.os.statsd.apex
10-26 19:50:22.495     0     0 I apexd   : Found pre-installed APEX /system/apex/com.google.android.extservices.apex
10-26 19:50:22.496     0     0 I apexd   : Found pre-installed APEX /system/apex/com.google.android.permission.apex
10-26 19:50:22.497     0     0 I apexd   : Found pre-installed APEX /system/apex/com.android.apex.cts.shim.apex
10-26 19:50:22.498     0     0 I apexd   : Found pre-installed APEX /system/apex/com.google.android.appsearch.apex
10-26 19:50:22.500     0     0 I apexd   : Found pre-installed APEX /system/apex/com.google.android.rkpd.apex
10-26 19:50:22.500     0     0 I init    : Verified that /data/local has the encryption policy 8781c8a67be75ff8bd17e3e79e370e61 v2 modes 1/4 flags 0x2
10-26 19:50:22.501     0     0 I apexd   : Found pre-installed APEX /system/apex/com.google.android.adservices.apex
10-26 19:50:22.503     0     0 I apexd   : Found pre-installed APEX /system/apex/com.google.android.uwb.apex
10-26 19:50:22.504     0     0 I apexd   : Found pre-installed APEX /system/apex/com.google.android.sdkext.apex
10-26 19:50:22.505     0     0 I apexd   : Found pre-installed APEX /system/apex/com.google.android.adbd.apex
10-26 19:50:22.507     0     0 I apexd   : Found pre-installed APEX /system/apex/com.google.android.tethering.apex
10-26 19:50:22.508     0     0 I apexd   : Found pre-installed APEX /system/apex/com.google.android.ondevicepersonalization.apex
10-26 19:50:22.510     0     0 I apexd   : Found pre-installed APEX /system/apex/com.google.android.ipsec.apex
10-26 19:50:22.511     0     0 I apexd   : Found pre-installed APEX /system/apex/com.google.android.conscrypt.apex
10-26 19:50:22.511     0     0 I init    : starting service 'exec 8 (/bin/rm -rf /data/misc/virtualizationservice)'...
10-26 19:50:22.512     0     0 I apexd   : Found pre-installed APEX /system/apex/com.android.runtime.apex
10-26 19:50:22.514     0     0 I apexd   : Found pre-installed APEX /system/apex/com.google.android.media.swcodec.apex
10-26 19:50:22.515     0     0 I apexd   : Found pre-installed APEX /system/apex/com.google.android.devicelock.apex
10-26 19:50:22.516     0     0 I apexd   : Found pre-installed APEX /system/apex/com.google.android.btservices.apex
10-26 19:50:22.517     0     0 I apexd   : Found pre-installed APEX /system/apex/com.google.android.art.apex
10-26 19:50:22.518     0     0 I apexd   : Found pre-installed APEX /system/apex/com.google.android.mediaprovider.apex
10-26 19:50:22.519     0     0 I apexd   : Found pre-installed APEX /system/apex/com.google.android.healthfitness.apex
10-26 19:50:22.520     0     0 I apexd   : Found pre-installed APEX /system/apex/com.google.android.cellbroadcast.apex
10-26 19:50:22.521     0     0 I apexd   : Found pre-installed APEX /system/apex/com.google.android.media.apex
10-26 19:50:22.522     0     0 I apexd   : Scanning /system_ext/apex for pre-installed ApexFiles
10-26 19:50:22.523     0     0 W apexd   : /system_ext/apex does not exist. Skipping
10-26 19:50:22.523     0     0 I apexd   : Scanning /product/apex for pre-installed ApexFiles
10-26 19:50:22.524     0     0 W apexd   : /product/apex does not exist. Skipping
10-26 19:50:22.525     0     0 I apexd   : Scanning /vendor/apex for pre-installed ApexFiles
10-26 19:50:22.525     0     0 I apexd   : Found pre-installed APEX /vendor/apex/com.google.android.widevine.nonupdatable.apex
10-26 19:50:22.526     0     0 I apexd   : No block apex metadata partition found, not adding block apexes
10-26 19:50:22.527     0     0 I apexd   : Populating APEX database from mounts...
10-26 19:50:22.528     0     0 I apexd   : 0 packages restored.
10-26 19:50:22.529     0     0 I init    : ... started service 'exec 8 (/bin/rm -rf /data/misc/virtualizationservice)' has pid 225
10-26 19:50:22.531     0     0 I apexd   : Marking APEXd as starting
10-26 19:50:22.531     0     0 I init    : SVC_EXEC service 'exec 8 (/bin/rm -rf /data/misc/virtualizationservice)' pid 225 (uid 1081 gid 1000+0 context default) started; waiting...
10-26 19:50:22.532     0     0 I apexd   : Scanning /metadata/apex/sessions looking for sessions to be activated.
10-26 19:50:22.535     0     0 I apexd   : Scanning /data/apex/active for data ApexFiles
10-26 19:50:22.537     0     0 I apexd   : Selecting APEX for activation
10-26 19:50:22.537     0     0 I apexd   : Processing compressed APEX
10-26 19:50:22.538     0     0 I apexd   : Processing compressed APEX /system/apex/com.google.android.resolv.apex
10-26 19:50:22.543     0     0 I init    : Service 'exec 8 (/bin/rm -rf /data/misc/virtualizationservice)' (pid 225) exited with status 1 waiting took 0.013000 seconds
10-26 19:50:22.545     0     0 I init    : Sending signal 9 to service 'exec 8 (/bin/rm -rf /data/misc/virtualizationservice)' (pid 225) process group...
10-26 19:50:22.546     0     0 I libprocessgroup: Successfully killed process cgroup uid 1081 pid 225 in 0ms
10-26 19:50:22.547     0     0 I apexd   : Skipping decompression for /system/apex/com.google.android.resolv.apex
10-26 19:50:22.547     0     0 I init    : Not setting encryption policy on: /data/preloads
10-26 19:50:22.548     0     0 I apexd   : Processing compressed APEX /system/apex/com.google.android.configinfrastructure.apex
10-26 19:50:22.554     0     0 I init    : Verified that /data/app-private has the encryption policy 8781c8a67be75ff8bd17e3e79e370e61 v2 modes 1/4 flags 0x2
10-26 19:50:22.556     0     0 I apexd   : Skipping decompression for /system/apex/com.google.android.configinfrastructure.apex
10-26 19:50:22.557     0     0 I apexd   : Processing compressed APEX /system/apex/com.google.android.neuralnetworks.apex
10-26 19:50:22.558     0     0 I init    : Verified that /data/app-ephemeral has the encryption policy 8781c8a67be75ff8bd17e3e79e370e61 v2 modes 1/4 flags 0x2
10-26 19:50:22.562     0     0 I init    : Verified that /data/app-asec has the encryption policy 8781c8a67be75ff8bd17e3e79e370e61 v2 modes 1/4 flags 0x2
10-26 19:50:22.565     0     0 I apexd   : Skipping decompression for /system/apex/com.google.android.neuralnetworks.apex
10-26 19:50:22.565     0     0 I init    : Verified that /data/app-lib has the encryption policy 8781c8a67be75ff8bd17e3e79e370e61 v2 modes 1/4 flags 0x2
10-26 19:50:22.566     0     0 I apexd   : Processing compressed APEX /system/apex/com.google.android.cellbroadcast.apex
10-26 19:50:22.569     0     0 I init    : Verified that /data/app has the encryption policy 8781c8a67be75ff8bd17e3e79e370e61 v2 modes 1/4 flags 0x2
10-26 19:50:22.573     0     0 I init    : Verified that /data/fonts has the encryption policy 8781c8a67be75ff8bd17e3e79e370e61 v2 modes 1/4 flags 0x2
10-26 19:50:22.574     0     0 I apexd   : Skipping decompression for /system/apex/com.google.android.cellbroadcast.apex
10-26 19:50:22.575     0     0 I apexd   : Processing compressed APEX /system/apex/com.google.android.scheduling.apex
10-26 19:50:22.581     0     0 I init    : Verified that /data/dalvik-cache has the encryption policy 8781c8a67be75ff8bd17e3e79e370e61 v2 modes 1/4 flags 0x2
10-26 19:50:22.582     0     0 I apexd   : Skipping decompression for /system/apex/com.google.android.scheduling.apex
10-26 19:50:22.583     0     0 I apexd   : Processing compressed APEX /system/apex/com.google.android.wifi.apex
10-26 19:50:22.585     0     0 I init    : Verified that /data/ota has the encryption policy 8781c8a67be75ff8bd17e3e79e370e61 v2 modes 1/4 flags 0x2
10-26 19:50:22.588     0     0 I init    : Verified that /data/ota_package has the encryption policy 8781c8a67be75ff8bd17e3e79e370e61 v2 modes 1/4 flags 0x2
10-26 19:50:22.589     0     0 I apexd   : Skipping decompression for /system/apex/com.google.android.wifi.apex
10-26 19:50:22.591     0     0 I apexd   : Processing compressed APEX /system/apex/com.google.android.conscrypt.apex
10-26 19:50:22.592     0     0 I init    : Verified that /data/resource-cache has the encryption policy 8781c8a67be75ff8bd17e3e79e370e61 v2 modes 1/4 flags 0x2
10-26 19:50:22.594     0     0 I init    : Not setting encryption policy on: /data/lost+found
10-26 19:50:22.596     0     0 I init    : Verified that /data/drm has the encryption policy 8781c8a67be75ff8bd17e3e79e370e61 v2 modes 1/4 flags 0x2
10-26 19:50:22.597     0     0 I apexd   : Skipping decompression for /system/apex/com.google.android.conscrypt.apex
10-26 19:50:22.598     0     0 I apexd   : Processing compressed APEX /system/apex/com.google.android.appsearch.apex
10-26 19:50:22.600     0     0 I init    : Verified that /data/mediadrm has the encryption policy 8781c8a67be75ff8bd17e3e79e370e61 v2 modes 1/4 flags 0x2
10-26 19:50:22.603     0     0 I init    : Verified that /data/nfc has the encryption policy 8781c8a67be75ff8bd17e3e79e370e61 v2 modes 1/4 flags 0x2
10-26 19:50:22.606     0     0 I apexd   : Skipping decompression for /system/apex/com.google.android.appsearch.apex
10-26 19:50:22.607     0     0 I apexd   : Processing compressed APEX /system/apex/com.google.android.media.apex
10-26 19:50:22.608     0     0 I init    : Verified that /data/backup has the encryption policy 8781c8a67be75ff8bd17e3e79e370e61 v2 modes 1/4 flags 0x2
10-26 19:50:22.611     0     0 I init    : Verified that /data/ss has the encryption policy 8781c8a67be75ff8bd17e3e79e370e61 v2 modes 1/4 flags 0x2
10-26 19:50:22.612     0     0 I apexd   : Skipping decompression for /system/apex/com.google.android.media.apex
10-26 19:50:22.613     0     0 I init    : Verified that /data/system has the encryption policy 8781c8a67be75ff8bd17e3e79e370e61 v2 modes 1/4 flags 0x2
10-26 19:50:22.614     0     0 I apexd   : Processing compressed APEX /system/apex/com.google.android.os.statsd.apex
10-26 19:50:22.620     0     0 I selinux : SELinux: Skipping restorecon on directory(/data/system/shutdown-checkpoints)
10-26 19:50:22.621     0     0 I apexd   : Skipping decompression for /system/apex/com.google.android.os.statsd.apex
10-26 19:50:22.622     0     0 I init    : Not setting encryption policy on: /data/media
10-26 19:50:22.623     0     0 I apexd   : Processing compressed APEX /system/apex/com.google.android.rkpd.apex
10-26 19:50:22.625     0     0 I init    : Not setting encryption policy on: /data/misc_ce
10-26 19:50:22.626     0     0 I init    : Not setting encryption policy on: /data/misc_de
10-26 19:50:22.627     0     0 I init    : Not setting encryption policy on: /data/system_ce
10-26 19:50:22.629     0     0 I init    : Not setting encryption policy on: /data/system_de
10-26 19:50:22.629     0     0 I apexd   : Skipping decompression for /system/apex/com.google.android.rkpd.apex
10-26 19:50:22.630     0     0 I apexd   : Processing compressed APEX /system/apex/com.google.android.sdkext.apex
10-26 19:50:22.631     0     0 I init    : Not setting encryption policy on: /data/user
10-26 19:50:22.633     0     0 I init    : Not setting encryption policy on: /data/user_de
10-26 19:50:22.636     0     0 I init    : Not setting encryption policy on: /data/vendor_ce
10-26 19:50:22.636     0     0 I apexd   : Skipping decompression for /system/apex/com.google.android.sdkext.apex
10-26 19:50:22.638     0     0 I apexd   : Processing compressed APEX /system/apex/com.google.android.adservices.apex
10-26 19:50:22.640     0     0 I init    : Not setting encryption policy on: /data/vendor_de
10-26 19:50:22.641     0     0 I init    : starting service 'exec 9 (/system/bin/chattr +F /data/media)'...
10-26 19:50:22.644     0     0 I apexd   : Skipping decompression for /system/apex/com.google.android.adservices.apex
10-26 19:50:22.645     0     0 I apexd   : Processing compressed APEX /system/apex/com.google.android.mediaprovider.apex
10-26 19:50:22.650     0     0 I apexd   : Skipping decompression for /system/apex/com.google.android.mediaprovider.apex
10-26 19:50:22.651     0     0 I apexd   : Processing compressed APEX /system/apex/com.google.android.extservices.apex
10-26 19:50:22.655     0     0 I apexd   : Skipping decompression for /system/apex/com.google.android.extservices.apex
10-26 19:50:22.656     0     0 I apexd   : Processing compressed APEX /system/apex/com.google.android.uwb.apex
10-26 19:50:22.661     0     0 I apexd   : Skipping decompression for /system/apex/com.google.android.uwb.apex
10-26 19:50:22.662     0     0 I apexd   : Processing compressed APEX /system/apex/com.google.android.adbd.apex
10-26 19:50:22.667     0     0 I apexd   : Skipping decompression for /system/apex/com.google.android.adbd.apex
10-26 19:50:22.668     0     0 I apexd   : Processing compressed APEX /system/apex/com.google.android.media.swcodec.apex
10-26 19:50:22.669     0     0 I init    : ... started service 'exec 9 (/system/bin/chattr +F /data/media)' has pid 226
10-26 19:50:22.670     0     0 I init    : SVC_EXEC service 'exec 9 (/system/bin/chattr +F /data/media)' pid 226 (uid 1023 gid 1023+0 context default) started; waiting...
10-26 19:50:22.674     0     0 I apexd   : Skipping decompression for /system/apex/com.google.android.media.swcodec.apex
