10-26 19:50:26.878   467   467 W mediaextractor: libminijail[467]: compile_file: <fd>(42): previous definition here
10-26 19:50:26.878   467   467 W mediaextractor: libminijail[467]: compile_file: /apex/com.android.media/etc/seccomp_policy/crash_dump.x86_64.policy(19): syscall faccessat redefined here
10-26 19:50:26.878   467   467 W mediaextractor: libminijail[467]: compile_file: <fd>(32): previous definition here
10-26 19:50:26.878   467   467 W mediaextractor: libminijail[467]: compile_file: /apex/com.android.media/etc/seccomp_policy/crash_dump.x86_64.policy(28): syscall prctl redefined here
10-26 19:50:26.878   467   467 W mediaextractor: libminijail[467]: compile_file: <fd>(5): previous definition here
10-26 19:50:26.878   467   467 W mediaextractor: libminijail[467]: compile_file: /apex/com.android.media/etc/seccomp_policy/crash_dump.x86_64.policy(29): syscall madvise redefined here
10-26 19:50:26.879   467   467 W mediaextractor: libminijail[467]: compile_file: <fd>(12): previous definition here
10-26 19:50:26.879   467   467 W mediaextractor: libminijail[467]: compile_file: /apex/com.android.media/etc/seccomp_policy/crash_dump.x86_64.policy(30): syscall mprotect redefined here
10-26 19:50:26.879   467   467 W mediaextractor: libminijail[467]: compile_file: <fd>(18): previous definition here
10-26 19:50:26.879   467   467 W mediaextractor: libminijail[467]: compile_file: /apex/com.android.media/etc/seccomp_policy/crash_dump.x86_64.policy(31): syscall munmap redefined here
10-26 19:50:26.879   467   467 W mediaextractor: libminijail[467]: compile_file: <fd>(10): previous definition here
10-26 19:50:26.879   467   467 W mediaextractor: libminijail[467]: compile_file: /apex/com.android.media/etc/seccomp_policy/crash_dump.x86_64.policy(32): syscall getuid redefined here
10-26 19:50:26.879   467   467 W mediaextractor: libminijail[467]: compile_file: <fd>(22): previous definition here
10-26 19:50:26.879   467   467 W mediaextractor: libminijail[467]: compile_file: /apex/com.android.media/etc/seccomp_policy/crash_dump.x86_64.policy(33): syscall fstat redefined here
10-26 19:50:26.879   467   467 W mediaextractor: libminijail[467]: compile_file: <fd>(25): previous definition here
10-26 19:50:26.879   467   467 W mediaextractor: libminijail[467]: compile_file: /apex/com.android.media/etc/seccomp_policy/crash_dump.x86_64.policy(34): syscall mmap redefined here
10-26 19:50:26.879   467   467 W mediaextractor: libminijail[467]: compile_file: <fd>(11): previous definition here
10-26 19:50:26.881   467   467 W mediaextractor: libminijail[467]: logging seccomp filter failures
10-26 19:50:26.885   469   469 I mediaserver: ServiceManager: 0x773a53f53080
10-26 19:50:26.889   469   469 W BatteryNotifier: batterystats service unavailable!
10-26 19:50:26.890   469   469 W BatteryNotifier: batterystats service unavailable!
10-26 19:50:26.931   422   494 D AudioFlinger: updateHalSupportedLatencyModes_l: thread(13) status -38 supported latency modes: { }
10-26 19:50:26.933   422   422 V APM_AudioPolicyManager: setOutputDevices() AF::createAudioPatch returned 0 patchHandle 12 num_sources 1 num_sinks 1
10-26 19:50:26.937   422   422 E APM_AudioPolicyManager: invalid volume index range
10-26 19:50:26.937   422   422 E APM_AudioPolicyManager: invalid volume index range
10-26 19:50:26.937   422   422 E APM_AudioPolicyManager: invalid volume index range
10-26 19:50:26.937   422   422 V APM_AudioPolicyManager: checkAndSetVolume cannot set volume group 4 volume when is not requested for comm
10-26 19:50:26.937   422   422 E APM_AudioPolicyManager: invalid volume index range
10-26 19:50:26.937   422   422 E APM_AudioPolicyManager: invalid volume index range
10-26 19:50:26.937   422   422 E APM_AudioPolicyManager: invalid volume index range
10-26 19:50:26.937   422   422 E APM_AudioPolicyManager: invalid volume index range
10-26 19:50:26.937   422   422 E APM_AudioPolicyManager: invalid volume index range
10-26 19:50:26.937   422   422 E APM_AudioPolicyManager: invalid volume index range
10-26 19:50:26.937   422   422 E APM_AudioPolicyManager: invalid volume index range
10-26 19:50:26.937   422   422 E APM_AudioPolicyManager: invalid volume index range
10-26 19:50:26.938   422   422 I AudioFlinger: openOutput() this 0x7616b644a8a0, module 10 Device AUDIO_DEVICE_OUT_TELEPHONY_TX, @:, SamplingRate 48000, Format 0x000001, Channels 0x3, flags 0
10-26 19:50:26.944   422   422 I AudioFlinger: HAL output buffer size 1088 frames, normal sink buffer size 1088 frames
10-26 19:50:26.950   422   422 D AudioFlinger: Failed to add event callback
10-26 19:50:26.950   422   498 I AudioFlinger: AudioFlinger's thread 0x761924b5b930 tid=498 ready to run
10-26 19:50:26.951   422   498 W AudioFlinger: no wake lock to update, system not ready yet
10-26 19:50:26.952   422   498 D AudioFlinger: ro.audio.silent is ignored since no output device is set
10-26 19:50:26.952   428   492 I RenderEngine: OpenGL ES informations:
10-26 19:50:26.952   367   420 E android.hardware.audio@7.1-impl.ranchu: getPresentationPosition:510 failure: Result::INVALID_STATE
10-26 19:50:26.952   428   492 I RenderEngine: vendor    : Google (Google Inc.)
10-26 19:50:26.952   428   492 I RenderEngine: renderer  : Android Emulator OpenGL ES Translator (Google SwiftShader)
10-26 19:50:26.952   428   492 I RenderEngine: version   : OpenGL ES 3.0 (OpenGL ES 3.0 SwiftShader 4.0.0.1)
10-26 19:50:26.952   428   492 I RenderEngine: extensions: GL_EXT_debug_marker GL_EXT_robustness GL_OES_EGL_sync GL_OES_EGL_image GL_OES_EGL_image_external GL_OES_depth24 GL_OES_depth32 GL_OES_element_index_uint GL_OES_texture_float GL_OES_texture_float_linear GL_OES_compressed_paletted_texture GL_OES_compressed_ETC1_RGB8_texture GL_OES_depth_texture GL_OES_texture_half_float GL_OES_texture_half_float_linear GL_OES_packed_depth_stencil GL_OES_vertex_half_float GL_OES_standard_derivatives GL_OES_texture_npot GL_OES_rgb8_rgba8 GL_EXT_color_buffer_float GL_EXT_color_buffer_half_float GL_EXT_texture_format_BGRA8888 GL_APPLE_texture_format_BGRA8888 ANDROID_EMU_CHECKSUM_HELPER_v1 ANDROID_EMU_native_sync_v2 ANDROID_EMU_dma_v1 ANDROID_EMU_direct_mem ANDROID_EMU_host_composition_v1 ANDROID_EMU_host_composition_v2 ANDROID_EMU_vulkan ANDROID_EMU_deferred_vulkan_commands ANDROID_EMU_vulkan_null_optional_strings ANDROID_EMU_vulkan_create_resources_with_requirements ANDROID_EMU_YUV_Cache ANDROID_EMU_vulkan_ignored_handles ANDROID_EMU_has_shared_slots_host_memory_alloc
10-26 19:50:26.952   428   492 I RenderEngine: GL_MAX_TEXTURE_SIZE = 8192
10-26 19:50:26.952   428   492 I RenderEngine: GL_MAX_VIEWPORT_DIMS = 8192
10-26 19:50:26.960   452   452 W perfetto:          service.cc:248 Started traced, listening on /dev/socket/traced_producer /dev/socket/traced_consumer
10-26 19:50:26.982   449   449 I perfetto:  probes_producer.cc:341 Connected to the service
10-26 19:50:26.991   466   466 I installd: installd firing up
10-26 19:50:27.009   164   164 I hwservicemanager: getTransport: Cannot find entry android.hardware.graphics.mapper@4.0::IMapper/default in either framework or device VINTF manifest.
10-26 19:50:27.010   391   391 I ComposerResources: failed to get mapper 4.0 service, falling back to mapper 3.0
10-26 19:50:27.011   475   475 I gatekeeperd: Starting gatekeeperd...
10-26 19:50:26.973     0     0 I servicemanager: Found android.hardware.graphics.composer3.IComposer/default in device VINTF manifest.
10-26 19:50:27.017   477   477 I usbd    : persistent prop is adb
10-26 19:50:27.023   422   422 E APM_AudioPolicyManager: invalid volume index range
10-26 19:50:27.024   475   475 I ServiceManagerCppClient: Waiting for service 'android.hardware.gatekeeper.IGatekeeper/default' on '/dev/binder'...
10-26 19:50:27.005     0     0 I init    : service 'adbd' requested start, but it is already running (flags: 132)
10-26 19:50:27.007     0     0 I init    : Control message: Processed ctl.start for 'adbd' from pid: 477 (/system/bin/usbd)
10-26 19:50:27.014     0     0 I servicemanager: Could not find android.hardware.usb.gadget.IUsbGadget/default in the VINTF manifest.
10-26 19:50:27.054   164   164 I hwservicemanager: getTransport: Cannot find entry android.hardware.usb.gadget@1.0::IUsbGadget/default in either framework or device VINTF manifest.
10-26 19:50:27.054   477   477 I usbd    : Usb HAL not found
10-26 19:50:27.024     0     0 I init    : Service 'usbd' (pid 477) exited with status 0 oneshot service took 0.762000 seconds in background
10-26 19:50:27.027     0     0 I init    : Sending signal 9 to service 'usbd' (pid 477) process group...
10-26 19:50:27.065   422   422 E APM_AudioPolicyManager: invalid volume index range
10-26 19:50:27.065   422   422 E APM_AudioPolicyManager: invalid volume index range
10-26 19:50:27.065   422   422 V APM_AudioPolicyManager: checkAndSetVolume cannot set volume group 4 volume when is not requested for comm
10-26 19:50:27.065   422   422 E APM_AudioPolicyManager: invalid volume index range
10-26 19:50:27.065   422   422 E APM_AudioPolicyManager: invalid volume index range
10-26 19:50:27.065   422   422 E APM_AudioPolicyManager: invalid volume index range
10-26 19:50:27.065   422   422 E APM_AudioPolicyManager: invalid volume index range
10-26 19:50:27.066   471   471 I wificond: wificond is starting up...
10-26 19:50:27.029     0     0 I libprocessgroup: Successfully killed process cgroup uid 0 pid 477 in 0ms
10-26 19:50:27.073   422   498 W AudioFlinger: no wake lock to update, system not ready yet
10-26 19:50:27.073   422   498 D AudioFlinger: ro.audio.silent is ignored since no output device is set
10-26 19:50:27.077   441   455 I adbd    : adbd mDNS service _adb._tcp registered: 1
10-26 19:50:27.081   464   464 I idmap2d : Starting
10-26 19:50:27.050     0     0 I servicemanager: Could not find android.hardware.net.nlinterceptor.IInterceptor/default in the VINTF manifest.
10-26 19:50:27.060     0     0 I servicemanager: Found android.hardware.health.IHealth/default in device VINTF manifest.
10-26 19:50:27.103   471   471 I HidlServiceManagement: Registered android.system.wifi.keystore@1.0::IKeystore/default
10-26 19:50:27.115   470   470 I ServiceManagerCppClient: Waiting for service 'package_native' on '/dev/binder'...
10-26 19:50:27.139   422   422 E APM_AudioPolicyManager: invalid volume index range
10-26 19:50:27.139   422   422 E APM_AudioPolicyManager: invalid volume index range
10-26 19:50:27.139   422   422 E APM_AudioPolicyManager: invalid volume index range
10-26 19:50:27.139   422   422 E APM_AudioPolicyManager: invalid volume index range
10-26 19:50:27.145   422   422 V APM_AudioPolicyManager: selectOutputForMusicEffects selected output 13
10-26 19:50:27.145   422   422 V APM_AudioPolicyManager: setOutputDevices device {AUDIO_DEVICE_OUT_TELEPHONY_TX, @:} delayMs 0
10-26 19:50:27.145   422   422 V APM_AudioPolicyManager: setOutputDevices() prevDevice {AUDIO_DEVICE_OUT_TELEPHONY_TX, @:}
10-26 19:50:27.146   422   422 V APM_AudioPolicyManager: setOutputDevices changing device to {AUDIO_DEVICE_OUT_TELEPHONY_TX, @:}
10-26 19:50:27.150   422   498 D AudioFlinger: updateHalSupportedLatencyModes_l: thread(21) status -38 supported latency modes: { }
10-26 19:50:27.153   422   422 V APM_AudioPolicyManager: setOutputDevices() AF::createAudioPatch returned 0 patchHandle 20 num_sources 1 num_sinks 1
10-26 19:50:27.157   422   422 E APM_AudioPolicyManager: invalid volume index range
10-26 19:50:27.157   422   422 E APM_AudioPolicyManager: invalid volume index range
10-26 19:50:27.157   422   422 E APM_AudioPolicyManager: invalid volume index range
10-26 19:50:27.157   422   422 E APM_AudioPolicyManager: invalid volume index range
10-26 19:50:27.157   422   422 E APM_AudioPolicyManager: invalid volume index range
10-26 19:50:27.157   422   422 E APM_AudioPolicyManager: invalid volume index range
10-26 19:50:27.158   422   422 E APM_AudioPolicyManager: invalid volume index range
10-26 19:50:27.158   422   422 E APM_AudioPolicyManager: invalid volume index range
10-26 19:50:27.158   422   422 E APM_AudioPolicyManager: invalid volume index range
10-26 19:50:27.158   422   422 E APM_AudioPolicyManager: invalid volume index range
10-26 19:50:27.171   422   422 E APM_AudioPolicyManager: invalid volume index range
10-26 19:50:27.172   422   422 E APM_AudioPolicyManager: invalid volume index range
10-26 19:50:27.172   467   467 I MediaExtractorFactory: plugin directory not present (/system/lib64/extractors)
10-26 19:50:27.172   467   467 I MediaExtractorFactory: plugin directory not present (/system_ext/lib64/extractors)
10-26 19:50:27.190   391   391 E RanchuHwc: loadPersistentKeyValues: persistent key-value store path not available.
10-26 19:50:27.191   391   391 E RanchuHwc: getPersistentKeyValue: failed to load pmem json
10-26 19:50:27.191   391   391 E RanchuHwc: getBootConfigId: display:0 failed to get persistent boot config
10-26 19:50:27.191   391   391 D RanchuHwc: init display:0 with config: id: 0 w:1080 h:2400 dpi-x:420 dpi-y:420 vsync:60.000002 config-group:0
10-26 19:50:27.191   391   391 E RanchuHwc: start: failed to set Vsync thread name: Math result not representable
10-26 19:50:27.191   391   391 E RanchuHwc: start: failed to set Vsync thread priority: Invalid argument
10-26 19:50:27.191   391   512 I RanchuHwc: Vsync thread for display:0 starting
10-26 19:50:27.195   164   164 I hwservicemanager: getTransport: Cannot find entry android.hardware.graphics.mapper@4.0::IMapper/default in either framework or device VINTF manifest.
10-26 19:50:27.195   391   391 I Gralloc4: mapper 4.x is not supported
10-26 19:50:27.160     0     0 I servicemanager: Could not find android.hardware.graphics.allocator.IAllocator/default in the VINTF manifest.
10-26 19:50:27.238   422   513 I AudioFlinger: AudioFlinger's thread 0x761924616bb0 tid=513 ready to run
10-26 19:50:27.251   422   513 W AudioFlinger: no wake lock to update, system not ready yet
10-26 19:50:27.258   391   391 E android.hardware.graphics.composer3-service.ranchu: freeBuffer:127 failed with 'Error3::BAD_BUFFER'
10-26 19:50:27.258   391   391 E Gralloc3: freeBuffer(0x0) failed with 2
10-26 19:50:27.266   391   391 E android.hardware.graphics.composer3-service.ranchu: freeBuffer:127 failed with 'Error3::BAD_BUFFER'
10-26 19:50:27.267   391   391 E Gralloc3: freeBuffer(0x0) failed with 2
10-26 19:50:27.267   391   391 E android.hardware.graphics.composer3-service.ranchu: freeBuffer:127 failed with 'Error3::BAD_BUFFER'
10-26 19:50:27.267   391   391 E Gralloc3: freeBuffer(0x0) failed with 2
10-26 19:50:27.277   391   391 E android.hardware.graphics.composer3-service.ranchu: freeBuffer:127 failed with 'Error3::BAD_BUFFER'
10-26 19:50:27.277   391   391 E Gralloc3: freeBuffer(0x0) failed with 2
10-26 19:50:27.277   391   391 E android.hardware.graphics.composer3-service.ranchu: freeBuffer:127 failed with 'Error3::BAD_BUFFER'
10-26 19:50:27.277   391   391 E Gralloc3: freeBuffer(0x0) failed with 2
10-26 19:50:27.277   391   391 E android.hardware.graphics.composer3-service.ranchu: freeBuffer:127 failed with 'Error3::BAD_BUFFER'
10-26 19:50:27.277   391   391 E Gralloc3: freeBuffer(0x0) failed with 2
10-26 19:50:27.278   428   428 I HwcComposer: Loaded AIDL composer3 HAL service
10-26 19:50:27.278   428   428 W surfaceflinger: Binder 0x7f53b8d576e8 destroyed after setMinSchedulerPolicy before being parceled.
10-26 19:50:27.278   428   428 W surfaceflinger: Binder 0x7f53b8d576e8 destroyed after setMinSchedulerPolicy before being parceled.
10-26 19:50:27.278   428   428 I HWComposer: Switching to generalized multi-display mode
10-26 19:50:27.283   428   428 I SurfaceFlinger: Connecting display 4619827259835644672 (HAL ID 0)
10-26 19:50:27.283   463   463 I cameraserver: ServiceManager: 0x7711dcb0fa90
10-26 19:50:27.293   463   463 I CameraService: CameraService started (pid=463)
10-26 19:50:27.293   463   463 I CameraService: CameraService process starting
10-26 19:50:27.295   463   463 W BatteryNotifier: batterystats service unavailable!
10-26 19:50:27.295   463   463 W BatteryNotifier: batterystats service unavailable!
10-26 19:50:27.297   422   515 I AudioFlinger: AudioFlinger's thread 0x761924616bb0 tid=515 ready to run
10-26 19:50:27.306   422   515 W AudioFlinger: no wake lock to update, system not ready yet
10-26 19:50:27.308   422   515 W AudioFlinger: no wake lock to update, system not ready yet
10-26 19:50:27.310   463   463 I cameraserver: Connecting to new camera provider: internal/0, isRemote? 1
10-26 19:50:27.311   428   428 E HwcComposer: getPerFrameMetadataKeys failed Status(-8, EX_SERVICE_SPECIFIC): '8: '
10-26 19:50:27.311   463   463 W BpBinder: Linking to death on android.hardware.camera.provider.ICameraProvider but there are no threads (yet?) listening to incoming transactions. See ProcessState::startThreadPool and ProcessState::setThreadPoolMaxThreadCount. Generally you should setup the binder threadpool before other initialization steps.
10-26 19:50:27.280     0     0 I servicemanager: Could not find android.hardware.graphics.allocator.IAllocator/default in the VINTF manifest.
10-26 19:50:27.318   164   164 I hwservicemanager: getTransport: Cannot find entry android.hardware.graphics.mapper@4.0::IMapper/default in either framework or device VINTF manifest.
10-26 19:50:27.318   428   428 I Gralloc4: mapper 4.x is not supported
10-26 19:50:27.352   463   463 I CameraProviderManager: Enumerating new camera device: device@1.1/internal/1
10-26 19:50:27.352   370   370 W StreamConfigurationMap: StreamConfigurationMap: ANDROID_SCALER_AVAILABLE_STREAM_CONFIGURATIONS missing, maxResolution ? true!
10-26 19:50:27.353   370   370 W StreamConfigurationMap: StreamConfigurationMap: ANDROID_SCALER_AVAILABLE_MIN_FRAME_DURATIONS missing!, max resolution ? true
10-26 19:50:27.353   370   370 W StreamConfigurationMap: StreamConfigurationMap: ANDROID_SCALER_AVAILABLE_STALL_DURATIONS missing! maxResolution ? true
10-26 19:50:27.353   370   370 I EmulatedCameraDeviceHwlImpl: Create: Created EmulatedCameraDeviceHwlImpl for camera 1
10-26 19:50:27.354   370   370 D GCH_Utils: FindLibraryPaths: Unable to open directory /vendor/lib64/camera/capture_sessions/ (No such file or directory)
10-26 19:50:27.354   370   370 I GCH_CameraDevice: Create: Created a camera device for public(1)
10-26 19:50:27.374   463   463 W CameraProviderManager: Camera provider internal/0 says an unknown camera device@1.1/internal/1 now has torch status 1. Curious.
10-26 19:50:27.374   463   463 I CameraProviderManager: Camera provider internal/0 ready with 1 camera devices
10-26 19:50:27.381   463   463 I cameraserver: Connecting to new camera provider: internal/1, isRemote? 1
10-26 19:50:27.381   463   463 W BpBinder: Linking to death on android.hardware.camera.provider.ICameraProvider but there are no threads (yet?) listening to incoming transactions. See ProcessState::startThreadPool and ProcessState::setThreadPoolMaxThreadCount. Generally you should setup the binder threadpool before other initialization steps.
10-26 19:50:27.382   463   463 I CameraProviderManager: Camera provider internal/1 ready with 0 camera devices
10-26 19:50:27.382   463   463 I CameraService: onDeviceStatusChanged: Status changed for cameraId=1, newStatus=1
10-26 19:50:27.382   463   463 I CameraService: onDeviceStatusChanged: Unknown camera ID 1, a new camera is added
10-26 19:50:27.382   422   521 I AudioFlinger: AudioFlinger's thread 0x761924616bb0 tid=521 ready to run
10-26 19:50:27.388   463   463 I HidlServiceManagement: Registered android.frameworks.cameraservice.service@2.2::ICameraService/default
10-26 19:50:27.391   367   420 I r_submix: adev_open(name=audio_hw_if)
10-26 19:50:27.392   422   422 D AudioFlinger::MelReporter: activateHalSoundDoseComputation: Forcing use of internal MEL computation.
10-26 19:50:27.392   422   422 W AudioFlinger: loadHwModule() sound dose reporting is not available
10-26 19:50:27.392   367   420 I r_submix: adev_init_check()
10-26 19:50:27.362     0     0 I servicemanager: Found android.frameworks.cameraservice.service.ICameraService/default in framework VINTF manifest.
10-26 19:50:27.396   422   422 I AudioFlinger: loadHwModule() Loaded r_submix audio interface, handle 18
10-26 19:50:27.397   367   420 D r_submix: adev_open_input_stream(addr=0)
10-26 19:50:27.397   367   420 I r_submix: adev_open_input_stream(): about to create pipe at index 9, rate 48000, pipe size 4096
10-26 19:50:27.397   367   420 D r_submix: submix_audio_device_create_pipe_l(addr=0, idx=9)
10-26 19:50:27.397   367   420 D r_submix:   now using address 0 for route 9
10-26 19:50:27.404   422   523 I AudioFlinger: AudioFlinger's thread 0x761924616bb0 tid=523 ready to run
10-26 19:50:27.405   367   504 D r_submix: adev_close_input_stream()
10-26 19:50:27.405   367   504 D r_submix: submix_audio_device_release_pipe_l(idx=9) addr=0
10-26 19:50:27.405   367   504 D r_submix: submix_audio_device_destroy_pipe_l(): pipe destroyed
10-26 19:50:27.405   463   463 I CameraService: CameraService pinged cameraservice proxy
10-26 19:50:27.407   463   463 I cameraserver: ServiceManager: 0x7711dcb0fa90 done instantiate
10-26 19:50:27.365     0     0 I servicemanager: Found android.frameworks.cameraservice.service.ICameraService/default in framework VINTF manifest.
10-26 19:50:27.408   463   463 W CameraProviderManager: addAidlProviderLocked: Camera provider HAL with name 'android.hardware.camera.provider.ICameraProvider/internal/0' already registered
10-26 19:50:27.408   463   463 W CameraProviderManager: addAidlProviderLocked: Camera provider HAL with name 'android.hardware.camera.provider.ICameraProvider/internal/1' already registered
10-26 19:50:27.421   422   422 D AudioFlinger::MelReporter: activateHalSoundDoseComputation: Forcing use of internal MEL computation.
10-26 19:50:27.421   422   422 W AudioFlinger: loadHwModule() sound dose reporting is not available
10-26 19:50:27.430   422   422 I AudioFlinger: loadHwModule() Loaded bluetooth audio interface, handle 26
10-26 19:50:27.433   164   164 I hwservicemanager: getTransport: Cannot find entry android.hardware.audio.effect@7.1::IEffectsFactory/default in either framework or device VINTF manifest.
10-26 19:50:27.437   428   428 I Scheduler: Display 4619827259835644672 is the pacesetter
10-26 19:50:27.438   428   528 W EventThread: Ignoring VSYNC request while display is disconnected
10-26 19:50:27.440   422   422 I audioserver: Waiting for activity service
10-26 19:50:27.452   428   528 W EventThread: Ignoring VSYNC request while display is disconnected
10-26 19:50:27.454   428   530 W EventThread: Ignoring VSYNC request while display is disconnected
10-26 19:50:27.458   428   428 I Scheduler: Display 4619827259835644672 is the pacesetter
10-26 19:50:27.458   428   533 W SurfaceFlinger: Failed to set thread name on dispatch thread
10-26 19:50:27.460   164   164 I hwservicemanager: getTransport: Cannot find entry android.frameworks.displayservice@1.0::IDisplayService/default in either framework or device VINTF manifest.
10-26 19:50:27.460   428   428 E HidlServiceManagement: Service android.frameworks.displayservice@1.0::IDisplayService/default must be in VINTF manifest in order to register/get.
10-26 19:50:27.460   428   428 E SurfaceFlinger: Did not register (deprecated) IDisplayService service.
10-26 19:50:27.460   428   428 D SurfaceFlinger: Setting power mode 2 on display 4619827259835644672
10-26 19:50:27.461   428   428 D SurfaceFlinger: Finished setting power mode 2 on display 4619827259835644672
10-26 19:50:27.430     0     0 I init    : starting service 'bootanim'...
10-26 19:50:27.444     0     0 I init    : ... started service 'bootanim' has pid 535
10-26 19:50:27.445     0     0 I init    : Control message: Processed ctl.start for 'bootanim' from pid: 428 (/system/bin/surfaceflinger)
10-26 19:50:27.530   362   362 D AndroidRuntime: >>>>>> START com.android.internal.os.ZygoteInit uid 0 <<<<<<
10-26 19:50:27.571   362   362 I AndroidRuntime: Using default boot image
10-26 19:50:27.572   362   362 I AndroidRuntime: Leaving lock profiling enabled
10-26 19:50:27.579   362   362 I zygote64: option[0]=-Xzygote
10-26 19:50:27.579   362   362 I zygote64: option[1]=exit
10-26 19:50:27.579   362   362 I zygote64: option[2]=vfprintf
10-26 19:50:27.579   362   362 I zygote64: option[3]=sensitiveThread
10-26 19:50:27.579   362   362 I zygote64: option[4]=-verbose:gc
10-26 19:50:27.579   362   362 I zygote64: option[5]=-XX:PerfettoHprof=true
10-26 19:50:27.579   362   362 I zygote64: option[6]=-XX:PerfettoJavaHeapStackProf=true
10-26 19:50:27.579   362   362 I zygote64: option[7]=-Xprimaryzygote
10-26 19:50:27.580   362   362 I zygote64: option[8]=-Xms8m
10-26 19:50:27.580   362   362 I zygote64: option[9]=-Xmx512m
10-26 19:50:27.580   362   362 I zygote64: option[10]=-XX:HeapGrowthLimit=192m
10-26 19:50:27.580   362   362 I zygote64: option[11]=-XX:HeapMinFree=512k
10-26 19:50:27.580   362   362 I zygote64: option[12]=-XX:HeapMaxFree=8m
10-26 19:50:27.580   362   362 I zygote64: option[13]=-XX:HeapTargetUtilization=0.75
10-26 19:50:27.580   362   362 I zygote64: option[14]=-Xusejit:true
10-26 19:50:27.580   362   362 I zygote64: option[15]=-Xjitsaveprofilinginfo
10-26 19:50:27.580   362   362 I zygote64: option[16]=-XMadviseWillNeedVdexFileSize:104857600
10-26 19:50:27.580   362   362 I zygote64: option[17]=-XMadviseWillNeedOdexFileSize:104857600
10-26 19:50:27.580   362   362 I zygote64: option[18]=-XMadviseWillNeedArtFileSize:4294967295
10-26 19:50:27.580   362   362 I zygote64: option[19]=-XjdwpOptions:suspend=n,server=y
10-26 19:50:27.580   362   362 I zygote64: option[20]=-XjdwpProvider:default
10-26 19:50:27.580   362   362 I zygote64: option[21]=-Xopaque-jni-ids:swapable
10-26 19:50:27.580   362   362 I zygote64: option[22]=-Xlockprofthreshold:500
10-26 19:50:27.580   362   362 I zygote64: option[23]=-Xcompiler-option
10-26 19:50:27.580   362   362 I zygote64: option[24]=--instruction-set-variant=x86_64
10-26 19:50:27.580   362   362 I zygote64: option[25]=-Xcompiler-option
10-26 19:50:27.580   362   362 I zygote64: option[26]=--instruction-set-features=default
10-26 19:50:27.580   362   362 I zygote64: option[27]=-Xcompiler-option
10-26 19:50:27.580   362   362 I zygote64: option[28]=--generate-mini-debug-info
10-26 19:50:27.580   362   362 I zygote64: option[29]=-Ximage-compiler-option
10-26 19:50:27.580   362   362 I zygote64: option[30]=--runtime-arg
10-26 19:50:27.580   362   362 I zygote64: option[31]=-Ximage-compiler-option
10-26 19:50:27.580   362   362 I zygote64: option[32]=-Xms64m
10-26 19:50:27.580   362   362 I zygote64: option[33]=-Ximage-compiler-option
10-26 19:50:27.580   362   362 I zygote64: option[34]=--runtime-arg
10-26 19:50:27.580   362   362 I zygote64: option[35]=-Ximage-compiler-option
10-26 19:50:27.580   362   362 I zygote64: option[36]=-Xmx64m
10-26 19:50:27.580   362   362 I zygote64: option[37]=-Ximage-compiler-option
10-26 19:50:27.580   362   362 I zygote64: option[38]=--dirty-image-objects=/system/etc/dirty-image-objects
10-26 19:50:27.580   362   362 I zygote64: option[39]=-Ximage-compiler-option
10-26 19:50:27.580   362   362 I zygote64: option[40]=--instruction-set-variant=x86_64
10-26 19:50:27.580   362   362 I zygote64: option[41]=-Ximage-compiler-option
10-26 19:50:27.580   362   362 I zygote64: option[42]=--instruction-set-features=default
10-26 19:50:27.580   362   362 I zygote64: option[43]=-Ximage-compiler-option
10-26 19:50:27.580   362   362 I zygote64: option[44]=--generate-mini-debug-info
10-26 19:50:27.580   362   362 I zygote64: option[45]=-Duser.locale=en-US
10-26 19:50:27.580   362   362 I zygote64: option[46]=-XX:NativeBridge=libndk_translation.so
10-26 19:50:27.580   362   362 I zygote64: option[47]=--cpu-abilist=x86_64,arm64-v8a
10-26 19:50:27.580   362   362 I zygote64: option[48]=-Xcore-platform-api-policy:just-warn
10-26 19:50:27.580   362   362 I zygote64: option[49]=-Xfingerprint:google/sdk_gphone64_x86_64/emu64xa:14/UE1A.230829.050/12077443:userdebug/dev-keys
10-26 19:50:27.582   462   462 I bt_vhci_forwarder: ignore 0xff packet
10-26 19:50:27.585   362   362 I zygote64: Core platform API reporting enabled, enforcing=false
10-26 19:50:27.586   362   362 I zygote64: Using CollectorTypeCC GC.
10-26 19:50:27.598   473   473 I mediaswcodec: media swcodec service starting
10-26 19:50:27.604   473   473 W mediaswcodec: Could not read additional policy file '/vendor/etc/seccomp_policy/mediaswcodec.policy'
10-26 19:50:27.604   473   473 W mediaswcodec: libminijail[473]: failed to get path of fd 5: No such file or directory
10-26 19:50:27.605   473   473 W mediaswcodec: libminijail[473]: allowing syscall: socket
10-26 19:50:27.605   473   473 W mediaswcodec: libminijail[473]: allowing syscall: connect
10-26 19:50:27.605   473   473 W mediaswcodec: libminijail[473]: allowing syscall: fcntl
10-26 19:50:27.605   473   473 W mediaswcodec: libminijail[473]: allowing syscall: writev
10-26 19:50:27.605   473   473 W mediaswcodec: libminijail[473]: compile_file: <fd>(20): nonexistent syscall 'getuid32'
10-26 19:50:27.605   473   473 W mediaswcodec: libminijail[473]: compile_file: <fd>(26): nonexistent syscall 'mmap2'
10-26 19:50:27.605   473   473 W mediaswcodec: libminijail[473]: compile_file: <fd>(28): nonexistent syscall 'fstat64'
10-26 19:50:27.605   473   473 W mediaswcodec: libminijail[473]: compile_file: <fd>(31): nonexistent syscall 'stat64'
10-26 19:50:27.605   473   473 W mediaswcodec: libminijail[473]: compile_file: <fd>(32): nonexistent syscall 'statfs64'
10-26 19:50:27.605   473   473 W mediaswcodec: libminijail[473]: compile_file: <fd>(34): nonexistent syscall 'fstatat64'
10-26 19:50:27.605   473   473 W mediaswcodec: libminijail[473]: compile_file: <fd>(39): nonexistent syscall '_llseek'
10-26 19:50:27.605   473   473 W mediaswcodec: libminijail[473]: compile_file: <fd>(48): nonexistent syscall 'ugetrlimit'
10-26 19:50:27.605   473   473 W mediaswcodec: libminijail[473]: compile_file: <fd>(51): nonexistent syscall '_llseek'
10-26 19:50:27.605   473   473 W mediaswcodec: libminijail[473]: compile_file: <fd>(52): nonexistent syscall 'fstatfs64'
10-26 19:50:27.605   473   473 W mediaswcodec: libminijail[473]: compile_file: <fd>(64): nonexistent syscall 'ftruncate64'
10-26 19:50:27.605   473   473 W mediaswcodec: libminijail[473]: compile_file: <fd>(70): syscall gettid redefined here
10-26 19:50:27.606   473   473 W mediaswcodec: libminijail[473]: compile_file: <fd>(67): previous definition here
10-26 19:50:27.610   473   473 W mediaswcodec: libminijail[473]: compile_file: /apex/com.android.media.swcodec/etc/seccomp_policy/crash_dump.x86_64.policy(1): syscall read redefined here
10-26 19:50:27.610   473   473 W mediaswcodec: libminijail[473]: compile_file: <fd>(15): previous definition here
10-26 19:50:27.610   473   473 W mediaswcodec: libminijail[473]: compile_file: /apex/com.android.media.swcodec/etc/seccomp_policy/crash_dump.x86_64.policy(2): syscall write redefined here
10-26 19:50:27.610   473   473 W mediaswcodec: libminijail[473]: compile_file: <fd>(58): previous definition here
10-26 19:50:27.610   473   473 W mediaswcodec: libminijail[473]: compile_file: /apex/com.android.media.swcodec/etc/seccomp_policy/crash_dump.x86_64.policy(3): syscall exit redefined here
10-26 19:50:27.610   473   473 W mediaswcodec: libminijail[473]: compile_file: <fd>(45): previous definition here
10-26 19:50:27.610   473   473 W mediaswcodec: libminijail[473]: compile_file: /apex/com.android.media.swcodec/etc/seccomp_policy/crash_dump.x86_64.policy(4): syscall rt_sigreturn redefined here
10-26 19:50:27.610   473   473 W mediaswcodec: libminijail[473]: compile_file: <fd>(47): previous definition here
10-26 19:50:27.610   473   473 W mediaswcodec: libminijail[473]: compile_file: /apex/com.android.media.swcodec/etc/seccomp_policy/crash_dump.x86_64.policy(5): syscall exit_group redefined here
10-26 19:50:27.610   473   473 W mediaswcodec: libminijail[473]: compile_file: <fd>(46): previous definition here
10-26 19:50:27.610   473   473 W mediaswcodec: libminijail[473]: compile_file: /apex/com.android.media.swcodec/etc/seccomp_policy/crash_dump.x86_64.policy(8): syscall futex redefined here
10-26 19:50:27.610   473   473 W mediaswcodec: libminijail[473]: compile_file: <fd>(36): previous definition here
10-26 19:50:27.610   473   473 W mediaswcodec: libminijail[473]: compile_file: /apex/com.android.media.swcodec/etc/seccomp_policy/crash_dump.x86_64.policy(10): syscall getpid redefined here
10-26 19:50:27.610   473   473 W mediaswcodec: libminijail[473]: compile_file: <fd>(69): previous definition here
10-26 19:50:27.610   473   473 W mediaswcodec: libminijail[473]: compile_file: /apex/com.android.media.swcodec/etc/seccomp_policy/crash_dump.x86_64.policy(11): syscall gettid redefined here
10-26 19:50:27.610   473   473 W mediaswcodec: libminijail[473]: compile_file: <fd>(67): previous definition here
10-26 19:50:27.610   473   473 W mediaswcodec: libminijail[473]: compile_file: /apex/com.android.media.swcodec/etc/seccomp_policy/crash_dump.x86_64.policy(14): syscall openat redefined here
10-26 19:50:27.610   473   473 W mediaswcodec: libminijail[473]: compile_file: <fd>(18): previous definition here
10-26 19:50:27.610   473   473 W mediaswcodec: libminijail[473]: compile_file: /apex/com.android.media.swcodec/etc/seccomp_policy/crash_dump.x86_64.policy(15): syscall dup redefined here
10-26 19:50:27.610   473   473 W mediaswcodec: libminijail[473]: compile_file: <fd>(56): previous definition here
10-26 19:50:27.611   473   473 W mediaswcodec: libminijail[473]: compile_file: /apex/com.android.media.swcodec/etc/seccomp_policy/crash_dump.x86_64.policy(16): syscall close redefined here
10-26 19:50:27.611   473   473 W mediaswcodec: libminijail[473]: compile_file: <fd>(25): previous definition here
10-26 19:50:27.611   473   473 W mediaswcodec: libminijail[473]: compile_file: /apex/com.android.media.swcodec/etc/seccomp_policy/crash_dump.x86_64.policy(17): syscall lseek redefined here
10-26 19:50:27.611   473   473 W mediaswcodec: libminijail[473]: compile_file: <fd>(40): previous definition here
10-26 19:50:27.611   473   473 W mediaswcodec: libminijail[473]: compile_file: /apex/com.android.media.swcodec/etc/seccomp_policy/crash_dump.x86_64.policy(19): syscall faccessat redefined here
10-26 19:50:27.611   473   473 W mediaswcodec: libminijail[473]: compile_file: <fd>(38): previous definition here
10-26 19:50:27.611   473   473 W mediaswcodec: libminijail[473]: compile_file: /apex/com.android.media.swcodec/etc/seccomp_policy/crash_dump.x86_64.policy(28): syscall prctl redefined here
10-26 19:50:27.611   473   473 W mediaswcodec: libminijail[473]: compile_file: <fd>(17): previous definition here
10-26 19:50:27.611   473   473 W mediaswcodec: libminijail[473]: compile_file: /apex/com.android.media.swcodec/etc/seccomp_policy/crash_dump.x86_64.policy(29): syscall madvise redefined here
10-26 19:50:27.611   473   473 W mediaswcodec: libminijail[473]: compile_file: <fd>(33): previous definition here
10-26 19:50:27.611   473   473 W mediaswcodec: libminijail[473]: compile_file: /apex/com.android.media.swcodec/etc/seccomp_policy/crash_dump.x86_64.policy(30): syscall mprotect redefined here
10-26 19:50:27.611   473   473 W mediaswcodec: libminijail[473]: compile_file: <fd>(16): previous definition here
10-26 19:50:27.611   473   473 W mediaswcodec: libminijail[473]: compile_file: /apex/com.android.media.swcodec/etc/seccomp_policy/crash_dump.x86_64.policy(31): syscall munmap redefined here
10-26 19:50:27.611   473   473 W mediaswcodec: libminijail[473]: compile_file: <fd>(37): previous definition here
10-26 19:50:27.611   473   473 W mediaswcodec: libminijail[473]: compile_file: /apex/com.android.media.swcodec/etc/seccomp_policy/crash_dump.x86_64.policy(32): syscall getuid redefined here
10-26 19:50:27.611   473   473 W mediaswcodec: libminijail[473]: compile_file: <fd>(21): previous definition here
10-26 19:50:27.611   473   473 W mediaswcodec: libminijail[473]: compile_file: /apex/com.android.media.swcodec/etc/seccomp_policy/crash_dump.x86_64.policy(33): syscall fstat redefined here
10-26 19:50:27.611   473   473 W mediaswcodec: libminijail[473]: compile_file: <fd>(29): previous definition here
10-26 19:50:27.611   473   473 W mediaswcodec: libminijail[473]: compile_file: /apex/com.android.media.swcodec/etc/seccomp_policy/crash_dump.x86_64.policy(34): syscall mmap redefined here
10-26 19:50:27.611   473   473 W mediaswcodec: libminijail[473]: compile_file: <fd>(27): previous definition here
10-26 19:50:27.615   473   473 W mediaswcodec: libminijail[473]: logging seccomp filter failures
10-26 19:50:27.616   473   473 I CodecServiceRegistrant: Creating software Codec2 service...
10-26 19:50:27.621   473   473 D C2Store : Default ION heapmask = -1
10-26 19:50:27.621   473   473 D C2Store : Default ION flags = 0
10-26 19:50:27.621   473   473 D C2Store : Default ION align = 0
10-26 19:50:27.624   473   473 I HidlServiceManagement: Registered android.hardware.media.c2@1.2::IComponentStore/software
10-26 19:50:27.626   473   473 I CodecServiceRegistrant: Preferred Codec2 store is set to "default".
10-26 19:50:27.626   473   473 I CodecServiceRegistrant: Software Codec2 service created and registered.
10-26 19:50:27.607     0     0 I init    : Service 'exec 16 (/system/bin/profcollectctl reset)' (pid 430) exited with status 0 oneshot service took 2.604000 seconds in background
10-26 19:50:27.611     0     0 I init    : Sending signal 9 to service 'exec 16 (/system/bin/profcollectctl reset)' (pid 430) process group...
10-26 19:50:27.613     0     0 I libprocessgroup: Successfully killed process cgroup uid 0 pid 430 in 0ms
10-26 19:50:27.677     0     0 I servicemanager: Found android.hardware.radio.data.IRadioData/slot1 in device VINTF manifest.
10-26 19:50:27.681     0     0 I servicemanager: Found android.hardware.radio.messaging.IRadioMessaging/slot1 in device VINTF manifest.
10-26 19:50:27.684     0     0 I servicemanager: Found android.hardware.radio.modem.IRadioModem/slot1 in device VINTF manifest.
10-26 19:50:27.687     0     0 I servicemanager: Found android.hardware.radio.network.IRadioNetwork/slot1 in device VINTF manifest.
10-26 19:50:27.691     0     0 I servicemanager: Found android.hardware.radio.sim.IRadioSim/slot1 in device VINTF manifest.
10-26 19:50:27.694     0     0 I servicemanager: Found android.hardware.radio.voice.IRadioVoice/slot1 in device VINTF manifest.
10-26 19:50:27.698     0     0 I servicemanager: Found android.hardware.radio.ims.IRadioIms/slot1 in device VINTF manifest.
10-26 19:50:27.700     0     0 I servicemanager: Found android.hardware.radio.ims.media.IImsMedia/default in device VINTF manifest.
10-26 19:50:27.701     0     0 I servicemanager: Found android.hardware.radio.modem.IRadioModem/slot1 in device VINTF manifest.
10-26 19:50:27.703     0     0 I servicemanager: Service 'android.hardware.radio.modem.IRadioModem/slot1' originally registered from PID 472 but it is being registered again from PID 472. Bad state? Late death notification? Multiple instances installed?
10-26 19:50:27.707     0     0 I BpBinder: onLastStrongRef automatically unlinking death recipients:
10-26 19:50:27.710     0     0 I servicemanager: Found android.hardware.radio.sim.IRadioSim/slot1 in device VINTF manifest.
10-26 19:50:27.712     0     0 I servicemanager: Service 'android.hardware.radio.sim.IRadioSim/slot1' originally registered from PID 472 but it is being registered again from PID 472. Bad state? Late death notification? Multiple instances installed?
10-26 19:50:27.721     0     0 I BpBinder: onLastStrongRef automatically unlinking death recipients:
10-26 19:50:27.760   535   535 I BootAnimation: boot animation disabled
10-26 19:50:27.724     0     0 I servicemanager: Found android.hardware.radio.config.IRadioConfig/default in device VINTF manifest.
10-26 19:50:27.728     0     0 I servicemanager: Could not find android.hardware.radio.sap.ISap/slot1 in the VINTF manifest.
10-26 19:50:27.762     0     0 I init    : Service 'bootanim' (pid 535) exited with status 0 oneshot service took 0.323000 seconds in background
10-26 19:50:27.764     0     0 I init    : Sending signal 9 to service 'bootanim' (pid 535) process group...
10-26 19:50:27.767     0     0 I libprocessgroup: Successfully killed process cgroup uid 1003 pid 535 in 0ms
10-26 19:50:28.967   362   362 D nativeloader: InitDefaultPublicLibraries for_preload=1: libandroid.so:libaaudio.so:libamidi.so:libbinder_ndk.so:libc.so:libcamera2ndk.so:libdl.so:libEGL.so:libGLESv1_CM.so:libGLESv2.so:libGLESv3.so:libicu.so:libicui18n.so:libicuuc.so:libjnigraphics.so:liblog.so:libmediandk.so:libm.so:libnativehelper.so:libnativewindow.so:libOpenMAXAL.so:libOpenSLES.so:libRS.so:libstdc++.so:libsync.so:libvulkan.so:libwebviewchromium_plat_support.so:libz.so
10-26 19:50:29.323   360   360 W ServiceManagerCppClient: Service statscompanion didn't start. Returning NULL
10-26 19:50:29.357   362   362 D zygote64: Time zone APEX ICU file found: /apex/com.android.tzdata/etc/icu/icu_tzdata.dat
10-26 19:50:29.372   360   360 I statsd  : Statsd starts to listen to socket.
10-26 19:50:29.381   362   362 D zygote64: I18n APEX ICU file found: /apex/com.android.i18n/etc/icu/icudt72l.dat
10-26 19:50:29.764   362   362 I zygote64: Using memfd for future sealing
10-26 19:50:29.863   362   362 W zygote64: Unexpected CPU variant for x86: x86_64.
10-26 19:50:29.863   362   362 W zygote64: Known variants: atom, sandybridge, silvermont, goldmont, goldmont-plus, tremont, kabylake, default
10-26 19:50:30.587   362   547 I zygote64: Background verification of 154 classes from boot classpath took 387.162ms
10-26 19:50:30.603   362   362 D Zygote  : begin preload
10-26 19:50:30.603   362   362 I Zygote  : Calling ZygoteHooks.beginPreload()
10-26 19:50:30.786   362   362 V Zygote64Timing: BeginPreload took to complete: 183ms
10-26 19:50:30.786   362   362 I Zygote  : Preloading classes...
10-26 19:50:30.952   362   362 W Zygote  : Class not found for preloading: android.content.res.AssetFileDescriptor$AutoCloseInputStream$OffsetCorrectFileChannel
10-26 19:50:30.960   362   362 I Typeface: Preloading /system/fonts/Roboto-Regular.ttf
10-26 19:50:30.961   362   362 I Typeface: Preloading /system/fonts/RobotoStatic-Regular.ttf
10-26 19:50:30.964   362   362 W System  : No Compatibility callbacks set! Querying change 247079863
10-26 19:50:30.966   362   362 W System  : No Compatibility callbacks set! Querying change 247079863
10-26 19:50:30.967   362   362 W System  : No Compatibility callbacks set! Querying change 247079863
10-26 19:50:30.967   362   362 W System  : No Compatibility callbacks set! Querying change 247079863
10-26 19:50:30.967   362   362 W System  : No Compatibility callbacks set! Querying change 247079863
10-26 19:50:30.967   362   362 W System  : No Compatibility callbacks set! Querying change 247079863
10-26 19:50:30.967   362   362 W System  : No Compatibility callbacks set! Querying change 247079863
10-26 19:50:30.967   362   362 W System  : No Compatibility callbacks set! Querying change 247079863
10-26 19:50:30.968   362   362 W System  : No Compatibility callbacks set! Querying change 247079863
10-26 19:50:30.969   362   362 W System  : No Compatibility callbacks set! Querying change 247079863
10-26 19:50:30.969   362   362 W System  : No Compatibility callbacks set! Querying change 247079863
10-26 19:50:30.969   362   362 W System  : No Compatibility callbacks set! Querying change 247079863
10-26 19:50:30.969   362   362 W System  : No Compatibility callbacks set! Querying change 247079863
10-26 19:50:30.969   362   362 W System  : No Compatibility callbacks set! Querying change 247079863
10-26 19:50:30.969   362   362 W System  : No Compatibility callbacks set! Querying change 247079863
10-26 19:50:30.969   362   362 W System  : No Compatibility callbacks set! Querying change 247079863
10-26 19:50:30.970   362   362 W System  : No Compatibility callbacks set! Querying change 247079863
10-26 19:50:30.970   362   362 W System  : No Compatibility callbacks set! Querying change 247079863
10-26 19:50:30.970   362   362 W System  : No Compatibility callbacks set! Querying change 247079863
10-26 19:50:30.970   362   362 W System  : No Compatibility callbacks set! Querying change 247079863
10-26 19:50:30.970   362   362 W System  : No Compatibility callbacks set! Querying change 247079863
10-26 19:50:30.970   362   362 W System  : No Compatibility callbacks set! Querying change 247079863
10-26 19:50:30.970   362   362 W System  : No Compatibility callbacks set! Querying change 247079863
10-26 19:50:30.971   362   362 W System  : No Compatibility callbacks set! Querying change 247079863
10-26 19:50:30.971   362   362 W System  : No Compatibility callbacks set! Querying change 247079863
10-26 19:50:30.971   362   362 W System  : No Compatibility callbacks set! Querying change 247079863
10-26 19:50:30.971   362   362 W System  : No Compatibility callbacks set! Querying change 247079863
10-26 19:50:30.971   362   362 W System  : No Compatibility callbacks set! Querying change 247079863
10-26 19:50:30.971   362   362 W System  : No Compatibility callbacks set! Querying change 247079863
10-26 19:50:30.971   362   362 W System  : No Compatibility callbacks set! Querying change 247079863
10-26 19:50:30.971   362   362 W System  : No Compatibility callbacks set! Querying change 247079863
10-26 19:50:30.972   362   362 W System  : No Compatibility callbacks set! Querying change 247079863
10-26 19:50:30.972   362   362 W System  : No Compatibility callbacks set! Querying change 247079863
10-26 19:50:30.972   362   362 W System  : No Compatibility callbacks set! Querying change 247079863
10-26 19:50:30.972   362   362 W System  : No Compatibility callbacks set! Querying change 247079863
10-26 19:50:30.973   362   362 W System  : No Compatibility callbacks set! Querying change 247079863
10-26 19:50:30.973   362   362 W System  : No Compatibility callbacks set! Querying change 247079863
10-26 19:50:30.974   362   362 W System  : No Compatibility callbacks set! Querying change 247079863
10-26 19:50:30.975   362   362 W System  : No Compatibility callbacks set! Querying change 247079863
10-26 19:50:30.975   362   362 W System  : No Compatibility callbacks set! Querying change 247079863
10-26 19:50:30.976   362   362 W System  : No Compatibility callbacks set! Querying change 247079863
10-26 19:50:30.976   362   362 W System  : No Compatibility callbacks set! Querying change 247079863
10-26 19:50:30.977   362   362 W System  : No Compatibility callbacks set! Querying change 247079863
10-26 19:50:30.977   362   362 W System  : No Compatibility callbacks set! Querying change 247079863
10-26 19:50:30.977   362   362 W System  : No Compatibility callbacks set! Querying change 247079863
10-26 19:50:30.978   362   362 W System  : No Compatibility callbacks set! Querying change 247079863
10-26 19:50:30.978   362   362 W System  : No Compatibility callbacks set! Querying change 247079863
10-26 19:50:30.978   362   362 W System  : No Compatibility callbacks set! Querying change 247079863
10-26 19:50:30.978   362   362 W System  : No Compatibility callbacks set! Querying change 247079863
10-26 19:50:30.978   362   362 W System  : No Compatibility callbacks set! Querying change 247079863
10-26 19:50:30.978   362   362 W System  : No Compatibility callbacks set! Querying change 247079863
10-26 19:50:30.978   362   362 W System  : No Compatibility callbacks set! Querying change 247079863
10-26 19:50:30.978   362   362 W System  : No Compatibility callbacks set! Querying change 247079863
10-26 19:50:30.978   362   362 W System  : No Compatibility callbacks set! Querying change 247079863
10-26 19:50:30.978   362   362 W System  : No Compatibility callbacks set! Querying change 247079863
10-26 19:50:30.978   362   362 W System  : No Compatibility callbacks set! Querying change 247079863
10-26 19:50:30.978   362   362 W System  : No Compatibility callbacks set! Querying change 247079863
10-26 19:50:30.978   362   362 W System  : No Compatibility callbacks set! Querying change 247079863
10-26 19:50:30.979   362   362 W System  : No Compatibility callbacks set! Querying change 247079863
10-26 19:50:30.979   362   362 W System  : No Compatibility callbacks set! Querying change 247079863
10-26 19:50:30.979   362   362 W System  : No Compatibility callbacks set! Querying change 247079863
10-26 19:50:30.979   362   362 W System  : No Compatibility callbacks set! Querying change 247079863
10-26 19:50:30.979   362   362 W System  : No Compatibility callbacks set! Querying change 247079863
10-26 19:50:30.979   362   362 W System  : No Compatibility callbacks set! Querying change 247079863
10-26 19:50:30.979   362   362 W System  : No Compatibility callbacks set! Querying change 247079863
10-26 19:50:30.979   362   362 W System  : No Compatibility callbacks set! Querying change 247079863
10-26 19:50:30.979   362   362 W System  : No Compatibility callbacks set! Querying change 247079863
10-26 19:50:30.979   362   362 W System  : No Compatibility callbacks set! Querying change 247079863
10-26 19:50:30.979   362   362 W System  : No Compatibility callbacks set! Querying change 247079863
10-26 19:50:30.979   362   362 W System  : No Compatibility callbacks set! Querying change 247079863
10-26 19:50:30.979   362   362 W System  : No Compatibility callbacks set! Querying change 247079863
10-26 19:50:30.980   362   362 W System  : No Compatibility callbacks set! Querying change 247079863
10-26 19:50:30.980   362   362 W System  : No Compatibility callbacks set! Querying change 247079863
10-26 19:50:30.980   362   362 W System  : No Compatibility callbacks set! Querying change 247079863
10-26 19:50:30.980   362   362 W System  : No Compatibility callbacks set! Querying change 247079863
